Archive member included to satisfy reference by file (symbol)

.\CortexM3\ARM_GCC_541\Debug\EGasPedal.a(CyDmac.o)
                              .\CortexM3\ARM_GCC_541\Debug\Cm3Start.o (CyDmacConfigure)
.\CortexM3\ARM_GCC_541\Debug\EGasPedal.a(CyLib.o)
                              .\CortexM3\ARM_GCC_541\Debug\Cm3Start.o (CyHalt)
.\CortexM3\ARM_GCC_541\Debug\EGasPedal.a(cyPm.o)
                              .\CortexM3\ARM_GCC_541\Debug\EGasPedal.a(CyLib.o) (CyPmReadStatus)
.\CortexM3\ARM_GCC_541\Debug\EGasPedal.a(ErikaOS_1_ee_activate.o)
                              .\CortexM3\ARM_GCC_541\Debug\main.o (EE_oo_ActivateTask)
.\CortexM3\ARM_GCC_541\Debug\EGasPedal.a(ErikaOS_1_ee_alsetrel.o)
                              .\CortexM3\ARM_GCC_541\Debug\main.o (EE_oo_SetRelAlarm)
.\CortexM3\ARM_GCC_541\Debug\EGasPedal.a(ErikaOS_1_ee_altick.o)
                              .\CortexM3\ARM_GCC_541\Debug\EGasPedal.a(ErikaOS_1_ee_alsetrel.o) (EE_oo_counter_object_insert)
.\CortexM3\ARM_GCC_541\Debug\EGasPedal.a(ErikaOS_1_ee_evclear.o)
                              .\CortexM3\ARM_GCC_541\Debug\tsk_control.o (EE_oo_ClearEvent)
.\CortexM3\ARM_GCC_541\Debug\EGasPedal.a(ErikaOS_1_ee_evget.o)
                              .\CortexM3\ARM_GCC_541\Debug\tsk_control.o (EE_oo_GetEvent)
.\CortexM3\ARM_GCC_541\Debug\EGasPedal.a(ErikaOS_1_ee_evset.o)
                              .\CortexM3\ARM_GCC_541\Debug\main.o (EE_oo_SetEvent)
.\CortexM3\ARM_GCC_541\Debug\EGasPedal.a(ErikaOS_1_ee_evwait.o)
                              .\CortexM3\ARM_GCC_541\Debug\tsk_control.o (EE_oo_WaitEvent)
.\CortexM3\ARM_GCC_541\Debug\EGasPedal.a(ErikaOS_1_ee_irqendin.o)
                              .\CortexM3\ARM_GCC_541\Debug\main.o (EE_IRQ_end_post_stub)
.\CortexM3\ARM_GCC_541\Debug\EGasPedal.a(ErikaOS_1_ee_lookup.o)
                              .\CortexM3\ARM_GCC_541\Debug\EGasPedal.a(ErikaOS_1_ee_irqendin.o) (EE_oo_IRQ_disable_count)
.\CortexM3\ARM_GCC_541\Debug\EGasPedal.a(ErikaOS_1_ee_rq_exchg.o)
                              .\CortexM3\ARM_GCC_541\Debug\EGasPedal.a(ErikaOS_1_ee_activate.o) (EE_rq2stk_exchange)
.\CortexM3\ARM_GCC_541\Debug\EGasPedal.a(ErikaOS_1_ee_rq_first.o)
                              .\CortexM3\ARM_GCC_541\Debug\EGasPedal.a(ErikaOS_1_ee_activate.o) (EE_rq_queryfirst)
.\CortexM3\ARM_GCC_541\Debug\EGasPedal.a(ErikaOS_1_ee_rq_inser.o)
                              .\CortexM3\ARM_GCC_541\Debug\EGasPedal.a(ErikaOS_1_ee_activate.o) (EE_rq_insert)
.\CortexM3\ARM_GCC_541\Debug\EGasPedal.a(ErikaOS_1_ee_shtdown.o)
                              .\CortexM3\ARM_GCC_541\Debug\main.o (EE_oo_ShutdownOS)
.\CortexM3\ARM_GCC_541\Debug\EGasPedal.a(ErikaOS_1_ee_startos.o)
                              .\CortexM3\ARM_GCC_541\Debug\EGasPedal.a(ErikaOS_1_ee_shtdown.o) (EE_oo_started)
.\CortexM3\ARM_GCC_541\Debug\EGasPedal.a(ErikaOS_1_ee_terminat.o)
                              .\CortexM3\ARM_GCC_541\Debug\main.o (EE_oo_TerminateTask)
.\CortexM3\ARM_GCC_541\Debug\EGasPedal.a(ErikaOS_1_cortex_mx_ee_utils.o)
                              .\CortexM3\ARM_GCC_541\Debug\main.o (EE_system_init)
.\CortexM3\ARM_GCC_541\Debug\EGasPedal.a(ErikaOS_1_common_ee_hal_structs.o)
                              .\CortexM3\ARM_GCC_541\Debug\EGasPedal.a(ErikaOS_1_ee_irqendin.o) (EE_std_endcycle_next_tid)
.\CortexM3\ARM_GCC_541\Debug\EGasPedal.a(ErikaOS_1_eecfg.o)
                              .\CortexM3\ARM_GCC_541\Debug\EGasPedal.a(ErikaOS_1_ee_startos.o) (EE_oo_autostart_task_data)
.\CortexM3\ARM_GCC_541\Debug\EGasPedal.a(Joystick_ADC.o)
                              .\CortexM3\ARM_GCC_541\Debug\joystick.o (Joystick_ADC_Start)
.\CortexM3\ARM_GCC_541\Debug\EGasPedal.a(Joystick_ADC_INT.o)
                              .\CortexM3\ARM_GCC_541\Debug\EGasPedal.a(Joystick_ADC.o) (Joystick_ADC_ISR)
.\CortexM3\ARM_GCC_541\Debug\EGasPedal.a(Joystick_ADC_SAR.o)
                              .\CortexM3\ARM_GCC_541\Debug\EGasPedal.a(Joystick_ADC.o) (Joystick_ADC_SAR_shift)
.\CortexM3\ARM_GCC_541\Debug\EGasPedal.a(Joystick_ADC_TempBuf_dma.o)
                              .\CortexM3\ARM_GCC_541\Debug\EGasPedal.a(Joystick_ADC.o) (Joystick_ADC_TempBuf_DmaInitialize)
.\CortexM3\ARM_GCC_541\Debug\EGasPedal.a(Joystick_ADC_FinalBuf_dma.o)
                              .\CortexM3\ARM_GCC_541\Debug\EGasPedal.a(Joystick_ADC.o) (Joystick_ADC_FinalBuf_DmaInitialize)
.\CortexM3\ARM_GCC_541\Debug\EGasPedal.a(Joystick_ADC_IRQ.o)
                              .\CortexM3\ARM_GCC_541\Debug\EGasPedal.a(Joystick_ADC.o) (Joystick_ADC_IRQ_SetVector)
.\CortexM3\ARM_GCC_541\Debug\EGasPedal.a(RGB_PWM_green.o)
                              .\CortexM3\ARM_GCC_541\Debug\pwm.o (RGB_PWM_green_WriteCompare)
.\CortexM3\ARM_GCC_541\Debug\EGasPedal.a(LED_red.o)
                              .\CortexM3\ARM_GCC_541\Debug\sc_brakelight_type.o (LED_red_Write)
.\CortexM3\ARM_GCC_541\Debug\EGasPedal.a(UART_LOG.o)
                              .\CortexM3\ARM_GCC_541\Debug\main.o (UART_LOG_Start)
[...]
Memory Configuration

Name             Origin             Length             Attributes
rom              0x00000000         0x00040000         xr
ram              0x1fff8000         0x00010000         xrw
*default*        0x00000000         0xffffffff

Linker script and memory map

LOAD c:/program files (x86)/cypress/psoc creator/4.4/psoc creator/import/gnu/arm/5.4.1/bin/../lib/gcc/arm-none-eabi/5.4.1/armv7-m/crti.o
LOAD c:/program files (x86)/cypress/psoc creator/4.4/psoc creator/import/gnu/arm/5.4.1/bin/../lib/gcc/arm-none-eabi/5.4.1/armv7-m/crtbegin.o
LOAD c:/program files (x86)/cypress/psoc creator/4.4/psoc creator/import/gnu/arm/5.4.1/bin/../lib/gcc/arm-none-eabi/5.4.1/../../../../arm-none-eabi/lib/armv7-m/crt0.o
START GROUP
LOAD .\CortexM3\ARM_GCC_541\Debug\main.o
LOAD .\CortexM3\ARM_GCC_541\Debug\swc_brakelight.o
LOAD .\CortexM3\ARM_GCC_541\Debug\swc_control.o
LOAD .\CortexM3\ARM_GCC_541\Debug\swc_engine.o
LOAD .\CortexM3\ARM_GCC_541\Debug\swc_joystick.o
LOAD .\CortexM3\ARM_GCC_541\Debug\tsk_io.o
LOAD .\CortexM3\ARM_GCC_541\Debug\tsk_system.o
LOAD .\CortexM3\ARM_GCC_541\Debug\tsk_control.o
LOAD .\CortexM3\ARM_GCC_541\Debug\joystick.o
LOAD .\CortexM3\ARM_GCC_541\Debug\pwm.o
LOAD .\CortexM3\ARM_GCC_541\Debug\watchdog.o
LOAD .\CortexM3\ARM_GCC_541\Debug\rte.o
LOAD .\CortexM3\ARM_GCC_541\Debug\sc_brakelight.o
LOAD .\CortexM3\ARM_GCC_541\Debug\sc_brakelight_type.o
LOAD .\CortexM3\ARM_GCC_541\Debug\sc_engine.o
LOAD .\CortexM3\ARM_GCC_541\Debug\sc_engine_type.o
LOAD .\CortexM3\ARM_GCC_541\Debug\sc_joystick.o
LOAD .\CortexM3\ARM_GCC_541\Debug\sc_joystick_type.o
LOAD .\CortexM3\ARM_GCC_541\Debug\sc_speed.o
LOAD .\CortexM3\ARM_GCC_541\Debug\sp_common.o
LOAD .\CortexM3\ARM_GCC_541\Debug\cyfitter_cfg.o
LOAD .\CortexM3\ARM_GCC_541\Debug\cymetadata.o
LOAD .\CortexM3\ARM_GCC_541\Debug\Cm3Start.o
LOAD .\CortexM3\ARM_GCC_541\Debug\EGasPedal.a
LOAD C:\Program Files (x86)\Cypress\PSoC Creator\4.4\PSoC Creator\psoc\content\cycomponentlibrary\CyComponentLibrary.cylib\CortexM3\ARM_GCC_541\Debug\CyComponentLibrary.a
END GROUP
START GROUP
LOAD c:/program files (x86)/cypress/psoc creator/4.4/psoc creator/import/gnu/arm/5.4.1/bin/../lib/gcc/arm-none-eabi/5.4.1/armv7-m\libgcc.a
LOAD c:/program files (x86)/cypress/psoc creator/4.4/psoc creator/import/gnu/arm/5.4.1/bin/../lib/gcc/arm-none-eabi/5.4.1/../../../../arm-none-eabi/lib/armv7-m\libg_nano.a
LOAD c:/program files (x86)/cypress/psoc creator/4.4/psoc creator/import/gnu/arm/5.4.1/bin/../lib/gcc/arm-none-eabi/5.4.1/../../../../arm-none-eabi/lib/armv7-m\libc_nano.a
END GROUP
START GROUP
LOAD c:/program files (x86)/cypress/psoc creator/4.4/psoc creator/import/gnu/arm/5.4.1/bin/../lib/gcc/arm-none-eabi/5.4.1/armv7-m\libgcc.a
LOAD c:/program files (x86)/cypress/psoc creator/4.4/psoc creator/import/gnu/arm/5.4.1/bin/../lib/gcc/arm-none-eabi/5.4.1/../../../../arm-none-eabi/lib/armv7-m\libc_nano.a
END GROUP
LOAD c:/program files (x86)/cypress/psoc creator/4.4/psoc creator/import/gnu/arm/5.4.1/bin/../lib/gcc/arm-none-eabi/5.4.1/armv7-m/crtend.o
LOAD c:/program files (x86)/cypress/psoc creator/4.4/psoc creator/import/gnu/arm/5.4.1/bin/../lib/gcc/arm-none-eabi/5.4.1/armv7-m/crtn.o
START GROUP
LOAD c:/program files (x86)/cypress/psoc creator/4.4/psoc creator/import/gnu/arm/5.4.1/bin/../lib/gcc/arm-none-eabi/5.4.1/armv7-m\libgcc.a
LOAD c:/program files (x86)/cypress/psoc creator/4.4/psoc creator/import/gnu/arm/5.4.1/bin/../lib/gcc/arm-none-eabi/5.4.1/../../../../arm-none-eabi/lib/armv7-m\libc.a
LOAD c:/program files (x86)/cypress/psoc creator/4.4/psoc creator/import/gnu/arm/5.4.1/bin/../lib/gcc/arm-none-eabi/5.4.1/../../../../arm-none-eabi/lib/armv7-m\libnosys.a
END GROUP
                0x00000000                CY_APPL_ORIGIN = 0x0
                0x00000100                CY_FLASH_ROW_SIZE = 0x100
                0x00000020                CY_ECC_ROW_SIZE = 0x20
                0x00000000                CY_EE_IN_BTLDR = 0x0
                0x00000000                CY_APPL_LOADABLE = 0x0
                0x00000800                CY_EE_SIZE = 0x800
                0x00000001                CY_APPL_NUM = 0x1
                0x00000001                CY_APPL_MAX = 0x1
                0x00000040                CY_METADATA_SIZE = 0x40
                0x00000000                CY_APPL_LOADABLE = 0x0
                0x00000000                CY_CHECKSUM_EXCLUDE_SIZE = ALIGN (0x0, CY_FLASH_ROW_SIZE)
                [!provide]                PROVIDE (__cy_heap_start, _end)
                0x00000001                PROVIDE (__cy_region_num, ((__cy_regions_end - __cy_regions) / 0x10))
                0x20008000                PROVIDE (__cy_stack, (ORIGIN (ram) + LENGTH (ram)))
                [!provide]                PROVIDE (__cy_heap_end, (__cy_stack - 0x800))

.cybootloader   0x00000000        0x0
 *(.cybootloader)
                0x00000000                appl1_start = CY_APPL_ORIGIN?CY_APPL_ORIGIN:ALIGN (CY_FLASH_ROW_SIZE)
                0x0001ff00                appl2_start = (appl1_start + ALIGN ((((LENGTH (rom) - appl1_start) - (0x2 * CY_FLASH_ROW_SIZE)) / 0x2), CY_FLASH_ROW_SIZE))
                0x00000000                appl_start = (CY_APPL_NUM == 0x1)?appl1_start:appl2_start
                0x00000000                ecc_offset = ((appl_start / CY_FLASH_ROW_SIZE) * CY_ECC_ROW_SIZE)
                0x00000000                ee_offset = (CY_APPL_LOADABLE && ! (CY_EE_IN_BTLDR))?((CY_EE_SIZE / CY_APPL_MAX) * (CY_APPL_NUM - 0x1)):0x0
                0x00000800                ee_size = (CY_APPL_LOADABLE && ! (CY_EE_IN_BTLDR))?(CY_EE_SIZE / CY_APPL_MAX):CY_EE_SIZE
                [!provide]                PROVIDE (CY_ECC_OFFSET, ecc_offset)

.text           0x00000000     0x20c0
 CREATE_OBJECT_SYMBOLS
                0x00000000                PROVIDE (__cy_interrupt_vector, RomVectors)
 *(.romvectors)
 .romvectors    0x00000000       0x10 .\CortexM3\ARM_GCC_541\Debug\Cm3Start.o
                0x00000000                RomVectors
                0x00000001                ASSERT ((. != __cy_interrupt_vector), No interrupt vector)
                0x00000001                ASSERT (CY_APPL_ORIGIN?(SIZEOF (.cybootloader) <= CY_APPL_ORIGIN):0x1, Wrong image location)
                0x00000010                PROVIDE (__cy_reset, Reset)
 *(.text.Reset)
 .text.Reset    0x00000010       0x18 .\CortexM3\ARM_GCC_541\Debug\Cm3Start.o
                0x00000010                Reset
                0x00000001                ASSERT ((. != __cy_reset), No reset code)
 *(.dma_init)
                0x00000001                ASSERT ((((appl_start + .) <= 0x10000) || 0x1), DMA Init must be within the first 64k of flash)
 *(.text .text.* .gnu.linkonce.t.*)
 .text          0x00000028       0x5c c:/program files (x86)/cypress/psoc creator/4.4/psoc creator/import/gnu/arm/5.4.1/bin/../lib/gcc/arm-none-eabi/5.4.1/armv7-m/crtbegin.o
 .text.ISR2_systick_handler
                0x00000084        0xc .\CortexM3\ARM_GCC_541\Debug\main.o
                0x00000084                ISR2_systick_handler
 .text.systick_handler
                0x00000090       0x98 .\CortexM3\ARM_GCC_541\Debug\main.o
                0x00000090                systick_handler
 .text.main     0x00000128       0x2c .\CortexM3\ARM_GCC_541\Debug\main.o
                0x00000128                main
 .text.Functsk_init
                0x00000154       0x58 .\CortexM3\ARM_GCC_541\Debug\main.o
                0x00000154                Functsk_init
 .text.Alr_CallBack
                0x000001ac       0x18 .\CortexM3\ARM_GCC_541\Debug\main.o
                0x000001ac                Alr_CallBack
 .text.Functsk_background
                0x000001c4       0x1c .\CortexM3\ARM_GCC_541\Debug\main.o
                0x000001c4                Functsk_background
 .text.ISR2_isr_button_reset
                0x000001e0       0x14 .\CortexM3\ARM_GCC_541\Debug\main.o
                0x000001e0                ISR2_isr_button_reset
 .text.isr_button_reset
                0x000001f4       0x98 .\CortexM3\ARM_GCC_541\Debug\main.o
                0x000001f4                isr_button_reset
 .text.BRAKELIGHT_setBrakeLight_run
                0x0000028c       0x64 .\CortexM3\ARM_GCC_541\Debug\swc_brakelight.o
                0x0000028c                BRAKELIGHT_setBrakeLight_run
 .text.CONTROL_calcControl_run
                0x000002f0       0x6c .\CortexM3\ARM_GCC_541\Debug\swc_control.o
                0x000002f0                CONTROL_calcControl_run
 .text.ENGINE_setEngine_run
                0x0000035c       0x74 .\CortexM3\ARM_GCC_541\Debug\swc_engine.o
                0x0000035c                ENGINE_setEngine_run
 .text.JOYSTICK_readJoystick_run
                0x000003d0       0x94 .\CortexM3\ARM_GCC_541\Debug\swc_joystick.o
                0x000003d0                JOYSTICK_readJoystick_run
 .text.Functsk_io
                0x00000464       0x2c .\CortexM3\ARM_GCC_541\Debug\tsk_io.o
                0x00000464                Functsk_io
 .text.Functsk_system
                0x00000490       0x10 .\CortexM3\ARM_GCC_541\Debug\tsk_system.o
                0x00000490                Functsk_system
 .text.Functsk_control
                0x000004a0       0x2c .\CortexM3\ARM_GCC_541\Debug\tsk_control.o
                0x000004a0                Functsk_control
 .text.JOYSTICK_Init
                0x000004cc       0x10 .\CortexM3\ARM_GCC_541\Debug\joystick.o
                0x000004cc                JOYSTICK_Init
 .text.JOYSTICK_ReadPosition
                0x000004dc       0x3c .\CortexM3\ARM_GCC_541\Debug\joystick.o
                0x000004dc                JOYSTICK_ReadPosition
 .text.PWM_Init
                0x00000518       0x10 .\CortexM3\ARM_GCC_541\Debug\pwm.o
                0x00000518                PWM_Init
 .text.PWM_RGB_SET
                0x00000528        0xc .\CortexM3\ARM_GCC_541\Debug\pwm.o
                0x00000528                PWM_RGB_SET
 .text.WD_Start
                0x00000534        0xc .\CortexM3\ARM_GCC_541\Debug\watchdog.o
                0x00000534                WD_Start
 .text.WD_Trigger
                0x00000540        0xc .\CortexM3\ARM_GCC_541\Debug\watchdog.o
                0x00000540                WD_Trigger
 .text.WD_CheckResetBit
                0x0000054c       0x14 .\CortexM3\ARM_GCC_541\Debug\watchdog.o
                0x0000054c                WD_CheckResetBit
 .text.WD_Alive
                0x00000560       0x18 .\CortexM3\ARM_GCC_541\Debug\watchdog.o
                0x00000560                WD_Alive
 .text.RTE_ProcessCyclicTable
                0x00000578       0x30 .\CortexM3\ARM_GCC_541\Debug\rte.o
                0x00000578                RTE_ProcessCyclicTable
 .text.RTE_ProcessEventTable
                0x000005a8       0x28 .\CortexM3\ARM_GCC_541\Debug\rte.o
                0x000005a8                RTE_ProcessEventTable
 .text.SC_BRAKELIGHT_driverOut
                0x000005d0        0xc .\CortexM3\ARM_GCC_541\Debug\sc_brakelight_type.o
                0x000005d0                SC_BRAKELIGHT_driverOut
 .text.SC_ENGINE_driverOut
                0x000005dc       0x14 .\CortexM3\ARM_GCC_541\Debug\sc_engine_type.o
                0x000005dc                SC_ENGINE_driverOut
 .text.SC_JOYSTICK_driverIn
                0x000005f0        0xc .\CortexM3\ARM_GCC_541\Debug\sc_joystick_type.o
                0x000005f0                SC_JOYSTICK_driverIn
 .text.RTE_timertick_sp_common_tick
                0x000005fc       0x7c .\CortexM3\ARM_GCC_541\Debug\sp_common.o
                0x000005fc                RTE_timertick_sp_common_tick
 .text.CyClockStartupError
                0x00000678        0x4 .\CortexM3\ARM_GCC_541\Debug\cyfitter_cfg.o
 .text.cfg_write_bytes32
                0x0000067c       0x34 .\CortexM3\ARM_GCC_541\Debug\cyfitter_cfg.o
 .text.CYMEMZERO
                0x000006b0        0xc .\CortexM3\ARM_GCC_541\Debug\cyfitter_cfg.o
 .text.ClockSetup
                0x000006bc       0xd0 .\CortexM3\ARM_GCC_541\Debug\cyfitter_cfg.o
 .text.AnalogSetDefault
                0x0000078c       0x7c .\CortexM3\ARM_GCC_541\Debug\cyfitter_cfg.o
 .text.CYCONFIGCPY
                0x00000808        0x8 .\CortexM3\ARM_GCC_541\Debug\cyfitter_cfg.o
 .text.cyfitter_cfg
                0x00000810      0x140 .\CortexM3\ARM_GCC_541\Debug\cyfitter_cfg.o
                0x00000810                cyfitter_cfg
 .text.IntDefaultHandler
                0x00000950       0x10 .\CortexM3\ARM_GCC_541\Debug\Cm3Start.o
                0x00000950                IntDefaultHandler
 .text.Start_c  0x00000960       0x4c .\CortexM3\ARM_GCC_541\Debug\Cm3Start.o
                0x00000960                Start_c
 .text.initialize_psoc
                0x000009ac       0x6c .\CortexM3\ARM_GCC_541\Debug\Cm3Start.o
                0x000009ac                initialize_psoc
 .text.CyDmacConfigure
                0x00000a18       0x34 .\CortexM3\ARM_GCC_541\Debug\EGasPedal.a(CyDmac.o)
                0x00000a18                CyDmacConfigure
 .text.CyDmaChEnable
                0x00000a4c       0x38 .\CortexM3\ARM_GCC_541\Debug\EGasPedal.a(CyDmac.o)
                0x00000a4c                CyDmaChEnable
 .text.CyDmaClearPendingDrq
                0x00000a84       0x28 .\CortexM3\ARM_GCC_541\Debug\EGasPedal.a(CyDmac.o)
                0x00000a84                CyDmaClearPendingDrq
 .text.CyDmaChPriority
                0x00000aac       0x24 .\CortexM3\ARM_GCC_541\Debug\EGasPedal.a(CyDmac.o)
                0x00000aac                CyDmaChPriority
 .text.CyDmaChSetExtendedAddress
                0x00000ad0       0x34 .\CortexM3\ARM_GCC_541\Debug\EGasPedal.a(CyDmac.o)
                0x00000ad0                CyDmaChSetExtendedAddress
 .text.CyDmaChSetInitialTd
                0x00000b04       0x18 .\CortexM3\ARM_GCC_541\Debug\EGasPedal.a(CyDmac.o)
                0x00000b04                CyDmaChSetInitialTd
 .text.CyDmaChSetConfiguration
                0x00000b1c       0x44 .\CortexM3\ARM_GCC_541\Debug\EGasPedal.a(CyDmac.o)
                0x00000b1c                CyDmaChSetConfiguration
 .text.CyDmaTdAllocate
                0x00000b60       0x34 .\CortexM3\ARM_GCC_541\Debug\EGasPedal.a(CyDmac.o)
                0x00000b60                CyDmaTdAllocate
 .text.CyDmaTdSetConfiguration
                0x00000b94       0x28 .\CortexM3\ARM_GCC_541\Debug\EGasPedal.a(CyDmac.o)
                0x00000b94                CyDmaTdSetConfiguration
 .text.CyDmaTdSetAddress
                0x00000bbc       0x1c .\CortexM3\ARM_GCC_541\Debug\EGasPedal.a(CyDmac.o)
                0x00000bbc                CyDmaTdSetAddress
 .text.CyHalt   0x00000bd8        0x4 .\CortexM3\ARM_GCC_541\Debug\EGasPedal.a(CyLib.o)
                0x00000bd8                CyHalt
 .text.CyDelayUs
                0x00000bdc       0x14 .\CortexM3\ARM_GCC_541\Debug\EGasPedal.a(CyLib.o)
                0x00000bdc                CyDelayUs
 .text.CyWdtStart
                0x00000bf0       0x40 .\CortexM3\ARM_GCC_541\Debug\EGasPedal.a(CyLib.o)
                0x00000bf0                CyWdtStart
 .text.CyWdtClear
                0x00000c30        0xc .\CortexM3\ARM_GCC_541\Debug\EGasPedal.a(CyLib.o)
                0x00000c30                CyWdtClear
 .text.CyIntSetPriority
                0x00000c3c       0x30 .\CortexM3\ARM_GCC_541\Debug\EGasPedal.a(CyLib.o)
                0x00000c3c                CyIntSetPriority
 .text.EE_oo_ActivateTask
                0x00000c6c       0xe8 .\CortexM3\ARM_GCC_541\Debug\EGasPedal.a(ErikaOS_1_ee_activate.o)
                0x00000c6c                EE_oo_ActivateTask
 .text.EE_oo_SetRelAlarm
                0x00000d54       0x80 .\CortexM3\ARM_GCC_541\Debug\EGasPedal.a(ErikaOS_1_ee_alsetrel.o)
                0x00000d54                EE_oo_SetRelAlarm
 .text.EE_oo_handle_action_callback
                0x00000dd4        0xc .\CortexM3\ARM_GCC_541\Debug\EGasPedal.a(ErikaOS_1_ee_altick.o)
 .text.EE_oo_handle_action_task
                0x00000de0       0x4c .\CortexM3\ARM_GCC_541\Debug\EGasPedal.a(ErikaOS_1_ee_altick.o)
 .text.EE_oo_handle_action_event
                0x00000e2c       0x60 .\CortexM3\ARM_GCC_541\Debug\EGasPedal.a(ErikaOS_1_ee_altick.o)
 .text.EE_oo_handle_action
                0x00000e8c       0x28 .\CortexM3\ARM_GCC_541\Debug\EGasPedal.a(ErikaOS_1_ee_altick.o)
 .text.EE_oo_counter_object_insert
                0x00000eb4       0x9c .\CortexM3\ARM_GCC_541\Debug\EGasPedal.a(ErikaOS_1_ee_altick.o)
                0x00000eb4                EE_oo_counter_object_insert
 .text.EE_oo_IncrementCounterImplementation
                0x00000f50      0x100 .\CortexM3\ARM_GCC_541\Debug\EGasPedal.a(ErikaOS_1_ee_altick.o)
                0x00000f50                EE_oo_IncrementCounterImplementation
 .text.EE_oo_IncrementCounter
                0x00001050       0xb0 .\CortexM3\ARM_GCC_541\Debug\EGasPedal.a(ErikaOS_1_ee_altick.o)
                0x00001050                EE_oo_IncrementCounter
 .text.EE_oo_ClearEvent
                0x00001100       0x5c .\CortexM3\ARM_GCC_541\Debug\EGasPedal.a(ErikaOS_1_ee_evclear.o)
                0x00001100                EE_oo_ClearEvent
 .text.EE_oo_GetEvent
                0x0000115c       0x40 .\CortexM3\ARM_GCC_541\Debug\EGasPedal.a(ErikaOS_1_ee_evget.o)
                0x0000115c                EE_oo_GetEvent
 .text.EE_oo_SetEvent
                0x0000119c      0x100 .\CortexM3\ARM_GCC_541\Debug\EGasPedal.a(ErikaOS_1_ee_evset.o)
                0x0000119c                EE_oo_SetEvent
 .text.EE_oo_WaitEvent
                0x0000129c      0x110 .\CortexM3\ARM_GCC_541\Debug\EGasPedal.a(ErikaOS_1_ee_evwait.o)
                0x0000129c                EE_oo_WaitEvent
 .text.EE_IRQ_run_next_task
                0x000013ac       0x30 .\CortexM3\ARM_GCC_541\Debug\EGasPedal.a(ErikaOS_1_ee_irqendin.o)
 .text.EE_IRQ_end_instance
                0x000013dc       0x68 .\CortexM3\ARM_GCC_541\Debug\EGasPedal.a(ErikaOS_1_ee_irqendin.o)
                0x000013dc                EE_IRQ_end_instance
 .text.EE_IRQ_end_post_stub
                0x00001444       0x14 .\CortexM3\ARM_GCC_541\Debug\EGasPedal.a(ErikaOS_1_ee_irqendin.o)
                0x00001444                EE_IRQ_end_post_stub
 .text.EE_rq2stk_exchange
                0x00001458       0x88 .\CortexM3\ARM_GCC_541\Debug\EGasPedal.a(ErikaOS_1_ee_rq_exchg.o)
                0x00001458                EE_rq2stk_exchange
 .text.EE_rq_queryfirst
                0x000014e0       0x44 .\CortexM3\ARM_GCC_541\Debug\EGasPedal.a(ErikaOS_1_ee_rq_first.o)
                0x000014e0                EE_rq_queryfirst
 .text.EE_rq_insert
                0x00001524       0x74 .\CortexM3\ARM_GCC_541\Debug\EGasPedal.a(ErikaOS_1_ee_rq_inser.o)
                0x00001524                EE_rq_insert
 .text.EE_oo_shutdown
                0x00001598        0xc .\CortexM3\ARM_GCC_541\Debug\EGasPedal.a(ErikaOS_1_ee_shtdown.o)
 .text.EE_oo_ShutdownOS_internal
                0x000015a4        0x8 .\CortexM3\ARM_GCC_541\Debug\EGasPedal.a(ErikaOS_1_ee_shtdown.o)
                0x000015a4                EE_oo_ShutdownOS_internal
 .text.EE_oo_ShutdownOS
                0x000015ac        0x8 .\CortexM3\ARM_GCC_541\Debug\EGasPedal.a(ErikaOS_1_ee_shtdown.o)
                0x000015ac                EE_oo_ShutdownOS
 .text.compute_task_tid
                0x000015b4       0x10 .\CortexM3\ARM_GCC_541\Debug\EGasPedal.a(ErikaOS_1_ee_startos.o)
 .text.EE_oo_start_os
                0x000015c4        0xc .\CortexM3\ARM_GCC_541\Debug\EGasPedal.a(ErikaOS_1_ee_startos.o)
 .text.EE_oo_autostart_tasks
                0x000015d0       0x60 .\CortexM3\ARM_GCC_541\Debug\EGasPedal.a(ErikaOS_1_ee_startos.o)
 .text.EE_oo_autostart_os
                0x00001630        0xc .\CortexM3\ARM_GCC_541\Debug\EGasPedal.a(ErikaOS_1_ee_startos.o)
 .text.EE_oo_StartOS
                0x0000163c       0x8c .\CortexM3\ARM_GCC_541\Debug\EGasPedal.a(ErikaOS_1_ee_startos.o)
                0x0000163c                EE_oo_StartOS
 .text.EE_oo_TerminateTask
                0x000016c8       0x3c .\CortexM3\ARM_GCC_541\Debug\EGasPedal.a(ErikaOS_1_ee_terminat.o)
                0x000016c8                EE_oo_TerminateTask
 .text.EE_system_init
                0x00001704       0x48 .\CortexM3\ARM_GCC_541\Debug\EGasPedal.a(ErikaOS_1_cortex_mx_ee_utils.o)
                0x00001704                EE_system_init
 .text.Joystick_ADC_Init
                0x0000174c       0x3c .\CortexM3\ARM_GCC_541\Debug\EGasPedal.a(Joystick_ADC.o)
                0x0000174c                Joystick_ADC_Init
 .text.Joystick_ADC_Enable
                0x00001788       0xcc .\CortexM3\ARM_GCC_541\Debug\EGasPedal.a(Joystick_ADC.o)
                0x00001788                Joystick_ADC_Enable
 .text.Joystick_ADC_Start
                0x00001854       0x28 .\CortexM3\ARM_GCC_541\Debug\EGasPedal.a(Joystick_ADC.o)
                0x00001854                Joystick_ADC_Start
 .text.Joystick_ADC_StartConvert
                0x0000187c        0x8 .\CortexM3\ARM_GCC_541\Debug\EGasPedal.a(Joystick_ADC.o)
                0x0000187c                Joystick_ADC_StartConvert
 .text.Joystick_ADC_IsEndConversion
                0x00001884       0x18 .\CortexM3\ARM_GCC_541\Debug\EGasPedal.a(Joystick_ADC.o)
                0x00001884                Joystick_ADC_IsEndConversion
 .text.Joystick_ADC_GetResult16
                0x0000189c       0x1c .\CortexM3\ARM_GCC_541\Debug\EGasPedal.a(Joystick_ADC.o)
                0x0000189c                Joystick_ADC_GetResult16
 .text.Joystick_ADC_ISR
                0x000018b8        0x4 .\CortexM3\ARM_GCC_541\Debug\EGasPedal.a(Joystick_ADC_INT.o)
                0x000018b8                Joystick_ADC_ISR
 .text.Joystick_ADC_SAR_CalcGain
                0x000018bc       0x64 .\CortexM3\ARM_GCC_541\Debug\EGasPedal.a(Joystick_ADC_SAR.o)
 .text.Joystick_ADC_SAR_Enable
                0x00001920       0x78 .\CortexM3\ARM_GCC_541\Debug\EGasPedal.a(Joystick_ADC_SAR.o)
                0x00001920                Joystick_ADC_SAR_Enable
 .text.Joystick_ADC_SAR_SetResolution
                0x00001998       0x38 .\CortexM3\ARM_GCC_541\Debug\EGasPedal.a(Joystick_ADC_SAR.o)
                0x00001998                Joystick_ADC_SAR_SetResolution
 .text.Joystick_ADC_SAR_Init
                0x000019d0       0x24 .\CortexM3\ARM_GCC_541\Debug\EGasPedal.a(Joystick_ADC_SAR.o)
                0x000019d0                Joystick_ADC_SAR_Init
 .text.Joystick_ADC_SAR_Start
                0x000019f4       0x1c .\CortexM3\ARM_GCC_541\Debug\EGasPedal.a(Joystick_ADC_SAR.o)
                0x000019f4                Joystick_ADC_SAR_Start
 .text.Joystick_ADC_SAR_StartConvert
                0x00001a10       0x10 .\CortexM3\ARM_GCC_541\Debug\EGasPedal.a(Joystick_ADC_SAR.o)
                0x00001a10                Joystick_ADC_SAR_StartConvert
 .text.Joystick_ADC_TempBuf_DmaInitialize
                0x00001a20       0x3c .\CortexM3\ARM_GCC_541\Debug\EGasPedal.a(Joystick_ADC_TempBuf_dma.o)
                0x00001a20                Joystick_ADC_TempBuf_DmaInitialize
 .text.Joystick_ADC_FinalBuf_DmaInitialize
                0x00001a5c       0x3c .\CortexM3\ARM_GCC_541\Debug\EGasPedal.a(Joystick_ADC_FinalBuf_dma.o)
                0x00001a5c                Joystick_ADC_FinalBuf_DmaInitialize
 .text.Joystick_ADC_IRQ_SetVector
                0x00001a98        0xc .\CortexM3\ARM_GCC_541\Debug\EGasPedal.a(Joystick_ADC_IRQ.o)
                0x00001a98                Joystick_ADC_IRQ_SetVector
 .text.Joystick_ADC_IRQ_SetPriority
                0x00001aa4       0x10 .\CortexM3\ARM_GCC_541\Debug\EGasPedal.a(Joystick_ADC_IRQ.o)
                0x00001aa4                Joystick_ADC_IRQ_SetPriority
 .text.RGB_PWM_green_Enable
                0x00001ab4       0x10 .\CortexM3\ARM_GCC_541\Debug\EGasPedal.a(RGB_PWM_green.o)
                0x00001ab4                RGB_PWM_green_Enable
 .text.RGB_PWM_green_WriteCounter
                0x00001ac4        0xc .\CortexM3\ARM_GCC_541\Debug\EGasPedal.a(RGB_PWM_green.o)
                0x00001ac4                RGB_PWM_green_WriteCounter
 .text.RGB_PWM_green_WritePeriod
                0x00001ad0        0xc .\CortexM3\ARM_GCC_541\Debug\EGasPedal.a(RGB_PWM_green.o)
                0x00001ad0                RGB_PWM_green_WritePeriod
 .text.RGB_PWM_green_WriteCompare
                0x00001adc        0xc .\CortexM3\ARM_GCC_541\Debug\EGasPedal.a(RGB_PWM_green.o)
                0x00001adc                RGB_PWM_green_WriteCompare
 .text.RGB_PWM_green_Init
                0x00001ae8       0x34 .\CortexM3\ARM_GCC_541\Debug\EGasPedal.a(RGB_PWM_green.o)
                0x00001ae8                RGB_PWM_green_Init
 .text.RGB_PWM_green_Start
                0x00001b1c       0x1c .\CortexM3\ARM_GCC_541\Debug\EGasPedal.a(RGB_PWM_green.o)
                0x00001b1c                RGB_PWM_green_Start
 .text.LED_red_Write
                0x00001b38       0x18 .\CortexM3\ARM_GCC_541\Debug\EGasPedal.a(LED_red.o)
                0x00001b38                LED_red_Write
 .text.UART_LOG_Init
                0x00001b50       0x28 .\CortexM3\ARM_GCC_541\Debug\EGasPedal.a(UART_LOG.o)
                0x00001b50                UART_LOG_Init
 .text.UART_LOG_Enable
                0x00001b78       0x38 .\CortexM3\ARM_GCC_541\Debug\EGasPedal.a(UART_LOG.o)
                0x00001b78                UART_LOG_Enable
 .text.UART_LOG_Start
                0x00001bb0       0x1c .\CortexM3\ARM_GCC_541\Debug\EGasPedal.a(UART_LOG.o)
                0x00001bb0                UART_LOG_Start
 .text.UART_LOG_PutChar
                0x00001bcc       0x18 .\CortexM3\ARM_GCC_541\Debug\EGasPedal.a(UART_LOG.o)
                0x00001bcc                UART_LOG_PutChar
 .text.UART_LOG_PutString
                0x00001be4       0x24 .\CortexM3\ARM_GCC_541\Debug\EGasPedal.a(UART_LOG.o)
                0x00001be4                UART_LOG_PutString
 .text.UART_LOG_IntClock_Start
                0x00001c08       0x1c .\CortexM3\ARM_GCC_541\Debug\EGasPedal.a(UART_LOG_IntClock.o)
                0x00001c08                UART_LOG_IntClock_Start
 .text.WD_ResetButton_Read
                0x00001c24       0x10 .\CortexM3\ARM_GCC_541\Debug\EGasPedal.a(WD_ResetButton.o)
                0x00001c24                WD_ResetButton_Read
 *fill*         0x00001c34        0x4 
 .text          0x00001c38       0x20 .\CortexM3\ARM_GCC_541\Debug\EGasPedal.a(CyBootAsmGnu.o)
                0x00001c38                CyDelayCycles
                0x00001c48                CyEnterCriticalSection
                0x00001c50                CyExitCriticalSection
 .text          0x00001c58       0x7c .\CortexM3\ARM_GCC_541\Debug\EGasPedal.a(ErikaOS_1_ee_gnu_change_context_isr.o)
                0x00001c58                EE_set_switch_context_pri
                0x00001c72                EE_switch_context
                0x00001c7c                EE_cortex_mx_pendsv_ISR
                0x00001cb8                EE_cortex_mx_svc_ISR
 .text          0x00001cd4       0x24 .\CortexM3\ARM_GCC_541\Debug\EGasPedal.a(ErikaOS_1_ee_gnu_irq_stack.o)
                0x00001cd4                EE_cortex_mx_change_IRQ_stack
                0x00001ce6                EE_cortex_mx_change_IRQ_stack_back
 .text          0x00001cf8       0x68 .\CortexM3\ARM_GCC_541\Debug\EGasPedal.a(ErikaOS_1_ee_gnu_multi_context.o)
                0x00001cf8                EE_cortex_mx_change_context
 .text          0x00001d60       0x80 .\CortexM3\ARM_GCC_541\Debug\EGasPedal.a(ErikaOS_1_ee_gnu_oo.o)
                0x00001d60                EE_hal_terminate_savestk
                0x00001daa                EE_hal_terminate_task
 .text.EE_thread_not_terminated
                0x00001de0       0x10 .\CortexM3\ARM_GCC_541\Debug\EGasPedal.a(ErikaOS_1_ee_tnterm.o)
                0x00001de0                EE_thread_not_terminated
 .text.EE_oo_thread_stub
                0x00001df0       0x10 .\CortexM3\ARM_GCC_541\Debug\EGasPedal.a(ErikaOS_1_ee_tstub.o)
                0x00001df0                EE_oo_thread_stub
 .text.EE_std_run_task_code
                0x00001e00       0x18 .\CortexM3\ARM_GCC_541\Debug\EGasPedal.a(ErikaOS_1_cortex_mx_ee_context.o)
                0x00001e00                EE_std_run_task_code
 .text.EE_std_need_context_change
                0x00001e18       0x28 .\CortexM3\ARM_GCC_541\Debug\EGasPedal.a(ErikaOS_1_cortex_mx_ee_context.o)
                0x00001e18                EE_std_need_context_change
 .text.EE_thread_rnact_max
                0x00001e40       0x20 .\CortexM3\ARM_GCC_541\Debug\EGasPedal.a(ErikaOS_1_ee_thendin.o)
 .text.EE_thread_endcycle_next
                0x00001e60       0x30 .\CortexM3\ARM_GCC_541\Debug\EGasPedal.a(ErikaOS_1_ee_thendin.o)
 .text.EE_thread_end_instance
                0x00001e90      0x108 .\CortexM3\ARM_GCC_541\Debug\EGasPedal.a(ErikaOS_1_ee_thendin.o)
                0x00001e90                EE_thread_end_instance
 .text.__errno  0x00001f98        0xc c:/program files (x86)/cypress/psoc creator/4.4/psoc creator/import/gnu/arm/5.4.1/bin/../lib/gcc/arm-none-eabi/5.4.1/../../../../arm-none-eabi/lib/armv7-m\libg_nano.a(lib_a-errno.o)
                0x00001f98                __errno
 .text.__libc_init_array
                0x00001fa4       0x4c c:/program files (x86)/cypress/psoc creator/4.4/psoc creator/import/gnu/arm/5.4.1/bin/../lib/gcc/arm-none-eabi/5.4.1/../../../../arm-none-eabi/lib/armv7-m\libg_nano.a(lib_a-init.o)
                0x00001fa4                __libc_init_array
 .text.__itoa   0x00001ff0       0x2e c:/program files (x86)/cypress/psoc creator/4.4/psoc creator/import/gnu/arm/5.4.1/bin/../lib/gcc/arm-none-eabi/5.4.1/../../../../arm-none-eabi/lib/armv7-m\libg_nano.a(lib_a-itoa.o)
                0x00001ff0                __itoa
 .text.itoa     0x0000201e        0x4 c:/program files (x86)/cypress/psoc creator/4.4/psoc creator/import/gnu/arm/5.4.1/bin/../lib/gcc/arm-none-eabi/5.4.1/../../../../arm-none-eabi/lib/armv7-m\libg_nano.a(lib_a-itoa.o)
                0x0000201e                itoa
 .text.memcpy   0x00002022       0x16 c:/program files (x86)/cypress/psoc creator/4.4/psoc creator/import/gnu/arm/5.4.1/bin/../lib/gcc/arm-none-eabi/5.4.1/../../../../arm-none-eabi/lib/armv7-m\libg_nano.a(lib_a-memcpy-stub.o)
                0x00002022                memcpy
 .text.memset   0x00002038       0x10 c:/program files (x86)/cypress/psoc creator/4.4/psoc creator/import/gnu/arm/5.4.1/bin/../lib/gcc/arm-none-eabi/5.4.1/../../../../arm-none-eabi/lib/armv7-m\libg_nano.a(lib_a-memset.o)
                0x00002038                memset
 .text.__utoa   0x00002048       0x78 c:/program files (x86)/cypress/psoc creator/4.4/psoc creator/import/gnu/arm/5.4.1/bin/../lib/gcc/arm-none-eabi/5.4.1/../../../../arm-none-eabi/lib/armv7-m\libg_nano.a(lib_a-utoa.o)
                0x00002048                __utoa
 *(.plt)
 *(.gnu.warning)
 *(.glue_7t)
 .glue_7t       0x000020c0        0x0 linker stubs
 *(.glue_7)
 .glue_7        0x000020c0        0x0 linker stubs
 *(.vfp11_veneer)
 .vfp11_veneer  0x000020c0        0x0 linker stubs
 *(.bootloader)
 *(.ARM.extab* .gnu.linkonce.armextab.*)
 *(.gcc_except_table)

.v4_bx          0x000020c0        0x0
 .v4_bx         0x000020c0        0x0 linker stubs

.iplt           0x000020c0        0x0
 .iplt          0x000020c0        0x0 c:/program files (x86)/cypress/psoc creator/4.4/psoc creator/import/gnu/arm/5.4.1/bin/../lib/gcc/arm-none-eabi/5.4.1/armv7-m/crtbegin.o

.eh_frame_hdr
 *(.eh_frame_hdr)

.eh_frame       0x000020c0        0x4
 *(.eh_frame)
 .eh_frame      0x000020c0        0x0 c:/program files (x86)/cypress/psoc creator/4.4/psoc creator/import/gnu/arm/5.4.1/bin/../lib/gcc/arm-none-eabi/5.4.1/armv7-m/crtbegin.o
 .eh_frame      0x000020c0        0x4 c:/program files (x86)/cypress/psoc creator/4.4/psoc creator/import/gnu/arm/5.4.1/bin/../lib/gcc/arm-none-eabi/5.4.1/armv7-m/crtend.o
                [!provide]                PROVIDE (__exidx_start, .)

.ARM.exidx
 *(.ARM.exidx* .gnu.linkonce.armexidx.*)
                0x000020c4                __exidx_end = .

.rodata         0x000020c4      0x42c
 *(.rodata .rodata.* .gnu.linkonce.r.*)
 .rodata.str1.4
                0x000020c4       0x5e .\CortexM3\ARM_GCC_541\Debug\main.o
 *fill*         0x00002122        0x2 
 .rodata        0x00002124       0x12 .\CortexM3\ARM_GCC_541\Debug\tsk_io.o
                0x00002124                RTE_cyclicActivationTable_tsk_io
                0x00002134                RTE_cyclicActivation_tsk_io_size
 *fill*         0x00002136        0x2 
 .rodata        0x00002138       0x12 .\CortexM3\ARM_GCC_541\Debug\tsk_control.o
                0x00002138                RTE_eventActivationTable_tsk_control
                0x00002148                RTE_eventActivation_tsk_control_size
 *fill*         0x0000214a        0x2 
 .rodata        0x0000214c       0xa8 .\CortexM3\ARM_GCC_541\Debug\sp_common.o
                0x000021c4                so_speed_updTasks
                0x000021f0                so_joystick_updTasks
 .rodata.str1.4
                0x000021f4        0x2 .\CortexM3\ARM_GCC_541\Debug\sp_common.o
 *fill*         0x000021f6        0x2 
 .rodata        0x000021f8       0x44 .\CortexM3\ARM_GCC_541\Debug\cyfitter_cfg.o
 .rodata        0x0000223c      0x100 .\CortexM3\ARM_GCC_541\Debug\EGasPedal.a(ErikaOS_1_ee_lookup.o)
                0x0000223c                EE_rq_lookup
 .rodata        0x0000233c       0xdc .\CortexM3\ARM_GCC_541\Debug\EGasPedal.a(ErikaOS_1_eecfg.o)
                0x0000233c                EE_oo_autostart_task_data
                0x00002348                EE_oo_action_ROM
                0x0000235c                EE_oo_counter_object_ROM
                0x00002368                EE_ALARM_ID
                0x0000236c                EE_alarm_ROM
                0x00002370                EE_counter_ROM
                0x0000237c                EE_th_is_extended
                0x00002390                EE_th_rnact_max
                0x000023a4                EE_th_dispatch_prio
                0x000023b8                EE_EVENT_ID
                0x000023c4                EE_th_ready_prio
                0x000023d8                EE_terminate_real_th_body
                0x000023ec                EE_hal_thread_body
                0x00002400                EE_std_thread_tos
 .rodata.str1.4
                0x00002418       0x78 .\CortexM3\ARM_GCC_541\Debug\EGasPedal.a(ErikaOS_1_eecfg.o)
 .rodata.str1.1
                0x00002490        0x2 c:/program files (x86)/cypress/psoc creator/4.4/psoc creator/import/gnu/arm/5.4.1/bin/../lib/gcc/arm-none-eabi/5.4.1/../../../../arm-none-eabi/lib/armv7-m\libg_nano.a(lib_a-impure.o)
 .rodata.str1.1
                0x00002492       0x25 c:/program files (x86)/cypress/psoc creator/4.4/psoc creator/import/gnu/arm/5.4.1/bin/../lib/gcc/arm-none-eabi/5.4.1/../../../../arm-none-eabi/lib/armv7-m\libg_nano.a(lib_a-utoa.o)
                0x000024b8                . = ALIGN (0x4)
 *fill*         0x000024b7        0x1 
 *(.init)
 .init          0x000024b8        0x4 c:/program files (x86)/cypress/psoc creator/4.4/psoc creator/import/gnu/arm/5.4.1/bin/../lib/gcc/arm-none-eabi/5.4.1/armv7-m/crti.o
                0x000024b8                _init
 .init          0x000024bc        0x8 c:/program files (x86)/cypress/psoc creator/4.4/psoc creator/import/gnu/arm/5.4.1/bin/../lib/gcc/arm-none-eabi/5.4.1/armv7-m/crtn.o
                0x000024c4                . = ALIGN (0x4)
                0x000024c4                __preinit_array_start = .
 *(.preinit_array)
                0x000024c4                __preinit_array_end = .
                0x000024c4                . = ALIGN (0x4)
                0x000024c4                __init_array_start = .
 *(SORT(.init_array.*))
 *(.init_array)
 .init_array    0x000024c4        0x4 c:/program files (x86)/cypress/psoc creator/4.4/psoc creator/import/gnu/arm/5.4.1/bin/../lib/gcc/arm-none-eabi/5.4.1/armv7-m/crtbegin.o
 .init_array    0x000024c8        0x4 .\CortexM3\ARM_GCC_541\Debug\Cm3Start.o
                0x000024cc                __init_array_end = .
                0x000024cc                . = ALIGN (0x4)
 *(.fini)
 .fini          0x000024cc        0x4 c:/program files (x86)/cypress/psoc creator/4.4/psoc creator/import/gnu/arm/5.4.1/bin/../lib/gcc/arm-none-eabi/5.4.1/armv7-m/crti.o
                0x000024cc                _fini
 .fini          0x000024d0        0x8 c:/program files (x86)/cypress/psoc creator/4.4/psoc creator/import/gnu/arm/5.4.1/bin/../lib/gcc/arm-none-eabi/5.4.1/armv7-m/crtn.o
                0x000024d8                . = ALIGN (0x4)
                0x000024d8                __fini_array_start = .
 *(.fini_array)
 .fini_array    0x000024d8        0x4 c:/program files (x86)/cypress/psoc creator/4.4/psoc creator/import/gnu/arm/5.4.1/bin/../lib/gcc/arm-none-eabi/5.4.1/armv7-m/crtbegin.o
 *(SORT(.fini_array.*))
                0x000024dc                __fini_array_end = .
                0x000024dc                . = ALIGN (0x4)
 *crtbegin.o(.ctors)
 *(EXCLUDE_FILE(*crtend.o) .ctors)
 *(SORT(.ctors.*))
 *crtend.o(.ctors)
                0x000024dc                . = ALIGN (0x4)
 *crtbegin.o(.dtors)
 *(EXCLUDE_FILE(*crtend.o) .dtors)
 *(SORT(.dtors.*))
 *crtend.o(.dtors)
                0x000024dc                . = ALIGN (0x4)
                0x000024dc                __cy_regions = .
                0x000024dc        0x4 LONG 0x24f0 __cy_region_init_ram
                0x000024e0        0x4 LONG 0x1fff80c8 __cy_region_start_data
                0x000024e4        0x4 LONG 0x1f0 __cy_region_init_size_ram
                0x000024e8        0x4 LONG 0xab0 __cy_region_zero_size_ram
                0x000024ec                __cy_regions_end = .
                0x000024f0                . = ALIGN (0x8)
 *fill*         0x000024ec        0x4 
                0x000024f0                _etext = .

.cy_checksum_exclude
                0x000024f0        0x0
 *(.cy_checksum_exclude)

.ramvectors     0x1fff8000       0xc0
                0x1fff8000                __cy_region_start_ram = .
 *(.ramvectors)
 .ramvectors    0x1fff8000       0xc0 .\CortexM3\ARM_GCC_541\Debug\Cm3Start.o
                0x1fff8000                CyRamVectors

.noinit         0x1fff80c0        0x1
 *(.noinit)
 .noinit        0x1fff80c0        0x1 .\CortexM3\ARM_GCC_541\Debug\EGasPedal.a(CyLib.o)
                0x1fff80c0                CyResetStatus

.data           0x1fff80c8      0x1f0 load address 0x000024f0
                0x1fff80c8                __cy_region_start_data = .
 *(.jcr)
 .jcr           0x1fff80c8        0x0 c:/program files (x86)/cypress/psoc creator/4.4/psoc creator/import/gnu/arm/5.4.1/bin/../lib/gcc/arm-none-eabi/5.4.1/armv7-m/crtbegin.o
 .jcr           0x1fff80c8        0x4 c:/program files (x86)/cypress/psoc creator/4.4/psoc creator/import/gnu/arm/5.4.1/bin/../lib/gcc/arm-none-eabi/5.4.1/armv7-m/crtend.o
 *(.got.plt)
 *(.got)
 *(.shdata)
 *(.data .data.* .gnu.linkonce.d.*)
 .data          0x1fff80cc       0x30 .\CortexM3\ARM_GCC_541\Debug\sp_common.o
                0x1fff80cc                SO_JOYSTICK_signal
                0x1fff80d8                SO_SPEED_signal
                0x1fff80e4                SO_ENGINE_signal
                0x1fff80f0                SO_BRAKE_signal
 .data          0x1fff80fc        0x8 .\CortexM3\ARM_GCC_541\Debug\EGasPedal.a(CyDmac.o)
 .data          0x1fff8104       0x10 .\CortexM3\ARM_GCC_541\Debug\EGasPedal.a(CyLib.o)
                0x1fff8104                cydelay_32k_ms
                0x1fff8108                cydelay_freq_khz
                0x1fff810c                cydelay_freq_mhz
                0x1fff8110                cydelay_freq_hz
 .data          0x1fff8114      0x134 .\CortexM3\ARM_GCC_541\Debug\EGasPedal.a(ErikaOS_1_eecfg.o)
                0x1fff8114                EE_ALARM_NAME
                0x1fff8118                EE_counter_RAM
                0x1fff8120                EE_th_terminate_nextask
                0x1fff8134                EE_rq_pairs_next
                0x1fff8148                EE_rq_link
                0x1fff815c                EE_th_rnact
                0x1fff8170                EE_rq_queues_tail
                0x1fff81b0                EE_rq_queues_head
                0x1fff81f0                EE_stkfirst
                0x1fff81f4                EE_th_next
                0x1fff8208                EE_th_status
                0x1fff821c                EE_EVENT_NAME
                0x1fff8228                EE_TASK_NAME
                0x1fff823c                EE_cortex_mx_IRQ_tos
                0x1fff8240                EE_cortex_mx_system_tos
 .data          0x1fff8248        0x2 .\CortexM3\ARM_GCC_541\Debug\EGasPedal.a(Joystick_ADC.o)
 .data          0x1fff824a        0x1 .\CortexM3\ARM_GCC_541\Debug\EGasPedal.a(Joystick_ADC_TempBuf_dma.o)
                0x1fff824a                Joystick_ADC_TempBuf_DmaHandle
 .data          0x1fff824b        0x1 .\CortexM3\ARM_GCC_541\Debug\EGasPedal.a(Joystick_ADC_FinalBuf_dma.o)
                0x1fff824b                Joystick_ADC_FinalBuf_DmaHandle
 .data          0x1fff824c        0x4 .\CortexM3\ARM_GCC_541\Debug\EGasPedal.a(ErikaOS_1_ee_gnu_irq_stack.o)
 .data.impure_data
                0x1fff8250       0x60 c:/program files (x86)/cypress/psoc creator/4.4/psoc creator/import/gnu/arm/5.4.1/bin/../lib/gcc/arm-none-eabi/5.4.1/../../../../arm-none-eabi/lib/armv7-m\libg_nano.a(lib_a-impure.o)
 .data._impure_ptr
                0x1fff82b0        0x4 c:/program files (x86)/cypress/psoc creator/4.4/psoc creator/import/gnu/arm/5.4.1/bin/../lib/gcc/arm-none-eabi/5.4.1/../../../../arm-none-eabi/lib/armv7-m\libg_nano.a(lib_a-impure.o)
                0x1fff82b0                _impure_ptr
                0x1fff82b8                . = ALIGN (0x8)
 *fill*         0x1fff82b4        0x4 
 *(.ram)
                0x1fff82b8                _edata = .

.igot.plt       0x1fff82b8        0x0 load address 0x000026e0
 .igot.plt      0x1fff82b8        0x0 c:/program files (x86)/cypress/psoc creator/4.4/psoc creator/import/gnu/arm/5.4.1/bin/../lib/gcc/arm-none-eabi/5.4.1/armv7-m/crtbegin.o

.bss            0x1fff82b8      0xab0 load address 0x000026e0
                0x1fff82b8                PROVIDE (__bss_start__, .)
 *(.shbss)
 *(.bss .bss.* .gnu.linkonce.b.*)
 .bss           0x1fff82b8       0x1c c:/program files (x86)/cypress/psoc creator/4.4/psoc creator/import/gnu/arm/5.4.1/bin/../lib/gcc/arm-none-eabi/5.4.1/armv7-m/crtbegin.o
 .bss           0x1fff82d4        0x4 .\CortexM3\ARM_GCC_541\Debug\tsk_io.o
 .bss           0x1fff82d8        0x1 .\CortexM3\ARM_GCC_541\Debug\watchdog.o
                0x1fff82d8                WDbitfields
 *fill*         0x1fff82d9        0x3 
 .bss           0x1fff82dc       0x4c .\CortexM3\ARM_GCC_541\Debug\EGasPedal.a(ErikaOS_1_eecfg.o)
                0x1fff82dc                EE_th_waswaiting
                0x1fff82f0                EE_th_event_waitmask
                0x1fff8304                EE_th_event_active
                0x1fff8318                EE_rq_free
                0x1fff831c                EE_rq_bitmask
                0x1fff8320                EE_sys_ceiling
                0x1fff8324                EE_cortex_mx_active_tos
 .bss           0x1fff8328        0xc .\CortexM3\ARM_GCC_541\Debug\EGasPedal.a(Joystick_ADC.o)
                0x1fff8330                Joystick_ADC_initVar
 .bss           0x1fff8334        0x1 .\CortexM3\ARM_GCC_541\Debug\EGasPedal.a(Joystick_ADC_SAR.o)
                0x1fff8334                Joystick_ADC_SAR_initVar
 .bss           0x1fff8335        0x1 .\CortexM3\ARM_GCC_541\Debug\EGasPedal.a(RGB_PWM_green.o)
                0x1fff8335                RGB_PWM_green_initVar
 .bss           0x1fff8336        0x2 .\CortexM3\ARM_GCC_541\Debug\EGasPedal.a(UART_LOG.o)
                0x1fff8336                UART_LOG_initVar
 *(COMMON)
 COMMON         0x1fff8338        0x8 .\CortexM3\ARM_GCC_541\Debug\EGasPedal.a(ErikaOS_1_ee_lookup.o)
                0x1fff8338                EE_oo_IRQ_disable_count
                0x1fff833c                EE_oo_IRQ_suspend_status
 COMMON         0x1fff8340        0x4 .\CortexM3\ARM_GCC_541\Debug\EGasPedal.a(ErikaOS_1_ee_startos.o)
                0x1fff8340                EE_oo_started
 COMMON         0x1fff8344        0x8 .\CortexM3\ARM_GCC_541\Debug\EGasPedal.a(ErikaOS_1_common_ee_hal_structs.o)
                0x1fff8344                EE_IRQ_nesting_level
                0x1fff8348                EE_std_endcycle_next_tid
 COMMON         0x1fff834c      0xa0c .\CortexM3\ARM_GCC_541\Debug\EGasPedal.a(ErikaOS_1_eecfg.o)
                0x1fff834c                EE_rq_pairs_tid
                0x1fff8360                EE_terminate_data
                0x1fff8374                EE_oo_counter_object_RAM
                0x1fff8384                EE_cortex_mx_stack_5
                0x1fff8b54                EE_ApplicationMode
                0x1fff8b58                EE_cortex_mx_stack_9
 COMMON         0x1fff8d58        0x4 .\CortexM3\ARM_GCC_541\Debug\EGasPedal.a(Joystick_ADC.o)
                0x1fff8d58                Joystick_ADC_finalArray
 COMMON         0x1fff8d5c        0xc .\CortexM3\ARM_GCC_541\Debug\EGasPedal.a(Joystick_ADC_SAR.o)
                0x1fff8d5c                Joystick_ADC_SAR_countsPerVolt
                0x1fff8d5e                Joystick_ADC_SAR_shift
                0x1fff8d60                Joystick_ADC_SAR_offset
                0x1fff8d64                Joystick_ADC_SAR_countsPer10Volt
                0x1fff8d68                . = ALIGN (0x8)
 *(.ram.b)
                0x1fff8d68                _end = .
                0x1fff8d68                __end = .
                0x1fff8d68                PROVIDE (end, .)
                0x1fff8d68                PROVIDE (__bss_end__, .)
                0x000024f0                __cy_region_init_ram = LOADADDR (.data)
                0x000001f0                __cy_region_init_size_ram = (_edata - ADDR (.data))
                0x00000ab0                __cy_region_zero_size_ram = (_end - _edata)

.heap           0x1fff8d68       0x80 load address 0x000026e0
                0x1fff8d68                . = _end
                0x1fff8de8                . = (. + 0x80)
 *fill*         0x1fff8d68       0x80 
                0x1fff8de8                __cy_heap_limit = .

.stack          0x20007800      0x800
                0x20007800                __cy_stack_limit = .
                0x20008000                . = (. + 0x800)
 *fill*         0x20007800      0x800 
                0x00000001                ASSERT ((__cy_stack_limit >= __cy_heap_limit), region RAM overflowed with stack)
                0x00000000                cy_checksum_exclude_size = (CY_APPL_LOADABLE == 0x1)?SIZEOF (.cy_checksum_exclude):0x0
                0x00000001                ASSERT ((cy_checksum_exclude_size <= CY_CHECKSUM_EXCLUDE_SIZE), CY_BOOT: Section .cy_checksum_exclude size exceedes specified limit.)

.cyloadermeta
 *(.cyloadermeta)

.cyloadablemeta
 *(.cyloadablemeta)

.cyconfigecc    0x80000000      0x7dc
 *(.cyconfigecc)
 .cyconfigecc   0x80000000      0x7dc .\CortexM3\ARM_GCC_541\Debug\cymetadata.o
                0x80000000                cy_meta_configecc

.cycustnvl      0x90000000        0x4
 *(.cycustnvl)
 .cycustnvl     0x90000000        0x4 .\CortexM3\ARM_GCC_541\Debug\cymetadata.o
                0x90000000                cy_meta_custnvl

.cywolatch      0x90100000        0x4
 *(.cywolatch)
 .cywolatch     0x90100000        0x4 .\CortexM3\ARM_GCC_541\Debug\cymetadata.o
                0x90100000                cy_meta_wonvl

.cyeeprom       0x90200000        0x0
 *(.cyeeprom)
                0x00000001                ASSERT ((. <= ((0x90200000 + ee_offset) + ee_size)), .cyeeprom data will not fit in EEPROM)

.cyflashprotect
                0x90400000      0x100
 *(.cyflashprotect)
 .cyflashprotect
                0x90400000      0x100 .\CortexM3\ARM_GCC_541\Debug\cymetadata.o
                0x90400000                cy_meta_flashprotect

.cymeta         0x90500000        0xc
 *(.cymeta)
 .cymeta        0x90500000        0xc .\CortexM3\ARM_GCC_541\Debug\cymetadata.o
                0x90500000                cy_metadata

.rel.dyn        0x000026e0        0x0 load address 0x9050000c
 .rel.iplt      0x000026e0        0x0 c:/program files (x86)/cypress/psoc creator/4.4/psoc creator/import/gnu/arm/5.4.1/bin/../lib/gcc/arm-none-eabi/5.4.1/armv7-m/crtbegin.o

.stab
 *(.stab)

.stabstr
 *(.stabstr)

.debug
 *(.debug)

.line
 *(.line)

.debug_srcinfo
 *(.debug_srcinfo)

.debug_sfnames
 *(.debug_sfnames)

.debug_aranges  0x00000000     0x10a8
 *(.debug_aranges)
 .debug_aranges
                0x00000000       0x60 .\CortexM3\ARM_GCC_541\Debug\main.o
 .debug_aranges
                0x00000060       0x20 .\CortexM3\ARM_GCC_541\Debug\swc_brakelight.o
 .debug_aranges
                0x00000080       0x20 .\CortexM3\ARM_GCC_541\Debug\swc_control.o
 .debug_aranges
                0x000000a0       0x20 .\CortexM3\ARM_GCC_541\Debug\swc_engine.o
 .debug_aranges
                0x000000c0       0x20 .\CortexM3\ARM_GCC_541\Debug\swc_joystick.o
 .debug_aranges
                0x000000e0       0x20 .\CortexM3\ARM_GCC_541\Debug\tsk_io.o
 .debug_aranges
                0x00000100       0x20 .\CortexM3\ARM_GCC_541\Debug\tsk_system.o
 .debug_aranges
                0x00000120       0x20 .\CortexM3\ARM_GCC_541\Debug\tsk_control.o
 .debug_aranges
                0x00000140       0x28 .\CortexM3\ARM_GCC_541\Debug\joystick.o
 .debug_aranges
                0x00000168       0x28 .\CortexM3\ARM_GCC_541\Debug\pwm.o
 .debug_aranges
                0x00000190       0x38 .\CortexM3\ARM_GCC_541\Debug\watchdog.o
 .debug_aranges
                0x000001c8       0x28 .\CortexM3\ARM_GCC_541\Debug\rte.o
 .debug_aranges
                0x000001f0       0x20 .\CortexM3\ARM_GCC_541\Debug\sc_brakelight_type.o
 .debug_aranges
                0x00000210       0x20 .\CortexM3\ARM_GCC_541\Debug\sc_engine_type.o
 .debug_aranges
                0x00000230       0x20 .\CortexM3\ARM_GCC_541\Debug\sc_joystick_type.o
 .debug_aranges
                0x00000250       0x28 .\CortexM3\ARM_GCC_541\Debug\sp_common.o
 .debug_aranges
                0x00000278       0x58 .\CortexM3\ARM_GCC_541\Debug\cyfitter_cfg.o
 .debug_aranges
                0x000002d0       0x18 .\CortexM3\ARM_GCC_541\Debug\cymetadata.o
 .debug_aranges
                0x000002e8       0x48 .\CortexM3\ARM_GCC_541\Debug\Cm3Start.o
 .debug_aranges
                0x00000330       0xd8 .\CortexM3\ARM_GCC_541\Debug\EGasPedal.a(CyDmac.o)
 .debug_aranges
                0x00000408      0x2a0 .\CortexM3\ARM_GCC_541\Debug\EGasPedal.a(CyLib.o)
 .debug_aranges
                0x000006a8       0x98 .\CortexM3\ARM_GCC_541\Debug\EGasPedal.a(cyPm.o)
 .debug_aranges
                0x00000740       0x20 .\CortexM3\ARM_GCC_541\Debug\EGasPedal.a(ErikaOS_1_ee_activate.o)
 .debug_aranges
                0x00000760       0x20 .\CortexM3\ARM_GCC_541\Debug\EGasPedal.a(ErikaOS_1_ee_alsetrel.o)
 .debug_aranges
                0x00000780       0x58 .\CortexM3\ARM_GCC_541\Debug\EGasPedal.a(ErikaOS_1_ee_altick.o)
 .debug_aranges
                0x000007d8       0x20 .\CortexM3\ARM_GCC_541\Debug\EGasPedal.a(ErikaOS_1_ee_evclear.o)
 .debug_aranges
                0x000007f8       0x20 .\CortexM3\ARM_GCC_541\Debug\EGasPedal.a(ErikaOS_1_ee_evget.o)
 .debug_aranges
                0x00000818       0x20 .\CortexM3\ARM_GCC_541\Debug\EGasPedal.a(ErikaOS_1_ee_evset.o)
 .debug_aranges
                0x00000838       0x20 .\CortexM3\ARM_GCC_541\Debug\EGasPedal.a(ErikaOS_1_ee_evwait.o)
 .debug_aranges
                0x00000858       0x30 .\CortexM3\ARM_GCC_541\Debug\EGasPedal.a(ErikaOS_1_ee_irqendin.o)
 .debug_aranges
                0x00000888       0x18 .\CortexM3\ARM_GCC_541\Debug\EGasPedal.a(ErikaOS_1_ee_lookup.o)
 .debug_aranges
                0x000008a0       0x20 .\CortexM3\ARM_GCC_541\Debug\EGasPedal.a(ErikaOS_1_ee_rq_exchg.o)
 .debug_aranges
                0x000008c0       0x20 .\CortexM3\ARM_GCC_541\Debug\EGasPedal.a(ErikaOS_1_ee_rq_first.o)
 .debug_aranges
                0x000008e0       0x20 .\CortexM3\ARM_GCC_541\Debug\EGasPedal.a(ErikaOS_1_ee_rq_inser.o)
 .debug_aranges
                0x00000900       0x30 .\CortexM3\ARM_GCC_541\Debug\EGasPedal.a(ErikaOS_1_ee_shtdown.o)
 .debug_aranges
                0x00000930       0x40 .\CortexM3\ARM_GCC_541\Debug\EGasPedal.a(ErikaOS_1_ee_startos.o)
 .debug_aranges
                0x00000970       0x20 .\CortexM3\ARM_GCC_541\Debug\EGasPedal.a(ErikaOS_1_ee_terminat.o)
 .debug_aranges
                0x00000990       0x20 .\CortexM3\ARM_GCC_541\Debug\EGasPedal.a(ErikaOS_1_cortex_mx_ee_utils.o)
 .debug_aranges
                0x000009b0       0x18 .\CortexM3\ARM_GCC_541\Debug\EGasPedal.a(ErikaOS_1_common_ee_hal_structs.o)
 .debug_aranges
                0x000009c8       0x18 .\CortexM3\ARM_GCC_541\Debug\EGasPedal.a(ErikaOS_1_eecfg.o)
 .debug_aranges
                0x000009e0       0xa0 .\CortexM3\ARM_GCC_541\Debug\EGasPedal.a(Joystick_ADC.o)
 .debug_aranges
                0x00000a80       0x20 .\CortexM3\ARM_GCC_541\Debug\EGasPedal.a(Joystick_ADC_INT.o)
 .debug_aranges
                0x00000aa0       0xa8 .\CortexM3\ARM_GCC_541\Debug\EGasPedal.a(Joystick_ADC_SAR.o)
 .debug_aranges
                0x00000b48       0x28 .\CortexM3\ARM_GCC_541\Debug\EGasPedal.a(Joystick_ADC_TempBuf_dma.o)
 .debug_aranges
                0x00000b70       0x28 .\CortexM3\ARM_GCC_541\Debug\EGasPedal.a(Joystick_ADC_FinalBuf_dma.o)
 .debug_aranges
                0x00000b98       0x80 .\CortexM3\ARM_GCC_541\Debug\EGasPedal.a(Joystick_ADC_IRQ.o)
 .debug_aranges
                0x00000c18       0x80 .\CortexM3\ARM_GCC_541\Debug\EGasPedal.a(RGB_PWM_green.o)
 .debug_aranges
                0x00000c98       0x38 .\CortexM3\ARM_GCC_541\Debug\EGasPedal.a(LED_red.o)
 .debug_aranges
                0x00000cd0       0xf0 .\CortexM3\ARM_GCC_541\Debug\EGasPedal.a(UART_LOG.o)
 .debug_aranges
                0x00000dc0       0x70 .\CortexM3\ARM_GCC_541\Debug\EGasPedal.a(UART_LOG_IntClock.o)
 .debug_aranges
                0x00000e30       0x38 .\CortexM3\ARM_GCC_541\Debug\EGasPedal.a(WD_ResetButton.o)
 .debug_aranges
                0x00000e68       0x20 .\CortexM3\ARM_GCC_541\Debug\EGasPedal.a(CyBootAsmGnu.o)
 .debug_aranges
                0x00000e88       0x20 .\CortexM3\ARM_GCC_541\Debug\EGasPedal.a(ErikaOS_1_ee_gnu_change_context_isr.o)
 .debug_aranges
                0x00000ea8       0x20 .\CortexM3\ARM_GCC_541\Debug\EGasPedal.a(ErikaOS_1_ee_gnu_irq_stack.o)
 .debug_aranges
                0x00000ec8       0x20 .\CortexM3\ARM_GCC_541\Debug\EGasPedal.a(ErikaOS_1_ee_gnu_multi_context.o)
 .debug_aranges
                0x00000ee8       0x20 .\CortexM3\ARM_GCC_541\Debug\EGasPedal.a(ErikaOS_1_ee_gnu_oo.o)
 .debug_aranges
                0x00000f08       0x88 .\CortexM3\ARM_GCC_541\Debug\EGasPedal.a(CyFlash.o)
 .debug_aranges
                0x00000f90       0x80 .\CortexM3\ARM_GCC_541\Debug\EGasPedal.a(CySpc.o)
 .debug_aranges
                0x00001010       0x20 .\CortexM3\ARM_GCC_541\Debug\EGasPedal.a(ErikaOS_1_ee_tnterm.o)
 .debug_aranges
                0x00001030       0x20 .\CortexM3\ARM_GCC_541\Debug\EGasPedal.a(ErikaOS_1_ee_tstub.o)
 .debug_aranges
                0x00001050       0x28 .\CortexM3\ARM_GCC_541\Debug\EGasPedal.a(ErikaOS_1_cortex_mx_ee_context.o)
 .debug_aranges
                0x00001078       0x30 .\CortexM3\ARM_GCC_541\Debug\EGasPedal.a(ErikaOS_1_ee_thendin.o)

.debug_pubnames
 *(.debug_pubnames)

.debug_info     0x00000000    0x14878
 *(.debug_info .gnu.linkonce.wi.*)
 .debug_info    0x00000000      0x7ed .\CortexM3\ARM_GCC_541\Debug\main.o
 .debug_info    0x000007ed      0x758 .\CortexM3\ARM_GCC_541\Debug\swc_brakelight.o
 .debug_info    0x00000f45      0x776 .\CortexM3\ARM_GCC_541\Debug\swc_control.o
 .debug_info    0x000016bb      0x7e6 .\CortexM3\ARM_GCC_541\Debug\swc_engine.o
 .debug_info    0x00001ea1      0x672 .\CortexM3\ARM_GCC_541\Debug\swc_joystick.o
 .debug_info    0x00002513      0x252 .\CortexM3\ARM_GCC_541\Debug\tsk_io.o
 .debug_info    0x00002765      0x16c .\CortexM3\ARM_GCC_541\Debug\tsk_system.o
 .debug_info    0x000028d1      0x279 .\CortexM3\ARM_GCC_541\Debug\tsk_control.o
 .debug_info    0x00002b4a      0x2de .\CortexM3\ARM_GCC_541\Debug\joystick.o
 .debug_info    0x00002e28      0x268 .\CortexM3\ARM_GCC_541\Debug\pwm.o
 .debug_info    0x00003090      0x300 .\CortexM3\ARM_GCC_541\Debug\watchdog.o
 .debug_info    0x00003390      0x375 .\CortexM3\ARM_GCC_541\Debug\rte.o
 .debug_info    0x00003705      0x25b .\CortexM3\ARM_GCC_541\Debug\sc_brakelight_type.o
 .debug_info    0x00003960      0x26f .\CortexM3\ARM_GCC_541\Debug\sc_engine_type.o
 .debug_info    0x00003bcf      0x268 .\CortexM3\ARM_GCC_541\Debug\sc_joystick_type.o
 .debug_info    0x00003e37      0xce7 .\CortexM3\ARM_GCC_541\Debug\sp_common.o
 .debug_info    0x00004b1e      0x648 .\CortexM3\ARM_GCC_541\Debug\cyfitter_cfg.o
 .debug_info    0x00005166      0x139 .\CortexM3\ARM_GCC_541\Debug\cymetadata.o
 .debug_info    0x0000529f      0x3cf .\CortexM3\ARM_GCC_541\Debug\Cm3Start.o
 .debug_info    0x0000566e      0x94e .\CortexM3\ARM_GCC_541\Debug\EGasPedal.a(CyDmac.o)
 .debug_info    0x00005fbc     0x1374 .\CortexM3\ARM_GCC_541\Debug\EGasPedal.a(CyLib.o)
 .debug_info    0x00007330      0xa2a .\CortexM3\ARM_GCC_541\Debug\EGasPedal.a(cyPm.o)
 .debug_info    0x00007d5a      0x80d .\CortexM3\ARM_GCC_541\Debug\EGasPedal.a(ErikaOS_1_ee_activate.o)
 .debug_info    0x00008567      0x5e5 .\CortexM3\ARM_GCC_541\Debug\EGasPedal.a(ErikaOS_1_ee_alsetrel.o)
 .debug_info    0x00008b4c      0xc3b .\CortexM3\ARM_GCC_541\Debug\EGasPedal.a(ErikaOS_1_ee_altick.o)
 .debug_info    0x00009787      0x5a7 .\CortexM3\ARM_GCC_541\Debug\EGasPedal.a(ErikaOS_1_ee_evclear.o)
 .debug_info    0x00009d2e      0x4ca .\CortexM3\ARM_GCC_541\Debug\EGasPedal.a(ErikaOS_1_ee_evget.o)
 .debug_info    0x0000a1f8      0x7c3 .\CortexM3\ARM_GCC_541\Debug\EGasPedal.a(ErikaOS_1_ee_evset.o)
 .debug_info    0x0000a9bb      0x84e .\CortexM3\ARM_GCC_541\Debug\EGasPedal.a(ErikaOS_1_ee_evwait.o)
 .debug_info    0x0000b209      0x5cb .\CortexM3\ARM_GCC_541\Debug\EGasPedal.a(ErikaOS_1_ee_irqendin.o)
 .debug_info    0x0000b7d4      0x3d0 .\CortexM3\ARM_GCC_541\Debug\EGasPedal.a(ErikaOS_1_ee_lookup.o)
 .debug_info    0x0000bba4      0x46f .\CortexM3\ARM_GCC_541\Debug\EGasPedal.a(ErikaOS_1_ee_rq_exchg.o)
 .debug_info    0x0000c013      0x421 .\CortexM3\ARM_GCC_541\Debug\EGasPedal.a(ErikaOS_1_ee_rq_first.o)
 .debug_info    0x0000c434      0x475 .\CortexM3\ARM_GCC_541\Debug\EGasPedal.a(ErikaOS_1_ee_rq_inser.o)
 .debug_info    0x0000c8a9      0x4f5 .\CortexM3\ARM_GCC_541\Debug\EGasPedal.a(ErikaOS_1_ee_shtdown.o)
 .debug_info    0x0000cd9e     0x2040 .\CortexM3\ARM_GCC_541\Debug\EGasPedal.a(ErikaOS_1_ee_startos.o)
 .debug_info    0x0000edde      0x589 .\CortexM3\ARM_GCC_541\Debug\EGasPedal.a(ErikaOS_1_ee_terminat.o)
 .debug_info    0x0000f367      0x513 .\CortexM3\ARM_GCC_541\Debug\EGasPedal.a(ErikaOS_1_cortex_mx_ee_utils.o)
 .debug_info    0x0000f87a      0x3cb .\CortexM3\ARM_GCC_541\Debug\EGasPedal.a(ErikaOS_1_common_ee_hal_structs.o)
 .debug_info    0x0000fc45      0x8b7 .\CortexM3\ARM_GCC_541\Debug\EGasPedal.a(ErikaOS_1_eecfg.o)
 .debug_info    0x000104fc      0x6f2 .\CortexM3\ARM_GCC_541\Debug\EGasPedal.a(Joystick_ADC.o)
 .debug_info    0x00010bee       0xa0 .\CortexM3\ARM_GCC_541\Debug\EGasPedal.a(Joystick_ADC_INT.o)
 .debug_info    0x00010c8e      0x544 .\CortexM3\ARM_GCC_541\Debug\EGasPedal.a(Joystick_ADC_SAR.o)
 .debug_info    0x000111d2      0x1a8 .\CortexM3\ARM_GCC_541\Debug\EGasPedal.a(Joystick_ADC_TempBuf_dma.o)
 .debug_info    0x0001137a      0x1aa .\CortexM3\ARM_GCC_541\Debug\EGasPedal.a(Joystick_ADC_FinalBuf_dma.o)
 .debug_info    0x00011524      0x2d2 .\CortexM3\ARM_GCC_541\Debug\EGasPedal.a(Joystick_ADC_IRQ.o)
 .debug_info    0x000117f6      0x279 .\CortexM3\ARM_GCC_541\Debug\EGasPedal.a(RGB_PWM_green.o)
 .debug_info    0x00011a6f      0x11f .\CortexM3\ARM_GCC_541\Debug\EGasPedal.a(LED_red.o)
 .debug_info    0x00011b8e      0x60c .\CortexM3\ARM_GCC_541\Debug\EGasPedal.a(UART_LOG.o)
 .debug_info    0x0001219a      0x283 .\CortexM3\ARM_GCC_541\Debug\EGasPedal.a(UART_LOG_IntClock.o)
 .debug_info    0x0001241d      0x11f .\CortexM3\ARM_GCC_541\Debug\EGasPedal.a(WD_ResetButton.o)
 .debug_info    0x0001253c       0x8f .\CortexM3\ARM_GCC_541\Debug\EGasPedal.a(CyBootAsmGnu.o)
 .debug_info    0x000125cb       0x9c .\CortexM3\ARM_GCC_541\Debug\EGasPedal.a(ErikaOS_1_ee_gnu_change_context_isr.o)
 .debug_info    0x00012667       0x93 .\CortexM3\ARM_GCC_541\Debug\EGasPedal.a(ErikaOS_1_ee_gnu_irq_stack.o)
 .debug_info    0x000126fa       0x97 .\CortexM3\ARM_GCC_541\Debug\EGasPedal.a(ErikaOS_1_ee_gnu_multi_context.o)
 .debug_info    0x00012791       0x8c .\CortexM3\ARM_GCC_541\Debug\EGasPedal.a(ErikaOS_1_ee_gnu_oo.o)
 .debug_info    0x0001281d      0x64d .\CortexM3\ARM_GCC_541\Debug\EGasPedal.a(CyFlash.o)
 .debug_info    0x00012e6a      0x550 .\CortexM3\ARM_GCC_541\Debug\EGasPedal.a(CySpc.o)
 .debug_info    0x000133ba      0x43d .\CortexM3\ARM_GCC_541\Debug\EGasPedal.a(ErikaOS_1_ee_tnterm.o)
 .debug_info    0x000137f7      0x487 .\CortexM3\ARM_GCC_541\Debug\EGasPedal.a(ErikaOS_1_ee_tstub.o)
 .debug_info    0x00013c7e      0x501 .\CortexM3\ARM_GCC_541\Debug\EGasPedal.a(ErikaOS_1_cortex_mx_ee_context.o)
 .debug_info    0x0001417f      0x6f9 .\CortexM3\ARM_GCC_541\Debug\EGasPedal.a(ErikaOS_1_ee_thendin.o)

.debug_abbrev   0x00000000     0x5817
 *(.debug_abbrev)
 .debug_abbrev  0x00000000      0x216 .\CortexM3\ARM_GCC_541\Debug\main.o
 .debug_abbrev  0x00000216      0x1f5 .\CortexM3\ARM_GCC_541\Debug\swc_brakelight.o
 .debug_abbrev  0x0000040b      0x22a .\CortexM3\ARM_GCC_541\Debug\swc_control.o
 .debug_abbrev  0x00000635      0x224 .\CortexM3\ARM_GCC_541\Debug\swc_engine.o
 .debug_abbrev  0x00000859      0x234 .\CortexM3\ARM_GCC_541\Debug\swc_joystick.o
 .debug_abbrev  0x00000a8d      0x139 .\CortexM3\ARM_GCC_541\Debug\tsk_io.o
 .debug_abbrev  0x00000bc6       0xaf .\CortexM3\ARM_GCC_541\Debug\tsk_system.o
 .debug_abbrev  0x00000c75      0x158 .\CortexM3\ARM_GCC_541\Debug\tsk_control.o
 .debug_abbrev  0x00000dcd      0x11e .\CortexM3\ARM_GCC_541\Debug\joystick.o
 .debug_abbrev  0x00000eeb       0xf9 .\CortexM3\ARM_GCC_541\Debug\pwm.o
 .debug_abbrev  0x00000fe4      0x12f .\CortexM3\ARM_GCC_541\Debug\watchdog.o
 .debug_abbrev  0x00001113      0x16b .\CortexM3\ARM_GCC_541\Debug\rte.o
 .debug_abbrev  0x0000127e       0xf4 .\CortexM3\ARM_GCC_541\Debug\sc_brakelight_type.o
 .debug_abbrev  0x00001372       0xf4 .\CortexM3\ARM_GCC_541\Debug\sc_engine_type.o
 .debug_abbrev  0x00001466      0x100 .\CortexM3\ARM_GCC_541\Debug\sc_joystick_type.o
 .debug_abbrev  0x00001566      0x22a .\CortexM3\ARM_GCC_541\Debug\sp_common.o
 .debug_abbrev  0x00001790      0x20d .\CortexM3\ARM_GCC_541\Debug\cyfitter_cfg.o
 .debug_abbrev  0x0000199d       0x77 .\CortexM3\ARM_GCC_541\Debug\cymetadata.o
 .debug_abbrev  0x00001a14      0x1e8 .\CortexM3\ARM_GCC_541\Debug\Cm3Start.o
 .debug_abbrev  0x00001bfc      0x1b2 .\CortexM3\ARM_GCC_541\Debug\EGasPedal.a(CyDmac.o)
 .debug_abbrev  0x00001dae      0x254 .\CortexM3\ARM_GCC_541\Debug\EGasPedal.a(CyLib.o)
 .debug_abbrev  0x00002002      0x1ab .\CortexM3\ARM_GCC_541\Debug\EGasPedal.a(cyPm.o)
 .debug_abbrev  0x000021ad      0x284 .\CortexM3\ARM_GCC_541\Debug\EGasPedal.a(ErikaOS_1_ee_activate.o)
 .debug_abbrev  0x00002431      0x1f7 .\CortexM3\ARM_GCC_541\Debug\EGasPedal.a(ErikaOS_1_ee_alsetrel.o)
 .debug_abbrev  0x00002628      0x362 .\CortexM3\ARM_GCC_541\Debug\EGasPedal.a(ErikaOS_1_ee_altick.o)
 .debug_abbrev  0x0000298a      0x1e0 .\CortexM3\ARM_GCC_541\Debug\EGasPedal.a(ErikaOS_1_ee_evclear.o)
 .debug_abbrev  0x00002b6a      0x150 .\CortexM3\ARM_GCC_541\Debug\EGasPedal.a(ErikaOS_1_ee_evget.o)
 .debug_abbrev  0x00002cba      0x27f .\CortexM3\ARM_GCC_541\Debug\EGasPedal.a(ErikaOS_1_ee_evset.o)
 .debug_abbrev  0x00002f39      0x25d .\CortexM3\ARM_GCC_541\Debug\EGasPedal.a(ErikaOS_1_ee_evwait.o)
 .debug_abbrev  0x00003196      0x1da .\CortexM3\ARM_GCC_541\Debug\EGasPedal.a(ErikaOS_1_ee_irqendin.o)
 .debug_abbrev  0x00003370       0xcf .\CortexM3\ARM_GCC_541\Debug\EGasPedal.a(ErikaOS_1_ee_lookup.o)
 .debug_abbrev  0x0000343f       0xfc .\CortexM3\ARM_GCC_541\Debug\EGasPedal.a(ErikaOS_1_ee_rq_exchg.o)
 .debug_abbrev  0x0000353b       0xed .\CortexM3\ARM_GCC_541\Debug\EGasPedal.a(ErikaOS_1_ee_rq_first.o)
 .debug_abbrev  0x00003628      0x109 .\CortexM3\ARM_GCC_541\Debug\EGasPedal.a(ErikaOS_1_ee_rq_inser.o)
 .debug_abbrev  0x00003731      0x193 .\CortexM3\ARM_GCC_541\Debug\EGasPedal.a(ErikaOS_1_ee_shtdown.o)
 .debug_abbrev  0x000038c4      0x4a7 .\CortexM3\ARM_GCC_541\Debug\EGasPedal.a(ErikaOS_1_ee_startos.o)
 .debug_abbrev  0x00003d6b      0x1de .\CortexM3\ARM_GCC_541\Debug\EGasPedal.a(ErikaOS_1_ee_terminat.o)
 .debug_abbrev  0x00003f49      0x1e3 .\CortexM3\ARM_GCC_541\Debug\EGasPedal.a(ErikaOS_1_cortex_mx_ee_utils.o)
 .debug_abbrev  0x0000412c       0xcf .\CortexM3\ARM_GCC_541\Debug\EGasPedal.a(ErikaOS_1_common_ee_hal_structs.o)
 .debug_abbrev  0x000041fb      0x130 .\CortexM3\ARM_GCC_541\Debug\EGasPedal.a(ErikaOS_1_eecfg.o)
 .debug_abbrev  0x0000432b      0x13e .\CortexM3\ARM_GCC_541\Debug\EGasPedal.a(Joystick_ADC.o)
 .debug_abbrev  0x00004469       0x42 .\CortexM3\ARM_GCC_541\Debug\EGasPedal.a(Joystick_ADC_INT.o)
 .debug_abbrev  0x000044ab      0x1ac .\CortexM3\ARM_GCC_541\Debug\EGasPedal.a(Joystick_ADC_SAR.o)
 .debug_abbrev  0x00004657       0xcd .\CortexM3\ARM_GCC_541\Debug\EGasPedal.a(Joystick_ADC_TempBuf_dma.o)
 .debug_abbrev  0x00004724       0xcd .\CortexM3\ARM_GCC_541\Debug\EGasPedal.a(Joystick_ADC_FinalBuf_dma.o)
 .debug_abbrev  0x000047f1      0x173 .\CortexM3\ARM_GCC_541\Debug\EGasPedal.a(Joystick_ADC_IRQ.o)
 .debug_abbrev  0x00004964      0x12d .\CortexM3\ARM_GCC_541\Debug\EGasPedal.a(RGB_PWM_green.o)
 .debug_abbrev  0x00004a91       0x90 .\CortexM3\ARM_GCC_541\Debug\EGasPedal.a(LED_red.o)
 .debug_abbrev  0x00004b21      0x175 .\CortexM3\ARM_GCC_541\Debug\EGasPedal.a(UART_LOG.o)
 .debug_abbrev  0x00004c96      0x139 .\CortexM3\ARM_GCC_541\Debug\EGasPedal.a(UART_LOG_IntClock.o)
 .debug_abbrev  0x00004dcf       0x90 .\CortexM3\ARM_GCC_541\Debug\EGasPedal.a(WD_ResetButton.o)
 .debug_abbrev  0x00004e5f       0x14 .\CortexM3\ARM_GCC_541\Debug\EGasPedal.a(CyBootAsmGnu.o)
 .debug_abbrev  0x00004e73       0x14 .\CortexM3\ARM_GCC_541\Debug\EGasPedal.a(ErikaOS_1_ee_gnu_change_context_isr.o)
 .debug_abbrev  0x00004e87       0x14 .\CortexM3\ARM_GCC_541\Debug\EGasPedal.a(ErikaOS_1_ee_gnu_irq_stack.o)
 .debug_abbrev  0x00004e9b       0x14 .\CortexM3\ARM_GCC_541\Debug\EGasPedal.a(ErikaOS_1_ee_gnu_multi_context.o)
 .debug_abbrev  0x00004eaf       0x14 .\CortexM3\ARM_GCC_541\Debug\EGasPedal.a(ErikaOS_1_ee_gnu_oo.o)
 .debug_abbrev  0x00004ec3      0x1a7 .\CortexM3\ARM_GCC_541\Debug\EGasPedal.a(CyFlash.o)
 .debug_abbrev  0x0000506a      0x194 .\CortexM3\ARM_GCC_541\Debug\EGasPedal.a(CySpc.o)
 .debug_abbrev  0x000051fe      0x157 .\CortexM3\ARM_GCC_541\Debug\EGasPedal.a(ErikaOS_1_ee_tnterm.o)
 .debug_abbrev  0x00005355      0x143 .\CortexM3\ARM_GCC_541\Debug\EGasPedal.a(ErikaOS_1_ee_tstub.o)
 .debug_abbrev  0x00005498      0x156 .\CortexM3\ARM_GCC_541\Debug\EGasPedal.a(ErikaOS_1_cortex_mx_ee_context.o)
 .debug_abbrev  0x000055ee      0x229 .\CortexM3\ARM_GCC_541\Debug\EGasPedal.a(ErikaOS_1_ee_thendin.o)

.debug_line     0x00000000     0x7ea1
 *(.debug_line)
 .debug_line    0x00000000      0x4ff .\CortexM3\ARM_GCC_541\Debug\main.o
 .debug_line    0x000004ff      0x39c .\CortexM3\ARM_GCC_541\Debug\swc_brakelight.o
 .debug_line    0x0000089b      0x3aa .\CortexM3\ARM_GCC_541\Debug\swc_control.o
 .debug_line    0x00000c45      0x3ae .\CortexM3\ARM_GCC_541\Debug\swc_engine.o
 .debug_line    0x00000ff3      0x381 .\CortexM3\ARM_GCC_541\Debug\swc_joystick.o
 .debug_line    0x00001374      0x282 .\CortexM3\ARM_GCC_541\Debug\tsk_io.o
 .debug_line    0x000015f6      0x255 .\CortexM3\ARM_GCC_541\Debug\tsk_system.o
 .debug_line    0x0000184b      0x291 .\CortexM3\ARM_GCC_541\Debug\tsk_control.o
 .debug_line    0x00001adc      0x24c .\CortexM3\ARM_GCC_541\Debug\joystick.o
 .debug_line    0x00001d28      0x244 .\CortexM3\ARM_GCC_541\Debug\pwm.o
 .debug_line    0x00001f6c      0x280 .\CortexM3\ARM_GCC_541\Debug\watchdog.o
 .debug_line    0x000021ec      0x293 .\CortexM3\ARM_GCC_541\Debug\rte.o
 .debug_line    0x0000247f        0x0 .\CortexM3\ARM_GCC_541\Debug\sc_brakelight.o
 .debug_line    0x0000247f      0x25f .\CortexM3\ARM_GCC_541\Debug\sc_brakelight_type.o
 .debug_line    0x000026de        0x0 .\CortexM3\ARM_GCC_541\Debug\sc_engine.o
 .debug_line    0x000026de      0x254 .\CortexM3\ARM_GCC_541\Debug\sc_engine_type.o
 .debug_line    0x00002932        0x0 .\CortexM3\ARM_GCC_541\Debug\sc_joystick.o
 .debug_line    0x00002932      0x25c .\CortexM3\ARM_GCC_541\Debug\sc_joystick_type.o
 .debug_line    0x00002b8e        0x0 .\CortexM3\ARM_GCC_541\Debug\sc_speed.o
 .debug_line    0x00002b8e      0x446 .\CortexM3\ARM_GCC_541\Debug\sp_common.o
 .debug_line    0x00002fd4      0x207 .\CortexM3\ARM_GCC_541\Debug\cyfitter_cfg.o
 .debug_line    0x000031db      0x141 .\CortexM3\ARM_GCC_541\Debug\cymetadata.o
 .debug_line    0x0000331c      0x241 .\CortexM3\ARM_GCC_541\Debug\Cm3Start.o
 .debug_line    0x0000355d      0x2e4 .\CortexM3\ARM_GCC_541\Debug\EGasPedal.a(CyDmac.o)
 .debug_line    0x00003841      0x816 .\CortexM3\ARM_GCC_541\Debug\EGasPedal.a(CyLib.o)
 .debug_line    0x00004057      0x367 .\CortexM3\ARM_GCC_541\Debug\EGasPedal.a(cyPm.o)
 .debug_line    0x000043be      0x1fa .\CortexM3\ARM_GCC_541\Debug\EGasPedal.a(ErikaOS_1_ee_activate.o)
 .debug_line    0x000045b8      0x1d1 .\CortexM3\ARM_GCC_541\Debug\EGasPedal.a(ErikaOS_1_ee_alsetrel.o)
 .debug_line    0x00004789      0x305 .\CortexM3\ARM_GCC_541\Debug\EGasPedal.a(ErikaOS_1_ee_altick.o)
 .debug_line    0x00004a8e      0x1d5 .\CortexM3\ARM_GCC_541\Debug\EGasPedal.a(ErikaOS_1_ee_evclear.o)
 .debug_line    0x00004c63      0x15b .\CortexM3\ARM_GCC_541\Debug\EGasPedal.a(ErikaOS_1_ee_evget.o)
 .debug_line    0x00004dbe      0x1f7 .\CortexM3\ARM_GCC_541\Debug\EGasPedal.a(ErikaOS_1_ee_evset.o)
 .debug_line    0x00004fb5      0x203 .\CortexM3\ARM_GCC_541\Debug\EGasPedal.a(ErikaOS_1_ee_evwait.o)
 .debug_line    0x000051b8      0x1a0 .\CortexM3\ARM_GCC_541\Debug\EGasPedal.a(ErikaOS_1_ee_irqendin.o)
 .debug_line    0x00005358      0x119 .\CortexM3\ARM_GCC_541\Debug\EGasPedal.a(ErikaOS_1_ee_lookup.o)
 .debug_line    0x00005471      0x15b .\CortexM3\ARM_GCC_541\Debug\EGasPedal.a(ErikaOS_1_ee_rq_exchg.o)
 .debug_line    0x000055cc      0x152 .\CortexM3\ARM_GCC_541\Debug\EGasPedal.a(ErikaOS_1_ee_rq_first.o)
 .debug_line    0x0000571e      0x156 .\CortexM3\ARM_GCC_541\Debug\EGasPedal.a(ErikaOS_1_ee_rq_inser.o)
 .debug_line    0x00005874      0x179 .\CortexM3\ARM_GCC_541\Debug\EGasPedal.a(ErikaOS_1_ee_shtdown.o)
 .debug_line    0x000059ed      0x3fa .\CortexM3\ARM_GCC_541\Debug\EGasPedal.a(ErikaOS_1_ee_startos.o)
 .debug_line    0x00005de7      0x1c0 .\CortexM3\ARM_GCC_541\Debug\EGasPedal.a(ErikaOS_1_ee_terminat.o)
 .debug_line    0x00005fa7      0x184 .\CortexM3\ARM_GCC_541\Debug\EGasPedal.a(ErikaOS_1_cortex_mx_ee_utils.o)
 .debug_line    0x0000612b       0xf9 .\CortexM3\ARM_GCC_541\Debug\EGasPedal.a(ErikaOS_1_common_ee_hal_structs.o)
 .debug_line    0x00006224      0x13c .\CortexM3\ARM_GCC_541\Debug\EGasPedal.a(ErikaOS_1_eecfg.o)
 .debug_line    0x00006360      0x22f .\CortexM3\ARM_GCC_541\Debug\EGasPedal.a(Joystick_ADC.o)
 .debug_line    0x0000658f       0x59 .\CortexM3\ARM_GCC_541\Debug\EGasPedal.a(Joystick_ADC_INT.o)
 .debug_line    0x000065e8      0x20c .\CortexM3\ARM_GCC_541\Debug\EGasPedal.a(Joystick_ADC_SAR.o)
 .debug_line    0x000067f4       0x91 .\CortexM3\ARM_GCC_541\Debug\EGasPedal.a(Joystick_ADC_TempBuf_dma.o)
 .debug_line    0x00006885       0x92 .\CortexM3\ARM_GCC_541\Debug\EGasPedal.a(Joystick_ADC_FinalBuf_dma.o)
 .debug_line    0x00006917      0x13d .\CortexM3\ARM_GCC_541\Debug\EGasPedal.a(Joystick_ADC_IRQ.o)
 .debug_line    0x00006a54      0x142 .\CortexM3\ARM_GCC_541\Debug\EGasPedal.a(RGB_PWM_green.o)
 .debug_line    0x00006b96       0x94 .\CortexM3\ARM_GCC_541\Debug\EGasPedal.a(LED_red.o)
 .debug_line    0x00006c2a      0x2c4 .\CortexM3\ARM_GCC_541\Debug\EGasPedal.a(UART_LOG.o)
 .debug_line    0x00006eee      0x180 .\CortexM3\ARM_GCC_541\Debug\EGasPedal.a(UART_LOG_IntClock.o)
 .debug_line    0x0000706e       0x9b .\CortexM3\ARM_GCC_541\Debug\EGasPedal.a(WD_ResetButton.o)
 .debug_line    0x00007109       0x66 .\CortexM3\ARM_GCC_541\Debug\EGasPedal.a(CyBootAsmGnu.o)
 .debug_line    0x0000716f       0xae .\CortexM3\ARM_GCC_541\Debug\EGasPedal.a(ErikaOS_1_ee_gnu_change_context_isr.o)
 .debug_line    0x0000721d       0x74 .\CortexM3\ARM_GCC_541\Debug\EGasPedal.a(ErikaOS_1_ee_gnu_irq_stack.o)
 .debug_line    0x00007291       0x9d .\CortexM3\ARM_GCC_541\Debug\EGasPedal.a(ErikaOS_1_ee_gnu_multi_context.o)
 .debug_line    0x0000732e       0x99 .\CortexM3\ARM_GCC_541\Debug\EGasPedal.a(ErikaOS_1_ee_gnu_oo.o)
 .debug_line    0x000073c7      0x21a .\CortexM3\ARM_GCC_541\Debug\EGasPedal.a(CyFlash.o)
 .debug_line    0x000075e1      0x260 .\CortexM3\ARM_GCC_541\Debug\EGasPedal.a(CySpc.o)
 .debug_line    0x00007841      0x17b .\CortexM3\ARM_GCC_541\Debug\EGasPedal.a(ErikaOS_1_ee_tnterm.o)
 .debug_line    0x000079bc      0x172 .\CortexM3\ARM_GCC_541\Debug\EGasPedal.a(ErikaOS_1_ee_tstub.o)
 .debug_line    0x00007b2e      0x1ac .\CortexM3\ARM_GCC_541\Debug\EGasPedal.a(ErikaOS_1_cortex_mx_ee_context.o)
 .debug_line    0x00007cda      0x1c7 .\CortexM3\ARM_GCC_541\Debug\EGasPedal.a(ErikaOS_1_ee_thendin.o)

.debug_frame    0x00000000     0x25a0
 *(.debug_frame)
 .debug_frame   0x00000000      0x128 .\CortexM3\ARM_GCC_541\Debug\main.o
 .debug_frame   0x00000128       0x30 .\CortexM3\ARM_GCC_541\Debug\swc_brakelight.o
 .debug_frame   0x00000158       0x34 .\CortexM3\ARM_GCC_541\Debug\swc_control.o
 .debug_frame   0x0000018c       0x30 .\CortexM3\ARM_GCC_541\Debug\swc_engine.o
 .debug_frame   0x000001bc       0x34 .\CortexM3\ARM_GCC_541\Debug\swc_joystick.o
 .debug_frame   0x000001f0       0x2c .\CortexM3\ARM_GCC_541\Debug\tsk_io.o
 .debug_frame   0x0000021c       0x2c .\CortexM3\ARM_GCC_541\Debug\tsk_system.o
 .debug_frame   0x00000248       0x2c .\CortexM3\ARM_GCC_541\Debug\tsk_control.o
 .debug_frame   0x00000274       0x4c .\CortexM3\ARM_GCC_541\Debug\joystick.o
 .debug_frame   0x000002c0       0x48 .\CortexM3\ARM_GCC_541\Debug\pwm.o
 .debug_frame   0x00000308       0x68 .\CortexM3\ARM_GCC_541\Debug\watchdog.o
 .debug_frame   0x00000370       0x60 .\CortexM3\ARM_GCC_541\Debug\rte.o
 .debug_frame   0x000003d0       0x2c .\CortexM3\ARM_GCC_541\Debug\sc_brakelight_type.o
 .debug_frame   0x000003fc       0x2c .\CortexM3\ARM_GCC_541\Debug\sc_engine_type.o
 .debug_frame   0x00000428       0x2c .\CortexM3\ARM_GCC_541\Debug\sc_joystick_type.o
 .debug_frame   0x00000454       0x44 .\CortexM3\ARM_GCC_541\Debug\sp_common.o
 .debug_frame   0x00000498       0xfc .\CortexM3\ARM_GCC_541\Debug\cyfitter_cfg.o
 .debug_frame   0x00000594       0xb8 .\CortexM3\ARM_GCC_541\Debug\Cm3Start.o
 .debug_frame   0x0000064c      0x1f8 .\CortexM3\ARM_GCC_541\Debug\EGasPedal.a(CyDmac.o)
 .debug_frame   0x00000844      0x738 .\CortexM3\ARM_GCC_541\Debug\EGasPedal.a(CyLib.o)
 .debug_frame   0x00000f7c      0x1f8 .\CortexM3\ARM_GCC_541\Debug\EGasPedal.a(cyPm.o)
 .debug_frame   0x00001174       0x30 .\CortexM3\ARM_GCC_541\Debug\EGasPedal.a(ErikaOS_1_ee_activate.o)
 .debug_frame   0x000011a4       0x38 .\CortexM3\ARM_GCC_541\Debug\EGasPedal.a(ErikaOS_1_ee_alsetrel.o)
 .debug_frame   0x000011dc      0x10c .\CortexM3\ARM_GCC_541\Debug\EGasPedal.a(ErikaOS_1_ee_altick.o)
 .debug_frame   0x000012e8       0x38 .\CortexM3\ARM_GCC_541\Debug\EGasPedal.a(ErikaOS_1_ee_evclear.o)
 .debug_frame   0x00001320       0x20 .\CortexM3\ARM_GCC_541\Debug\EGasPedal.a(ErikaOS_1_ee_evget.o)
 .debug_frame   0x00001340       0x30 .\CortexM3\ARM_GCC_541\Debug\EGasPedal.a(ErikaOS_1_ee_evset.o)
 .debug_frame   0x00001370       0x30 .\CortexM3\ARM_GCC_541\Debug\EGasPedal.a(ErikaOS_1_ee_evwait.o)
 .debug_frame   0x000013a0       0x58 .\CortexM3\ARM_GCC_541\Debug\EGasPedal.a(ErikaOS_1_ee_irqendin.o)
 .debug_frame   0x000013f8       0x3c .\CortexM3\ARM_GCC_541\Debug\EGasPedal.a(ErikaOS_1_ee_rq_exchg.o)
 .debug_frame   0x00001434       0x20 .\CortexM3\ARM_GCC_541\Debug\EGasPedal.a(ErikaOS_1_ee_rq_first.o)
 .debug_frame   0x00001454       0x30 .\CortexM3\ARM_GCC_541\Debug\EGasPedal.a(ErikaOS_1_ee_rq_inser.o)
 .debug_frame   0x00001484       0x58 .\CortexM3\ARM_GCC_541\Debug\EGasPedal.a(ErikaOS_1_ee_shtdown.o)
 .debug_frame   0x000014dc       0x90 .\CortexM3\ARM_GCC_541\Debug\EGasPedal.a(ErikaOS_1_ee_startos.o)
 .debug_frame   0x0000156c       0x2c .\CortexM3\ARM_GCC_541\Debug\EGasPedal.a(ErikaOS_1_ee_terminat.o)
 .debug_frame   0x00001598       0x30 .\CortexM3\ARM_GCC_541\Debug\EGasPedal.a(ErikaOS_1_cortex_mx_ee_utils.o)
 .debug_frame   0x000015c8      0x1dc .\CortexM3\ARM_GCC_541\Debug\EGasPedal.a(Joystick_ADC.o)
 .debug_frame   0x000017a4       0x20 .\CortexM3\ARM_GCC_541\Debug\EGasPedal.a(Joystick_ADC_INT.o)
 .debug_frame   0x000017c4      0x1b0 .\CortexM3\ARM_GCC_541\Debug\EGasPedal.a(Joystick_ADC_SAR.o)
 .debug_frame   0x00001974       0x54 .\CortexM3\ARM_GCC_541\Debug\EGasPedal.a(Joystick_ADC_TempBuf_dma.o)
 .debug_frame   0x000019c8       0x54 .\CortexM3\ARM_GCC_541\Debug\EGasPedal.a(Joystick_ADC_FinalBuf_dma.o)
 .debug_frame   0x00001a1c      0x104 .\CortexM3\ARM_GCC_541\Debug\EGasPedal.a(Joystick_ADC_IRQ.o)
 .debug_frame   0x00001b20       0xf8 .\CortexM3\ARM_GCC_541\Debug\EGasPedal.a(RGB_PWM_green.o)
 .debug_frame   0x00001c18       0x50 .\CortexM3\ARM_GCC_541\Debug\EGasPedal.a(LED_red.o)
 .debug_frame   0x00001c68      0x250 .\CortexM3\ARM_GCC_541\Debug\EGasPedal.a(UART_LOG.o)
 .debug_frame   0x00001eb8       0xe0 .\CortexM3\ARM_GCC_541\Debug\EGasPedal.a(UART_LOG_IntClock.o)
 .debug_frame   0x00001f98       0x50 .\CortexM3\ARM_GCC_541\Debug\EGasPedal.a(WD_ResetButton.o)
 .debug_frame   0x00001fe8      0x194 .\CortexM3\ARM_GCC_541\Debug\EGasPedal.a(CyFlash.o)
 .debug_frame   0x0000217c      0x180 .\CortexM3\ARM_GCC_541\Debug\EGasPedal.a(CySpc.o)
 .debug_frame   0x000022fc       0x2c .\CortexM3\ARM_GCC_541\Debug\EGasPedal.a(ErikaOS_1_ee_tnterm.o)
 .debug_frame   0x00002328       0x2c .\CortexM3\ARM_GCC_541\Debug\EGasPedal.a(ErikaOS_1_ee_tstub.o)
 .debug_frame   0x00002354       0x3c .\CortexM3\ARM_GCC_541\Debug\EGasPedal.a(ErikaOS_1_cortex_mx_ee_context.o)
 .debug_frame   0x00002390       0x5c .\CortexM3\ARM_GCC_541\Debug\EGasPedal.a(ErikaOS_1_ee_thendin.o)
 .debug_frame   0x000023ec       0x44 c:/program files (x86)/cypress/psoc creator/4.4/psoc creator/import/gnu/arm/5.4.1/bin/../lib/gcc/arm-none-eabi/5.4.1/armv7-m\libgcc.a(_aeabi_ldivmod.o)
 .debug_frame   0x00002430       0x38 c:/program files (x86)/cypress/psoc creator/4.4/psoc creator/import/gnu/arm/5.4.1/bin/../lib/gcc/arm-none-eabi/5.4.1/armv7-m\libgcc.a(_udivmoddi4.o)
 .debug_frame   0x00002468       0x20 c:/program files (x86)/cypress/psoc creator/4.4/psoc creator/import/gnu/arm/5.4.1/bin/../lib/gcc/arm-none-eabi/5.4.1/../../../../arm-none-eabi/lib/armv7-m\libg_nano.a(lib_a-errno.o)
 .debug_frame   0x00002488       0x28 c:/program files (x86)/cypress/psoc creator/4.4/psoc creator/import/gnu/arm/5.4.1/bin/../lib/gcc/arm-none-eabi/5.4.1/../../../../arm-none-eabi/lib/armv7-m\libg_nano.a(lib_a-exit.o)
 .debug_frame   0x000024b0       0x2c c:/program files (x86)/cypress/psoc creator/4.4/psoc creator/import/gnu/arm/5.4.1/bin/../lib/gcc/arm-none-eabi/5.4.1/../../../../arm-none-eabi/lib/armv7-m\libg_nano.a(lib_a-init.o)
 .debug_frame   0x000024dc       0x38 c:/program files (x86)/cypress/psoc creator/4.4/psoc creator/import/gnu/arm/5.4.1/bin/../lib/gcc/arm-none-eabi/5.4.1/../../../../arm-none-eabi/lib/armv7-m\libg_nano.a(lib_a-itoa.o)
 .debug_frame   0x00002514       0x28 c:/program files (x86)/cypress/psoc creator/4.4/psoc creator/import/gnu/arm/5.4.1/bin/../lib/gcc/arm-none-eabi/5.4.1/../../../../arm-none-eabi/lib/armv7-m\libg_nano.a(lib_a-memcpy-stub.o)
 .debug_frame   0x0000253c       0x20 c:/program files (x86)/cypress/psoc creator/4.4/psoc creator/import/gnu/arm/5.4.1/bin/../lib/gcc/arm-none-eabi/5.4.1/../../../../arm-none-eabi/lib/armv7-m\libg_nano.a(lib_a-memset.o)
 .debug_frame   0x0000255c       0x44 c:/program files (x86)/cypress/psoc creator/4.4/psoc creator/import/gnu/arm/5.4.1/bin/../lib/gcc/arm-none-eabi/5.4.1/../../../../arm-none-eabi/lib/armv7-m\libg_nano.a(lib_a-utoa.o)

.debug_str      0x00000000     0x4da3
 *(.debug_str)
 .debug_str     0x00000000      0x598 .\CortexM3\ARM_GCC_541\Debug\main.o
                                0x615 (size before relaxing)
 .debug_str     0x00000598      0x4f7 .\CortexM3\ARM_GCC_541\Debug\swc_brakelight.o
                                0x76f (size before relaxing)
 .debug_str     0x00000a8f      0x140 .\CortexM3\ARM_GCC_541\Debug\swc_control.o
                                0x780 (size before relaxing)
 .debug_str     0x00000bcf      0x11d .\CortexM3\ARM_GCC_541\Debug\swc_engine.o
                                0x76e (size before relaxing)
 .debug_str     0x00000cec       0x7b .\CortexM3\ARM_GCC_541\Debug\swc_joystick.o
                                0x6cb (size before relaxing)
 .debug_str     0x00000d67       0xb6 .\CortexM3\ARM_GCC_541\Debug\tsk_io.o
                                0x334 (size before relaxing)
 .debug_str     0x00000e1d       0x44 .\CortexM3\ARM_GCC_541\Debug\tsk_system.o
                                0x28d (size before relaxing)
 .debug_str     0x00000e61       0xca .\CortexM3\ARM_GCC_541\Debug\tsk_control.o
                                0x33f (size before relaxing)
 .debug_str     0x00000f2b       0x99 .\CortexM3\ARM_GCC_541\Debug\joystick.o
                                0x4c6 (size before relaxing)
 .debug_str     0x00000fc4       0x56 .\CortexM3\ARM_GCC_541\Debug\pwm.o
                                0x474 (size before relaxing)
 .debug_str     0x0000101a       0x64 .\CortexM3\ARM_GCC_541\Debug\watchdog.o
                                0x4f7 (size before relaxing)
 .debug_str     0x0000107e       0x1b .\CortexM3\ARM_GCC_541\Debug\rte.o
                                0x4c1 (size before relaxing)
 .debug_str     0x00001099       0x1b .\CortexM3\ARM_GCC_541\Debug\sc_brakelight.o
                                 0xea (size before relaxing)
 .debug_str     0x000010b4       0x46 .\CortexM3\ARM_GCC_541\Debug\sc_brakelight_type.o
                                0x480 (size before relaxing)
 .debug_str     0x000010fa       0x17 .\CortexM3\ARM_GCC_541\Debug\sc_engine.o
                                 0xe6 (size before relaxing)
 .debug_str     0x00001111       0x30 .\CortexM3\ARM_GCC_541\Debug\sc_engine_type.o
                                0x477 (size before relaxing)
 .debug_str     0x00001141       0x19 .\CortexM3\ARM_GCC_541\Debug\sc_joystick.o
                                 0xe8 (size before relaxing)
 .debug_str     0x0000115a       0x33 .\CortexM3\ARM_GCC_541\Debug\sc_joystick_type.o
                                0x478 (size before relaxing)
 .debug_str     0x0000118d       0x16 .\CortexM3\ARM_GCC_541\Debug\sc_speed.o
                                 0xe5 (size before relaxing)
 .debug_str     0x000011a3      0x148 .\CortexM3\ARM_GCC_541\Debug\sp_common.o
                                0x963 (size before relaxing)
 .debug_str     0x000012eb      0x19e .\CortexM3\ARM_GCC_541\Debug\cyfitter_cfg.o
                                0x34d (size before relaxing)
 .debug_str     0x00001489       0x75 .\CortexM3\ARM_GCC_541\Debug\cymetadata.o
                                0x1e3 (size before relaxing)
 .debug_str     0x000014fe      0x141 .\CortexM3\ARM_GCC_541\Debug\Cm3Start.o
                                0x319 (size before relaxing)
 .debug_str     0x0000163f      0x36f .\CortexM3\ARM_GCC_541\Debug\EGasPedal.a(CyDmac.o)
                                0x549 (size before relaxing)
 .debug_str     0x000019ae      0x7ce .\CortexM3\ARM_GCC_541\Debug\EGasPedal.a(CyLib.o)
                                0xa46 (size before relaxing)
 .debug_str     0x0000217c      0x365 .\CortexM3\ARM_GCC_541\Debug\EGasPedal.a(cyPm.o)
                                0x732 (size before relaxing)
 .debug_str     0x000024e1      0x5b7 .\CortexM3\ARM_GCC_541\Debug\EGasPedal.a(ErikaOS_1_ee_activate.o)
                                0x806 (size before relaxing)
 .debug_str     0x00002a98       0x99 .\CortexM3\ARM_GCC_541\Debug\EGasPedal.a(ErikaOS_1_ee_alsetrel.o)
                                0x5fe (size before relaxing)
 .debug_str     0x00002b31      0x232 .\CortexM3\ARM_GCC_541\Debug\EGasPedal.a(ErikaOS_1_ee_altick.o)
                                0xa61 (size before relaxing)
 .debug_str     0x00002d63       0x2e .\CortexM3\ARM_GCC_541\Debug\EGasPedal.a(ErikaOS_1_ee_evclear.o)
                                0x5de (size before relaxing)
 .debug_str     0x00002d91       0x5d .\CortexM3\ARM_GCC_541\Debug\EGasPedal.a(ErikaOS_1_ee_evget.o)
                                0x54e (size before relaxing)
 .debug_str     0x00002dee       0x2c .\CortexM3\ARM_GCC_541\Debug\EGasPedal.a(ErikaOS_1_ee_evset.o)
                                0x7de (size before relaxing)
 .debug_str     0x00002e1a       0x8f .\CortexM3\ARM_GCC_541\Debug\EGasPedal.a(ErikaOS_1_ee_evwait.o)
                                0x822 (size before relaxing)
 .debug_str     0x00002ea9       0xca .\CortexM3\ARM_GCC_541\Debug\EGasPedal.a(ErikaOS_1_ee_irqendin.o)
                                0x6bb (size before relaxing)
 .debug_str     0x00002f73       0x2d .\CortexM3\ARM_GCC_541\Debug\EGasPedal.a(ErikaOS_1_ee_lookup.o)
                                0x48a (size before relaxing)
 .debug_str     0x00002fa0       0x8c .\CortexM3\ARM_GCC_541\Debug\EGasPedal.a(ErikaOS_1_ee_rq_exchg.o)
                                0x4fc (size before relaxing)
 .debug_str     0x0000302c       0x2f .\CortexM3\ARM_GCC_541\Debug\EGasPedal.a(ErikaOS_1_ee_rq_first.o)
                                0x4c7 (size before relaxing)
 .debug_str     0x0000305b       0x3a .\CortexM3\ARM_GCC_541\Debug\EGasPedal.a(ErikaOS_1_ee_rq_inser.o)
                                0x501 (size before relaxing)
 .debug_str     0x00003095       0x8f .\CortexM3\ARM_GCC_541\Debug\EGasPedal.a(ErikaOS_1_ee_shtdown.o)
                                0x572 (size before relaxing)
 .debug_str     0x00003124      0x894 .\CortexM3\ARM_GCC_541\Debug\EGasPedal.a(ErikaOS_1_ee_startos.o)
                               0x172d (size before relaxing)
 .debug_str     0x000039b8       0x5d .\CortexM3\ARM_GCC_541\Debug\EGasPedal.a(ErikaOS_1_ee_terminat.o)
                                0x5eb (size before relaxing)
 .debug_str     0x00003a15       0x73 .\CortexM3\ARM_GCC_541\Debug\EGasPedal.a(ErikaOS_1_cortex_mx_ee_utils.o)
                                0x559 (size before relaxing)
 .debug_str     0x00003a88       0x39 .\CortexM3\ARM_GCC_541\Debug\EGasPedal.a(ErikaOS_1_common_ee_hal_structs.o)
                                0x496 (size before relaxing)
 .debug_str     0x00003ac1      0x18a .\CortexM3\ARM_GCC_541\Debug\EGasPedal.a(ErikaOS_1_eecfg.o)
                                0x7cf (size before relaxing)
 .debug_str     0x00003c4b      0x42a .\CortexM3\ARM_GCC_541\Debug\EGasPedal.a(Joystick_ADC.o)
                                0x6f9 (size before relaxing)
 .debug_str     0x00004075       0x3b .\CortexM3\ARM_GCC_541\Debug\EGasPedal.a(Joystick_ADC_INT.o)
                                0x1b5 (size before relaxing)
 .debug_str     0x000040b0      0x15a .\CortexM3\ARM_GCC_541\Debug\EGasPedal.a(Joystick_ADC_SAR.o)
                                0x515 (size before relaxing)
 .debug_str     0x0000420a       0xac .\CortexM3\ARM_GCC_541\Debug\EGasPedal.a(Joystick_ADC_TempBuf_dma.o)
                                0x2a7 (size before relaxing)
 .debug_str     0x000042b6       0x74 .\CortexM3\ARM_GCC_541\Debug\EGasPedal.a(Joystick_ADC_FinalBuf_dma.o)
                                0x2ab (size before relaxing)
 .debug_str     0x0000432a      0x148 .\CortexM3\ARM_GCC_541\Debug\EGasPedal.a(Joystick_ADC_IRQ.o)
                                0x33f (size before relaxing)
 .debug_str     0x00004472      0x16e .\CortexM3\ARM_GCC_541\Debug\EGasPedal.a(RGB_PWM_green.o)
                                0x338 (size before relaxing)
 .debug_str     0x000045e0       0x62 .\CortexM3\ARM_GCC_541\Debug\EGasPedal.a(LED_red.o)
                                0x1eb (size before relaxing)
 .debug_str     0x00004642      0x2e0 .\CortexM3\ARM_GCC_541\Debug\EGasPedal.a(UART_LOG.o)
                                0x4f0 (size before relaxing)
 .debug_str     0x00004922      0x1ab .\CortexM3\ARM_GCC_541\Debug\EGasPedal.a(UART_LOG_IntClock.o)
                                0x365 (size before relaxing)
 .debug_str     0x00004acd       0x74 .\CortexM3\ARM_GCC_541\Debug\EGasPedal.a(WD_ResetButton.o)
                                0x20e (size before relaxing)
 .debug_str     0x00004b41       0x6c .\CortexM3\ARM_GCC_541\Debug\EGasPedal.a(CyFlash.o)
                                0x3bf (size before relaxing)
 .debug_str     0x00004bad       0x64 .\CortexM3\ARM_GCC_541\Debug\EGasPedal.a(CySpc.o)
                                0x337 (size before relaxing)
 .debug_str     0x00004c11       0x46 .\CortexM3\ARM_GCC_541\Debug\EGasPedal.a(ErikaOS_1_ee_tnterm.o)
                                0x4fd (size before relaxing)
 .debug_str     0x00004c57       0x57 .\CortexM3\ARM_GCC_541\Debug\EGasPedal.a(ErikaOS_1_ee_tstub.o)
                                0x5d4 (size before relaxing)
 .debug_str     0x00004cae       0x8c .\CortexM3\ARM_GCC_541\Debug\EGasPedal.a(ErikaOS_1_cortex_mx_ee_context.o)
                                0x58b (size before relaxing)
 .debug_str     0x00004d3a       0x69 .\CortexM3\ARM_GCC_541\Debug\EGasPedal.a(ErikaOS_1_ee_thendin.o)
                                0x751 (size before relaxing)

.debug_loc      0x00000000     0x48ac
 *(.debug_loc)
 .debug_loc     0x00000000      0x13a .\CortexM3\ARM_GCC_541\Debug\main.o
 .debug_loc     0x0000013a       0xc4 .\CortexM3\ARM_GCC_541\Debug\swc_brakelight.o
 .debug_loc     0x000001fe      0x105 .\CortexM3\ARM_GCC_541\Debug\swc_control.o
 .debug_loc     0x00000303       0xc4 .\CortexM3\ARM_GCC_541\Debug\swc_engine.o
 .debug_loc     0x000003c7      0x14d .\CortexM3\ARM_GCC_541\Debug\swc_joystick.o
 .debug_loc     0x00000514       0x62 .\CortexM3\ARM_GCC_541\Debug\joystick.o
 .debug_loc     0x00000576       0x21 .\CortexM3\ARM_GCC_541\Debug\pwm.o
 .debug_loc     0x00000597       0x42 .\CortexM3\ARM_GCC_541\Debug\watchdog.o
 .debug_loc     0x000005d9      0x10e .\CortexM3\ARM_GCC_541\Debug\rte.o
 .debug_loc     0x000006e7       0x21 .\CortexM3\ARM_GCC_541\Debug\sc_brakelight_type.o
 .debug_loc     0x00000708       0x1e .\CortexM3\ARM_GCC_541\Debug\sc_engine_type.o
 .debug_loc     0x00000726       0x21 .\CortexM3\ARM_GCC_541\Debug\sc_joystick_type.o
 .debug_loc     0x00000747      0x151 .\CortexM3\ARM_GCC_541\Debug\sp_common.o
 .debug_loc     0x00000898      0x2ae .\CortexM3\ARM_GCC_541\Debug\cyfitter_cfg.o
 .debug_loc     0x00000b46      0x144 .\CortexM3\ARM_GCC_541\Debug\Cm3Start.o
 .debug_loc     0x00000c8a      0xb8e .\CortexM3\ARM_GCC_541\Debug\EGasPedal.a(CyDmac.o)
 .debug_loc     0x00001818      0xa11 .\CortexM3\ARM_GCC_541\Debug\EGasPedal.a(CyLib.o)
 .debug_loc     0x00002229      0x1e4 .\CortexM3\ARM_GCC_541\Debug\EGasPedal.a(cyPm.o)
 .debug_loc     0x0000240d      0x12d .\CortexM3\ARM_GCC_541\Debug\EGasPedal.a(ErikaOS_1_ee_activate.o)
 .debug_loc     0x0000253a      0x1e0 .\CortexM3\ARM_GCC_541\Debug\EGasPedal.a(ErikaOS_1_ee_alsetrel.o)
 .debug_loc     0x0000271a      0x46c .\CortexM3\ARM_GCC_541\Debug\EGasPedal.a(ErikaOS_1_ee_altick.o)
 .debug_loc     0x00002b86       0xbc .\CortexM3\ARM_GCC_541\Debug\EGasPedal.a(ErikaOS_1_ee_evclear.o)
 .debug_loc     0x00002c42       0xa4 .\CortexM3\ARM_GCC_541\Debug\EGasPedal.a(ErikaOS_1_ee_evget.o)
 .debug_loc     0x00002ce6      0x16b .\CortexM3\ARM_GCC_541\Debug\EGasPedal.a(ErikaOS_1_ee_evset.o)
 .debug_loc     0x00002e51      0x13f .\CortexM3\ARM_GCC_541\Debug\EGasPedal.a(ErikaOS_1_ee_evwait.o)
 .debug_loc     0x00002f90       0x62 .\CortexM3\ARM_GCC_541\Debug\EGasPedal.a(ErikaOS_1_ee_irqendin.o)
 .debug_loc     0x00002ff2       0x4a .\CortexM3\ARM_GCC_541\Debug\EGasPedal.a(ErikaOS_1_ee_rq_exchg.o)
 .debug_loc     0x0000303c       0x36 .\CortexM3\ARM_GCC_541\Debug\EGasPedal.a(ErikaOS_1_ee_rq_first.o)
 .debug_loc     0x00003072       0x1e .\CortexM3\ARM_GCC_541\Debug\EGasPedal.a(ErikaOS_1_ee_rq_inser.o)
 .debug_loc     0x00003090       0x42 .\CortexM3\ARM_GCC_541\Debug\EGasPedal.a(ErikaOS_1_ee_shtdown.o)
 .debug_loc     0x000030d2      0x1d8 .\CortexM3\ARM_GCC_541\Debug\EGasPedal.a(ErikaOS_1_ee_startos.o)
 .debug_loc     0x000032aa       0x50 .\CortexM3\ARM_GCC_541\Debug\EGasPedal.a(ErikaOS_1_ee_terminat.o)
 .debug_loc     0x000032fa       0x13 .\CortexM3\ARM_GCC_541\Debug\EGasPedal.a(ErikaOS_1_cortex_mx_ee_utils.o)
 .debug_loc     0x0000330d      0x13c .\CortexM3\ARM_GCC_541\Debug\EGasPedal.a(Joystick_ADC.o)
 .debug_loc     0x00003449      0x295 .\CortexM3\ARM_GCC_541\Debug\EGasPedal.a(Joystick_ADC_SAR.o)
 .debug_loc     0x000036de       0x84 .\CortexM3\ARM_GCC_541\Debug\EGasPedal.a(Joystick_ADC_TempBuf_dma.o)
 .debug_loc     0x00003762       0x84 .\CortexM3\ARM_GCC_541\Debug\EGasPedal.a(Joystick_ADC_FinalBuf_dma.o)
 .debug_loc     0x000037e6       0x56 .\CortexM3\ARM_GCC_541\Debug\EGasPedal.a(Joystick_ADC_IRQ.o)
 .debug_loc     0x0000383c       0x13 .\CortexM3\ARM_GCC_541\Debug\EGasPedal.a(RGB_PWM_green.o)
 .debug_loc     0x0000384f       0x42 .\CortexM3\ARM_GCC_541\Debug\EGasPedal.a(LED_red.o)
 .debug_loc     0x00003891      0x258 .\CortexM3\ARM_GCC_541\Debug\EGasPedal.a(UART_LOG.o)
 .debug_loc     0x00003ae9      0x128 .\CortexM3\ARM_GCC_541\Debug\EGasPedal.a(UART_LOG_IntClock.o)
 .debug_loc     0x00003c11       0x42 .\CortexM3\ARM_GCC_541\Debug\EGasPedal.a(WD_ResetButton.o)
 .debug_loc     0x00003c53      0x3b2 .\CortexM3\ARM_GCC_541\Debug\EGasPedal.a(CyFlash.o)
 .debug_loc     0x00004005      0x705 .\CortexM3\ARM_GCC_541\Debug\EGasPedal.a(CySpc.o)
 .debug_loc     0x0000470a       0xc5 .\CortexM3\ARM_GCC_541\Debug\EGasPedal.a(ErikaOS_1_cortex_mx_ee_context.o)
 .debug_loc     0x000047cf       0xdd .\CortexM3\ARM_GCC_541\Debug\EGasPedal.a(ErikaOS_1_ee_thendin.o)

.debug_macinfo
 *(.debug_macinfo)

.debug_ranges   0x00000000      0xd00
 *(.debug_ranges)
 .debug_ranges  0x00000000       0x50 .\CortexM3\ARM_GCC_541\Debug\main.o
 .debug_ranges  0x00000050       0x10 .\CortexM3\ARM_GCC_541\Debug\swc_brakelight.o
 .debug_ranges  0x00000060       0x10 .\CortexM3\ARM_GCC_541\Debug\swc_control.o
 .debug_ranges  0x00000070       0x10 .\CortexM3\ARM_GCC_541\Debug\swc_engine.o
 .debug_ranges  0x00000080       0x10 .\CortexM3\ARM_GCC_541\Debug\swc_joystick.o
 .debug_ranges  0x00000090       0x10 .\CortexM3\ARM_GCC_541\Debug\tsk_io.o
 .debug_ranges  0x000000a0       0x10 .\CortexM3\ARM_GCC_541\Debug\tsk_system.o