Archive member included to satisfy reference by file (symbol)

.\CortexM3\ARM_GCC_541\Debug\EGasPedal.a(CyDmac.o)
                              .\CortexM3\ARM_GCC_541\Debug\Cm3Start.o (CyDmacConfigure)
.\CortexM3\ARM_GCC_541\Debug\EGasPedal.a(CyLib.o)
                              .\CortexM3\ARM_GCC_541\Debug\Cm3Start.o (CyHalt)
.\CortexM3\ARM_GCC_541\Debug\EGasPedal.a(cyPm.o)
                              .\CortexM3\ARM_GCC_541\Debug\EGasPedal.a(CyLib.o) (CyPmReadStatus)
.\CortexM3\ARM_GCC_541\Debug\EGasPedal.a(ErikaOS_1_ee_activate.o)
                              .\CortexM3\ARM_GCC_541\Debug\main.o (EE_oo_ActivateTask)
.\CortexM3\ARM_GCC_541\Debug\EGasPedal.a(ErikaOS_1_ee_alsetrel.o)
                              .\CortexM3\ARM_GCC_541\Debug\main.o (EE_oo_SetRelAlarm)
.\CortexM3\ARM_GCC_541\Debug\EGasPedal.a(ErikaOS_1_ee_altick.o)
                              .\CortexM3\ARM_GCC_541\Debug\EGasPedal.a(ErikaOS_1_ee_alsetrel.o) (EE_oo_counter_object_insert)
.\CortexM3\ARM_GCC_541\Debug\EGasPedal.a(ErikaOS_1_ee_evclear.o)
                              .\CortexM3\ARM_GCC_541\Debug\tsk_control.o (EE_oo_ClearEvent)
.\CortexM3\ARM_GCC_541\Debug\EGasPedal.a(ErikaOS_1_ee_evget.o)
                              .\CortexM3\ARM_GCC_541\Debug\tsk_control.o (EE_oo_GetEvent)
.\CortexM3\ARM_GCC_541\Debug\EGasPedal.a(ErikaOS_1_ee_evset.o)
                              .\CortexM3\ARM_GCC_541\Debug\main.o (EE_oo_SetEvent)
.\CortexM3\ARM_GCC_541\Debug\EGasPedal.a(ErikaOS_1_ee_evwait.o)
                              .\CortexM3\ARM_GCC_541\Debug\tsk_control.o (EE_oo_WaitEvent)
.\CortexM3\ARM_GCC_541\Debug\EGasPedal.a(ErikaOS_1_ee_irqendin.o)
                              .\CortexM3\ARM_GCC_541\Debug\main.o (EE_IRQ_end_post_stub)
.\CortexM3\ARM_GCC_541\Debug\EGasPedal.a(ErikaOS_1_ee_lookup.o)
                              .\CortexM3\ARM_GCC_541\Debug\EGasPedal.a(ErikaOS_1_ee_irqendin.o) (EE_oo_IRQ_disable_count)
.\CortexM3\ARM_GCC_541\Debug\EGasPedal.a(ErikaOS_1_ee_rq_exchg.o)
                              .\CortexM3\ARM_GCC_541\Debug\EGasPedal.a(ErikaOS_1_ee_activate.o) (EE_rq2stk_exchange)
.\CortexM3\ARM_GCC_541\Debug\EGasPedal.a(ErikaOS_1_ee_rq_first.o)
                              .\CortexM3\ARM_GCC_541\Debug\EGasPedal.a(ErikaOS_1_ee_activate.o) (EE_rq_queryfirst)
.\CortexM3\ARM_GCC_541\Debug\EGasPedal.a(ErikaOS_1_ee_rq_inser.o)
                              .\CortexM3\ARM_GCC_541\Debug\EGasPedal.a(ErikaOS_1_ee_activate.o) (EE_rq_insert)
.\CortexM3\ARM_GCC_541\Debug\EGasPedal.a(ErikaOS_1_ee_startos.o)
                              .\CortexM3\ARM_GCC_541\Debug\main.o (EE_oo_StartOS)
.\CortexM3\ARM_GCC_541\Debug\EGasPedal.a(ErikaOS_1_ee_terminat.o)
                              .\CortexM3\ARM_GCC_541\Debug\main.o (EE_oo_TerminateTask)
.\CortexM3\ARM_GCC_541\Debug\EGasPedal.a(ErikaOS_1_cortex_mx_ee_utils.o)
                              .\CortexM3\ARM_GCC_541\Debug\main.o (EE_system_init)
.\CortexM3\ARM_GCC_541\Debug\EGasPedal.a(ErikaOS_1_common_ee_hal_structs.o)
                              .\CortexM3\ARM_GCC_541\Debug\EGasPedal.a(ErikaOS_1_ee_irqendin.o) (EE_std_endcycle_next_tid)
.\CortexM3\ARM_GCC_541\Debug\EGasPedal.a(ErikaOS_1_eecfg.o)
                              .\CortexM3\ARM_GCC_541\Debug\EGasPedal.a(ErikaOS_1_ee_startos.o) (EE_oo_autostart_task_data)
.\CortexM3\ARM_GCC_541\Debug\EGasPedal.a(Joystick_ADC.o)
                              .\CortexM3\ARM_GCC_541\Debug\joystick.o (Joystick_ADC_Start)
.\CortexM3\ARM_GCC_541\Debug\EGasPedal.a(Joystick_ADC_INT.o)
                              .\CortexM3\ARM_GCC_541\Debug\EGasPedal.a(Joystick_ADC.o) (Joystick_ADC_ISR)
.\CortexM3\ARM_GCC_541\Debug\EGasPedal.a(Joystick_ADC_SAR.o)
                              .\CortexM3\ARM_GCC_541\Debug\EGasPedal.a(Joystick_ADC.o) (Joystick_ADC_SAR_shift)
.\CortexM3\ARM_GCC_541\Debug\EGasPedal.a(Joystick_ADC_TempBuf_dma.o)
                              .\CortexM3\ARM_GCC_541\Debug\EGasPedal.a(Joystick_ADC.o) (Joystick_ADC_TempBuf_DmaInitialize)
.\CortexM3\ARM_GCC_541\Debug\EGasPedal.a(Joystick_ADC_FinalBuf_dma.o)
                              .\CortexM3\ARM_GCC_541\Debug\EGasPedal.a(Joystick_ADC.o) (Joystick_ADC_FinalBuf_DmaInitialize)
.\CortexM3\ARM_GCC_541\Debug\EGasPedal.a(Joystick_ADC_IRQ.o)
                              .\CortexM3\ARM_GCC_541\Debug\EGasPedal.a(Joystick_ADC.o) (Joystick_ADC_IRQ_SetVector)
.\CortexM3\ARM_GCC_541\Debug\EGasPedal.a(RGB_PWM_green.o)
                              .\CortexM3\ARM_GCC_541\Debug\pwm.o (RGB_PWM_green_WriteCompare)
.\CortexM3\ARM_GCC_541\Debug\EGasPedal.a(LED_red.o)
                              .\CortexM3\ARM_GCC_541\Debug\sc_brakelight_type.o (LED_red_Write)
.\CortexM3\ARM_GCC_541\Debug\EGasPedal.a(UART_LOG.o)
                              .\CortexM3\ARM_GCC_541\Debug\main.o (UART_LOG_Start)
.\CortexM3\ARM_GCC_541\Debug\EGasPedal.a(UART_LOG_IntClock.o)
                              .\CortexM3\ARM_GCC_541\Debug\EGasPedal.a(UART_LOG.o) (UART_LOG_IntClock_Start)
[...]
Memory Configuration

Name             Origin             Length             Attributes
rom              0x00000000         0x00040000         xr
ram              0x1fff8000         0x00010000         xrw
*default*        0x00000000         0xffffffff

Linker script and memory map

LOAD c:/program files (x86)/cypress/psoc creator/4.4/psoc creator/import/gnu/arm/5.4.1/bin/../lib/gcc/arm-none-eabi/5.4.1/armv7-m/crti.o
LOAD c:/program files (x86)/cypress/psoc creator/4.4/psoc creator/import/gnu/arm/5.4.1/bin/../lib/gcc/arm-none-eabi/5.4.1/armv7-m/crtbegin.o
LOAD c:/program files (x86)/cypress/psoc creator/4.4/psoc creator/import/gnu/arm/5.4.1/bin/../lib/gcc/arm-none-eabi/5.4.1/../../../../arm-none-eabi/lib/armv7-m/crt0.o
START GROUP
LOAD .\CortexM3\ARM_GCC_541\Debug\main.o
LOAD .\CortexM3\ARM_GCC_541\Debug\swc_brakelight.o
LOAD .\CortexM3\ARM_GCC_541\Debug\swc_control.o
LOAD .\CortexM3\ARM_GCC_541\Debug\swc_engine.o
LOAD .\CortexM3\ARM_GCC_541\Debug\swc_joystick.o
LOAD .\CortexM3\ARM_GCC_541\Debug\tsk_io.o
LOAD .\CortexM3\ARM_GCC_541\Debug\tsk_system.o
LOAD .\CortexM3\ARM_GCC_541\Debug\tsk_control.o
LOAD .\CortexM3\ARM_GCC_541\Debug\joystick.o
LOAD .\CortexM3\ARM_GCC_541\Debug\pwm.o
LOAD .\CortexM3\ARM_GCC_541\Debug\watchdog.o
LOAD .\CortexM3\ARM_GCC_541\Debug\rte.o
LOAD .\CortexM3\ARM_GCC_541\Debug\sc_brakelight.o
LOAD .\CortexM3\ARM_GCC_541\Debug\sc_brakelight_type.o
LOAD .\CortexM3\ARM_GCC_541\Debug\sc_engine.o
LOAD .\CortexM3\ARM_GCC_541\Debug\sc_engine_type.o
LOAD .\CortexM3\ARM_GCC_541\Debug\sc_joystick.o
LOAD .\CortexM3\ARM_GCC_541\Debug\sc_joystick_type.o
LOAD .\CortexM3\ARM_GCC_541\Debug\sc_speed.o
LOAD .\CortexM3\ARM_GCC_541\Debug\sp_common.o
LOAD .\CortexM3\ARM_GCC_541\Debug\cyfitter_cfg.o
LOAD .\CortexM3\ARM_GCC_541\Debug\cymetadata.o
LOAD .\CortexM3\ARM_GCC_541\Debug\Cm3Start.o
LOAD .\CortexM3\ARM_GCC_541\Debug\EGasPedal.a
LOAD C:\Program Files (x86)\Cypress\PSoC Creator\4.4\PSoC Creator\psoc\content\cycomponentlibrary\CyComponentLibrary.cylib\CortexM3\ARM_GCC_541\Debug\CyComponentLibrary.a
END GROUP
START GROUP
LOAD c:/program files (x86)/cypress/psoc creator/4.4/psoc creator/import/gnu/arm/5.4.1/bin/../lib/gcc/arm-none-eabi/5.4.1/armv7-m\libgcc.a
LOAD c:/program files (x86)/cypress/psoc creator/4.4/psoc creator/import/gnu/arm/5.4.1/bin/../lib/gcc/arm-none-eabi/5.4.1/../../../../arm-none-eabi/lib/armv7-m\libg_nano.a
LOAD c:/program files (x86)/cypress/psoc creator/4.4/psoc creator/import/gnu/arm/5.4.1/bin/../lib/gcc/arm-none-eabi/5.4.1/../../../../arm-none-eabi/lib/armv7-m\libc_nano.a
END GROUP
START GROUP
LOAD c:/program files (x86)/cypress/psoc creator/4.4/psoc creator/import/gnu/arm/5.4.1/bin/../lib/gcc/arm-none-eabi/5.4.1/armv7-m\libgcc.a
LOAD c:/program files (x86)/cypress/psoc creator/4.4/psoc creator/import/gnu/arm/5.4.1/bin/../lib/gcc/arm-none-eabi/5.4.1/../../../../arm-none-eabi/lib/armv7-m\libc_nano.a
END GROUP
LOAD c:/program files (x86)/cypress/psoc creator/4.4/psoc creator/import/gnu/arm/5.4.1/bin/../lib/gcc/arm-none-eabi/5.4.1/armv7-m/crtend.o
LOAD c:/program files (x86)/cypress/psoc creator/4.4/psoc creator/import/gnu/arm/5.4.1/bin/../lib/gcc/arm-none-eabi/5.4.1/armv7-m/crtn.o
START GROUP
LOAD c:/program files (x86)/cypress/psoc creator/4.4/psoc creator/import/gnu/arm/5.4.1/bin/../lib/gcc/arm-none-eabi/5.4.1/armv7-m\libgcc.a
LOAD c:/program files (x86)/cypress/psoc creator/4.4/psoc creator/import/gnu/arm/5.4.1/bin/../lib/gcc/arm-none-eabi/5.4.1/../../../../arm-none-eabi/lib/armv7-m\libc.a
LOAD c:/program files (x86)/cypress/psoc creator/4.4/psoc creator/import/gnu/arm/5.4.1/bin/../lib/gcc/arm-none-eabi/5.4.1/../../../../arm-none-eabi/lib/armv7-m\libnosys.a
END GROUP
                0x00000000                CY_APPL_ORIGIN = 0x0
                0x00000100                CY_FLASH_ROW_SIZE = 0x100
                0x00000020                CY_ECC_ROW_SIZE = 0x20
                0x00000000                CY_EE_IN_BTLDR = 0x0
                0x00000000                CY_APPL_LOADABLE = 0x0
                0x00000800                CY_EE_SIZE = 0x800
                0x00000001                CY_APPL_NUM = 0x1
                0x00000001                CY_APPL_MAX = 0x1
                0x00000040                CY_METADATA_SIZE = 0x40
                0x00000000                CY_APPL_LOADABLE = 0x0
                0x00000000                CY_CHECKSUM_EXCLUDE_SIZE = ALIGN (0x0, CY_FLASH_ROW_SIZE)
                [!provide]                PROVIDE (__cy_heap_start, _end)
                0x00000001                PROVIDE (__cy_region_num, ((__cy_regions_end - __cy_regions) / 0x10))
                0x20008000                PROVIDE (__cy_stack, (ORIGIN (ram) + LENGTH (ram)))
                [!provide]                PROVIDE (__cy_heap_end, (__cy_stack - 0x800))

.cybootloader   0x00000000        0x0
 *(.cybootloader)
                0x00000000                appl1_start = CY_APPL_ORIGIN?CY_APPL_ORIGIN:ALIGN (CY_FLASH_ROW_SIZE)
                0x0001ff00                appl2_start = (appl1_start + ALIGN ((((LENGTH (rom) - appl1_start) - (0x2 * CY_FLASH_ROW_SIZE)) / 0x2), CY_FLASH_ROW_SIZE))
                0x00000000                appl_start = (CY_APPL_NUM == 0x1)?appl1_start:appl2_start
                0x00000000                ecc_offset = ((appl_start / CY_FLASH_ROW_SIZE) * CY_ECC_ROW_SIZE)
                0x00000000                ee_offset = (CY_APPL_LOADABLE && ! (CY_EE_IN_BTLDR))?((CY_EE_SIZE / CY_APPL_MAX) * (CY_APPL_NUM - 0x1)):0x0
                0x00000800                ee_size = (CY_APPL_LOADABLE && ! (CY_EE_IN_BTLDR))?(CY_EE_SIZE / CY_APPL_MAX):CY_EE_SIZE
                [!provide]                PROVIDE (CY_ECC_OFFSET, ecc_offset)

.text           0x00000000     0x1eb8
 CREATE_OBJECT_SYMBOLS
                0x00000000                PROVIDE (__cy_interrupt_vector, RomVectors)
 *(.romvectors)
 .romvectors    0x00000000       0x10 .\CortexM3\ARM_GCC_541\Debug\Cm3Start.o
                0x00000000                RomVectors
                0x00000001                ASSERT ((. != __cy_interrupt_vector), No interrupt vector)
                0x00000001                ASSERT (CY_APPL_ORIGIN?(SIZEOF (.cybootloader) <= CY_APPL_ORIGIN):0x1, Wrong image location)
                0x00000010                PROVIDE (__cy_reset, Reset)
 *(.text.Reset)
 .text.Reset    0x00000010       0x18 .\CortexM3\ARM_GCC_541\Debug\Cm3Start.o
                0x00000010                Reset
                0x00000001                ASSERT ((. != __cy_reset), No reset code)
 *(.dma_init)
                0x00000001                ASSERT ((((appl_start + .) <= 0x10000) || 0x1), DMA Init must be within the first 64k of flash)
 *(.text .text.* .gnu.linkonce.t.*)
 .text          0x00000028       0x5c c:/program files (x86)/cypress/psoc creator/4.4/psoc creator/import/gnu/arm/5.4.1/bin/../lib/gcc/arm-none-eabi/5.4.1/armv7-m/crtbegin.o
 .text.ISR2_systick_handler
                0x00000084        0xc .\CortexM3\ARM_GCC_541\Debug\main.o
                0x00000084                ISR2_systick_handler
 .text.systick_handler
                0x00000090       0x98 .\CortexM3\ARM_GCC_541\Debug\main.o
                0x00000090                systick_handler
 .text.main     0x00000128       0x28 .\CortexM3\ARM_GCC_541\Debug\main.o
                0x00000128                main
 .text.Functsk_init
                0x00000150       0x3c .\CortexM3\ARM_GCC_541\Debug\main.o
                0x00000150                Functsk_init
 .text.Alr_CallBack
                0x0000018c       0x18 .\CortexM3\ARM_GCC_541\Debug\main.o
                0x0000018c                Alr_CallBack
 .text.Functsk_background
                0x000001a4        0x4 .\CortexM3\ARM_GCC_541\Debug\main.o
                0x000001a4                Functsk_background
 .text.BRAKELIGHT_setBrakeLight_run
                0x000001a8       0x60 .\CortexM3\ARM_GCC_541\Debug\swc_brakelight.o
                0x000001a8                BRAKELIGHT_setBrakeLight_run
 .text.CONTROL_calcControl_run
                0x00000208       0x68 .\CortexM3\ARM_GCC_541\Debug\swc_control.o
                0x00000208                CONTROL_calcControl_run
 .text.ENGINE_setEngine_run
                0x00000270       0xa4 .\CortexM3\ARM_GCC_541\Debug\swc_engine.o
                0x00000270                ENGINE_setEngine_run
 .text.JOYSTICK_readJoystick_run
                0x00000314       0x90 .\CortexM3\ARM_GCC_541\Debug\swc_joystick.o
                0x00000314                JOYSTICK_readJoystick_run
 .text.Functsk_io
                0x000003a4       0x2c .\CortexM3\ARM_GCC_541\Debug\tsk_io.o
                0x000003a4                Functsk_io
 .text.Functsk_system
                0x000003d0       0x10 .\CortexM3\ARM_GCC_541\Debug\tsk_system.o
                0x000003d0                Functsk_system
 .text.Functsk_control
                0x000003e0       0x2c .\CortexM3\ARM_GCC_541\Debug\tsk_control.o
                0x000003e0                Functsk_control
 .text.JOYSTICK_Init
                0x0000040c       0x10 .\CortexM3\ARM_GCC_541\Debug\joystick.o
                0x0000040c                JOYSTICK_Init
 .text.JOYSTICK_ReadPosition
                0x0000041c       0x3c .\CortexM3\ARM_GCC_541\Debug\joystick.o
                0x0000041c                JOYSTICK_ReadPosition
 .text.PWM_Init
                0x00000458       0x10 .\CortexM3\ARM_GCC_541\Debug\pwm.o
                0x00000458                PWM_Init
 .text.PWM_RGB_SET
                0x00000468        0xc .\CortexM3\ARM_GCC_541\Debug\pwm.o
                0x00000468                PWM_RGB_SET
 .text.RTE_ProcessCyclicTable
                0x00000474       0x30 .\CortexM3\ARM_GCC_541\Debug\rte.o
                0x00000474                RTE_ProcessCyclicTable
 .text.RTE_ProcessEventTable
                0x000004a4       0x28 .\CortexM3\ARM_GCC_541\Debug\rte.o
                0x000004a4                RTE_ProcessEventTable
 .text.SC_BRAKELIGHT_driverOut
                0x000004cc        0xc .\CortexM3\ARM_GCC_541\Debug\sc_brakelight_type.o
                0x000004cc                SC_BRAKELIGHT_driverOut
 .text.SC_ENGINE_driverOut
                0x000004d8       0x14 .\CortexM3\ARM_GCC_541\Debug\sc_engine_type.o
                0x000004d8                SC_ENGINE_driverOut
 .text.SC_JOYSTICK_driverIn
                0x000004ec        0xc .\CortexM3\ARM_GCC_541\Debug\sc_joystick_type.o
                0x000004ec                SC_JOYSTICK_driverIn
 .text.RTE_timertick_sp_common_tick
                0x000004f8       0x48 .\CortexM3\ARM_GCC_541\Debug\sp_common.o
                0x000004f8                RTE_timertick_sp_common_tick
 .text.CyClockStartupError
                0x00000540        0x4 .\CortexM3\ARM_GCC_541\Debug\cyfitter_cfg.o
 .text.cfg_write_bytes32
                0x00000544       0x34 .\CortexM3\ARM_GCC_541\Debug\cyfitter_cfg.o
 .text.CYMEMZERO
                0x00000578        0xc .\CortexM3\ARM_GCC_541\Debug\cyfitter_cfg.o
 .text.ClockSetup
                0x00000584       0xd0 .\CortexM3\ARM_GCC_541\Debug\cyfitter_cfg.o
 .text.AnalogSetDefault
                0x00000654       0x7c .\CortexM3\ARM_GCC_541\Debug\cyfitter_cfg.o
 .text.CYCONFIGCPY
                0x000006d0        0x8 .\CortexM3\ARM_GCC_541\Debug\cyfitter_cfg.o
 .text.cyfitter_cfg
                0x000006d8      0x140 .\CortexM3\ARM_GCC_541\Debug\cyfitter_cfg.o
                0x000006d8                cyfitter_cfg
 .text.IntDefaultHandler
                0x00000818       0x10 .\CortexM3\ARM_GCC_541\Debug\Cm3Start.o
                0x00000818                IntDefaultHandler
 .text.Start_c  0x00000828       0x4c .\CortexM3\ARM_GCC_541\Debug\Cm3Start.o
                0x00000828                Start_c
 .text.initialize_psoc
                0x00000874       0x6c .\CortexM3\ARM_GCC_541\Debug\Cm3Start.o
                0x00000874                initialize_psoc
 .text.CyDmacConfigure
                0x000008e0       0x34 .\CortexM3\ARM_GCC_541\Debug\EGasPedal.a(CyDmac.o)
                0x000008e0                CyDmacConfigure
 .text.CyDmaChEnable
                0x00000914       0x38 .\CortexM3\ARM_GCC_541\Debug\EGasPedal.a(CyDmac.o)
                0x00000914                CyDmaChEnable
 .text.CyDmaClearPendingDrq
                0x0000094c       0x28 .\CortexM3\ARM_GCC_541\Debug\EGasPedal.a(CyDmac.o)
                0x0000094c                CyDmaClearPendingDrq
 .text.CyDmaChPriority
                0x00000974       0x24 .\CortexM3\ARM_GCC_541\Debug\EGasPedal.a(CyDmac.o)
                0x00000974                CyDmaChPriority
 .text.CyDmaChSetExtendedAddress
                0x00000998       0x34 .\CortexM3\ARM_GCC_541\Debug\EGasPedal.a(CyDmac.o)
                0x00000998                CyDmaChSetExtendedAddress
 .text.CyDmaChSetInitialTd
                0x000009cc       0x18 .\CortexM3\ARM_GCC_541\Debug\EGasPedal.a(CyDmac.o)
                0x000009cc                CyDmaChSetInitialTd
 .text.CyDmaChSetConfiguration
                0x000009e4       0x44 .\CortexM3\ARM_GCC_541\Debug\EGasPedal.a(CyDmac.o)
                0x000009e4                CyDmaChSetConfiguration
 .text.CyDmaTdAllocate
                0x00000a28       0x34 .\CortexM3\ARM_GCC_541\Debug\EGasPedal.a(CyDmac.o)
                0x00000a28                CyDmaTdAllocate
 .text.CyDmaTdSetConfiguration
                0x00000a5c       0x28 .\CortexM3\ARM_GCC_541\Debug\EGasPedal.a(CyDmac.o)
                0x00000a5c                CyDmaTdSetConfiguration
 .text.CyDmaTdSetAddress
                0x00000a84       0x1c .\CortexM3\ARM_GCC_541\Debug\EGasPedal.a(CyDmac.o)
                0x00000a84                CyDmaTdSetAddress
 .text.CyHalt   0x00000aa0        0x4 .\CortexM3\ARM_GCC_541\Debug\EGasPedal.a(CyLib.o)
                0x00000aa0                CyHalt
 .text.CyDelayUs
                0x00000aa4       0x14 .\CortexM3\ARM_GCC_541\Debug\EGasPedal.a(CyLib.o)
                0x00000aa4                CyDelayUs
 .text.EE_oo_ActivateTask
                0x00000ab8       0xe8 .\CortexM3\ARM_GCC_541\Debug\EGasPedal.a(ErikaOS_1_ee_activate.o)
                0x00000ab8                EE_oo_ActivateTask
 .text.EE_oo_SetRelAlarm
                0x00000ba0       0x80 .\CortexM3\ARM_GCC_541\Debug\EGasPedal.a(ErikaOS_1_ee_alsetrel.o)
                0x00000ba0                EE_oo_SetRelAlarm
 .text.EE_oo_handle_action_callback
                0x00000c20        0xc .\CortexM3\ARM_GCC_541\Debug\EGasPedal.a(ErikaOS_1_ee_altick.o)
 .text.EE_oo_handle_action_task
                0x00000c2c       0x4c .\CortexM3\ARM_GCC_541\Debug\EGasPedal.a(ErikaOS_1_ee_altick.o)
 .text.EE_oo_handle_action_event
                0x00000c78       0x60 .\CortexM3\ARM_GCC_541\Debug\EGasPedal.a(ErikaOS_1_ee_altick.o)
 .text.EE_oo_handle_action
                0x00000cd8       0x28 .\CortexM3\ARM_GCC_541\Debug\EGasPedal.a(ErikaOS_1_ee_altick.o)
 .text.EE_oo_counter_object_insert
                0x00000d00       0x9c .\CortexM3\ARM_GCC_541\Debug\EGasPedal.a(ErikaOS_1_ee_altick.o)
                0x00000d00                EE_oo_counter_object_insert
 .text.EE_oo_IncrementCounterImplementation
                0x00000d9c      0x100 .\CortexM3\ARM_GCC_541\Debug\EGasPedal.a(ErikaOS_1_ee_altick.o)
                0x00000d9c                EE_oo_IncrementCounterImplementation
 .text.EE_oo_IncrementCounter
                0x00000e9c       0xb0 .\CortexM3\ARM_GCC_541\Debug\EGasPedal.a(ErikaOS_1_ee_altick.o)
                0x00000e9c                EE_oo_IncrementCounter
 .text.EE_oo_ClearEvent
                0x00000f4c       0x5c .\CortexM3\ARM_GCC_541\Debug\EGasPedal.a(ErikaOS_1_ee_evclear.o)
                0x00000f4c                EE_oo_ClearEvent
 .text.EE_oo_GetEvent
                0x00000fa8       0x40 .\CortexM3\ARM_GCC_541\Debug\EGasPedal.a(ErikaOS_1_ee_evget.o)
                0x00000fa8                EE_oo_GetEvent
 .text.EE_oo_SetEvent
                0x00000fe8      0x100 .\CortexM3\ARM_GCC_541\Debug\EGasPedal.a(ErikaOS_1_ee_evset.o)
                0x00000fe8                EE_oo_SetEvent
 .text.EE_oo_WaitEvent
                0x000010e8      0x110 .\CortexM3\ARM_GCC_541\Debug\EGasPedal.a(ErikaOS_1_ee_evwait.o)
                0x000010e8                EE_oo_WaitEvent
 .text.EE_IRQ_run_next_task
                0x000011f8       0x30 .\CortexM3\ARM_GCC_541\Debug\EGasPedal.a(ErikaOS_1_ee_irqendin.o)
 .text.EE_IRQ_end_instance
                0x00001228       0x68 .\CortexM3\ARM_GCC_541\Debug\EGasPedal.a(ErikaOS_1_ee_irqendin.o)
                0x00001228                EE_IRQ_end_instance
 .text.EE_IRQ_end_post_stub
                0x00001290       0x14 .\CortexM3\ARM_GCC_541\Debug\EGasPedal.a(ErikaOS_1_ee_irqendin.o)
                0x00001290                EE_IRQ_end_post_stub
 .text.EE_rq2stk_exchange
                0x000012a4       0x88 .\CortexM3\ARM_GCC_541\Debug\EGasPedal.a(ErikaOS_1_ee_rq_exchg.o)
                0x000012a4                EE_rq2stk_exchange
 .text.EE_rq_queryfirst
                0x0000132c       0x44 .\CortexM3\ARM_GCC_541\Debug\EGasPedal.a(ErikaOS_1_ee_rq_first.o)
                0x0000132c                EE_rq_queryfirst
 .text.EE_rq_insert
                0x00001370       0x74 .\CortexM3\ARM_GCC_541\Debug\EGasPedal.a(ErikaOS_1_ee_rq_inser.o)
                0x00001370                EE_rq_insert
 .text.compute_task_tid
                0x000013e4       0x10 .\CortexM3\ARM_GCC_541\Debug\EGasPedal.a(ErikaOS_1_ee_startos.o)
 .text.EE_oo_start_os
                0x000013f4        0xc .\CortexM3\ARM_GCC_541\Debug\EGasPedal.a(ErikaOS_1_ee_startos.o)
 .text.EE_oo_autostart_tasks
                0x00001400       0x60 .\CortexM3\ARM_GCC_541\Debug\EGasPedal.a(ErikaOS_1_ee_startos.o)
 .text.EE_oo_autostart_os
                0x00001460        0xc .\CortexM3\ARM_GCC_541\Debug\EGasPedal.a(ErikaOS_1_ee_startos.o)
 .text.EE_oo_StartOS
                0x0000146c       0x8c .\CortexM3\ARM_GCC_541\Debug\EGasPedal.a(ErikaOS_1_ee_startos.o)
                0x0000146c                EE_oo_StartOS
 .text.EE_oo_TerminateTask
                0x000014f8       0x3c .\CortexM3\ARM_GCC_541\Debug\EGasPedal.a(ErikaOS_1_ee_terminat.o)
                0x000014f8                EE_oo_TerminateTask
 .text.EE_system_init
                0x00001534       0x20 .\CortexM3\ARM_GCC_541\Debug\EGasPedal.a(ErikaOS_1_cortex_mx_ee_utils.o)
                0x00001534                EE_system_init
 .text.Joystick_ADC_Init
                0x00001554       0x3c .\CortexM3\ARM_GCC_541\Debug\EGasPedal.a(Joystick_ADC.o)
                0x00001554                Joystick_ADC_Init
 .text.Joystick_ADC_Enable
                0x00001590       0xcc .\CortexM3\ARM_GCC_541\Debug\EGasPedal.a(Joystick_ADC.o)
                0x00001590                Joystick_ADC_Enable
 .text.Joystick_ADC_Start
                0x0000165c       0x28 .\CortexM3\ARM_GCC_541\Debug\EGasPedal.a(Joystick_ADC.o)
                0x0000165c                Joystick_ADC_Start
 .text.Joystick_ADC_StartConvert
                0x00001684        0x8 .\CortexM3\ARM_GCC_541\Debug\EGasPedal.a(Joystick_ADC.o)
                0x00001684                Joystick_ADC_StartConvert
 .text.Joystick_ADC_IsEndConversion
                0x0000168c       0x18 .\CortexM3\ARM_GCC_541\Debug\EGasPedal.a(Joystick_ADC.o)
                0x0000168c                Joystick_ADC_IsEndConversion
 .text.Joystick_ADC_GetResult16
                0x000016a4       0x1c .\CortexM3\ARM_GCC_541\Debug\EGasPedal.a(Joystick_ADC.o)
                0x000016a4                Joystick_ADC_GetResult16
 .text.Joystick_ADC_ISR
                0x000016c0        0x4 .\CortexM3\ARM_GCC_541\Debug\EGasPedal.a(Joystick_ADC_INT.o)
                0x000016c0                Joystick_ADC_ISR
 .text.Joystick_ADC_SAR_CalcGain
                0x000016c4       0x64 .\CortexM3\ARM_GCC_541\Debug\EGasPedal.a(Joystick_ADC_SAR.o)
 .text.Joystick_ADC_SAR_Enable
                0x00001728       0x78 .\CortexM3\ARM_GCC_541\Debug\EGasPedal.a(Joystick_ADC_SAR.o)
                0x00001728                Joystick_ADC_SAR_Enable
 .text.Joystick_ADC_SAR_SetResolution
                0x000017a0       0x38 .\CortexM3\ARM_GCC_541\Debug\EGasPedal.a(Joystick_ADC_SAR.o)
                0x000017a0                Joystick_ADC_SAR_SetResolution
 .text.Joystick_ADC_SAR_Init
                0x000017d8       0x24 .\CortexM3\ARM_GCC_541\Debug\EGasPedal.a(Joystick_ADC_SAR.o)
                0x000017d8                Joystick_ADC_SAR_Init
 .text.Joystick_ADC_SAR_Start
                0x000017fc       0x1c .\CortexM3\ARM_GCC_541\Debug\EGasPedal.a(Joystick_ADC_SAR.o)
                0x000017fc                Joystick_ADC_SAR_Start
 .text.Joystick_ADC_SAR_StartConvert
                0x00001818       0x10 .\CortexM3\ARM_GCC_541\Debug\EGasPedal.a(Joystick_ADC_SAR.o)
                0x00001818                Joystick_ADC_SAR_StartConvert
 .text.Joystick_ADC_TempBuf_DmaInitialize
                0x00001828       0x3c .\CortexM3\ARM_GCC_541\Debug\EGasPedal.a(Joystick_ADC_TempBuf_dma.o)
                0x00001828                Joystick_ADC_TempBuf_DmaInitialize
 .text.Joystick_ADC_FinalBuf_DmaInitialize
                0x00001864       0x3c .\CortexM3\ARM_GCC_541\Debug\EGasPedal.a(Joystick_ADC_FinalBuf_dma.o)
                0x00001864                Joystick_ADC_FinalBuf_DmaInitialize
 .text.Joystick_ADC_IRQ_SetVector
                0x000018a0        0xc .\CortexM3\ARM_GCC_541\Debug\EGasPedal.a(Joystick_ADC_IRQ.o)
                0x000018a0                Joystick_ADC_IRQ_SetVector
 .text.Joystick_ADC_IRQ_SetPriority
                0x000018ac       0x10 .\CortexM3\ARM_GCC_541\Debug\EGasPedal.a(Joystick_ADC_IRQ.o)
                0x000018ac                Joystick_ADC_IRQ_SetPriority
 .text.RGB_PWM_green_Enable
                0x000018bc       0x10 .\CortexM3\ARM_GCC_541\Debug\EGasPedal.a(RGB_PWM_green.o)
                0x000018bc                RGB_PWM_green_Enable
 .text.RGB_PWM_green_WriteCounter
                0x000018cc        0xc .\CortexM3\ARM_GCC_541\Debug\EGasPedal.a(RGB_PWM_green.o)
                0x000018cc                RGB_PWM_green_WriteCounter
 .text.RGB_PWM_green_WritePeriod
                0x000018d8        0xc .\CortexM3\ARM_GCC_541\Debug\EGasPedal.a(RGB_PWM_green.o)
                0x000018d8                RGB_PWM_green_WritePeriod
 .text.RGB_PWM_green_WriteCompare
                0x000018e4        0xc .\CortexM3\ARM_GCC_541\Debug\EGasPedal.a(RGB_PWM_green.o)
                0x000018e4                RGB_PWM_green_WriteCompare
 .text.RGB_PWM_green_Init
                0x000018f0       0x34 .\CortexM3\ARM_GCC_541\Debug\EGasPedal.a(RGB_PWM_green.o)
                0x000018f0                RGB_PWM_green_Init
 .text.RGB_PWM_green_Start
                0x00001924       0x1c .\CortexM3\ARM_GCC_541\Debug\EGasPedal.a(RGB_PWM_green.o)
                0x00001924                RGB_PWM_green_Start
 .text.LED_red_Write
                0x00001940       0x18 .\CortexM3\ARM_GCC_541\Debug\EGasPedal.a(LED_red.o)
                0x00001940                LED_red_Write
 .text.UART_LOG_Init
                0x00001958       0x28 .\CortexM3\ARM_GCC_541\Debug\EGasPedal.a(UART_LOG.o)
                0x00001958                UART_LOG_Init
 .text.UART_LOG_Enable
                0x00001980       0x38 .\CortexM3\ARM_GCC_541\Debug\EGasPedal.a(UART_LOG.o)
                0x00001980                UART_LOG_Enable
 .text.UART_LOG_Start
                0x000019b8       0x1c .\CortexM3\ARM_GCC_541\Debug\EGasPedal.a(UART_LOG.o)
                0x000019b8                UART_LOG_Start
 .text.UART_LOG_PutChar
                0x000019d4       0x18 .\CortexM3\ARM_GCC_541\Debug\EGasPedal.a(UART_LOG.o)
                0x000019d4                UART_LOG_PutChar
 .text.UART_LOG_PutString
                0x000019ec       0x24 .\CortexM3\ARM_GCC_541\Debug\EGasPedal.a(UART_LOG.o)
                0x000019ec                UART_LOG_PutString
 .text.UART_LOG_IntClock_Start
                0x00001a10       0x1c .\CortexM3\ARM_GCC_541\Debug\EGasPedal.a(UART_LOG_IntClock.o)
                0x00001a10                UART_LOG_IntClock_Start
 *fill*         0x00001a2c        0x4 
 .text          0x00001a30       0x20 .\CortexM3\ARM_GCC_541\Debug\EGasPedal.a(CyBootAsmGnu.o)
                0x00001a30                CyDelayCycles
                0x00001a40                CyEnterCriticalSection
                0x00001a48                CyExitCriticalSection
 .text          0x00001a50       0x7c .\CortexM3\ARM_GCC_541\Debug\EGasPedal.a(ErikaOS_1_ee_gnu_change_context_isr.o)
                0x00001a50                EE_set_switch_context_pri
                0x00001a6a                EE_switch_context
                0x00001a74                EE_cortex_mx_pendsv_ISR
                0x00001ab0                EE_cortex_mx_svc_ISR
 .text          0x00001acc       0x24 .\CortexM3\ARM_GCC_541\Debug\EGasPedal.a(ErikaOS_1_ee_gnu_irq_stack.o)
                0x00001acc                EE_cortex_mx_change_IRQ_stack
                0x00001ade                EE_cortex_mx_change_IRQ_stack_back
 .text          0x00001af0       0x68 .\CortexM3\ARM_GCC_541\Debug\EGasPedal.a(ErikaOS_1_ee_gnu_multi_context.o)
                0x00001af0                EE_cortex_mx_change_context
 .text          0x00001b58       0x80 .\CortexM3\ARM_GCC_541\Debug\EGasPedal.a(ErikaOS_1_ee_gnu_oo.o)
                0x00001b58                EE_hal_terminate_savestk
                0x00001ba2                EE_hal_terminate_task
 .text.EE_thread_not_terminated
                0x00001bd8       0x10 .\CortexM3\ARM_GCC_541\Debug\EGasPedal.a(ErikaOS_1_ee_tnterm.o)
                0x00001bd8                EE_thread_not_terminated
 .text.EE_oo_thread_stub
                0x00001be8       0x10 .\CortexM3\ARM_GCC_541\Debug\EGasPedal.a(ErikaOS_1_ee_tstub.o)
                0x00001be8                EE_oo_thread_stub
 .text.EE_std_run_task_code
                0x00001bf8       0x18 .\CortexM3\ARM_GCC_541\Debug\EGasPedal.a(ErikaOS_1_cortex_mx_ee_context.o)
                0x00001bf8                EE_std_run_task_code
 .text.EE_std_need_context_change
                0x00001c10       0x28 .\CortexM3\ARM_GCC_541\Debug\EGasPedal.a(ErikaOS_1_cortex_mx_ee_context.o)
                0x00001c10                EE_std_need_context_change
 .text.EE_thread_rnact_max
                0x00001c38       0x20 .\CortexM3\ARM_GCC_541\Debug\EGasPedal.a(ErikaOS_1_ee_thendin.o)
 .text.EE_thread_endcycle_next
                0x00001c58       0x30 .\CortexM3\ARM_GCC_541\Debug\EGasPedal.a(ErikaOS_1_ee_thendin.o)
 .text.EE_thread_end_instance
                0x00001c88      0x108 .\CortexM3\ARM_GCC_541\Debug\EGasPedal.a(ErikaOS_1_ee_thendin.o)
                0x00001c88                EE_thread_end_instance
 .text.__errno  0x00001d90        0xc c:/program files (x86)/cypress/psoc creator/4.4/psoc creator/import/gnu/arm/5.4.1/bin/../lib/gcc/arm-none-eabi/5.4.1/../../../../arm-none-eabi/lib/armv7-m\libg_nano.a(lib_a-errno.o)
                0x00001d90                __errno
 .text.__libc_init_array
                0x00001d9c       0x4c c:/program files (x86)/cypress/psoc creator/4.4/psoc creator/import/gnu/arm/5.4.1/bin/../lib/gcc/arm-none-eabi/5.4.1/../../../../arm-none-eabi/lib/armv7-m\libg_nano.a(lib_a-init.o)
                0x00001d9c                __libc_init_array
 .text.__itoa   0x00001de8       0x2e c:/program files (x86)/cypress/psoc creator/4.4/psoc creator/import/gnu/arm/5.4.1/bin/../lib/gcc/arm-none-eabi/5.4.1/../../../../arm-none-eabi/lib/armv7-m\libg_nano.a(lib_a-itoa.o)
                0x00001de8                __itoa
 .text.itoa     0x00001e16        0x4 c:/program files (x86)/cypress/psoc creator/4.4/psoc creator/import/gnu/arm/5.4.1/bin/../lib/gcc/arm-none-eabi/5.4.1/../../../../arm-none-eabi/lib/armv7-m\libg_nano.a(lib_a-itoa.o)
                0x00001e16                itoa
 .text.memcpy   0x00001e1a       0x16 c:/program files (x86)/cypress/psoc creator/4.4/psoc creator/import/gnu/arm/5.4.1/bin/../lib/gcc/arm-none-eabi/5.4.1/../../../../arm-none-eabi/lib/armv7-m\libg_nano.a(lib_a-memcpy-stub.o)
                0x00001e1a                memcpy
 .text.memset   0x00001e30       0x10 c:/program files (x86)/cypress/psoc creator/4.4/psoc creator/import/gnu/arm/5.4.1/bin/../lib/gcc/arm-none-eabi/5.4.1/../../../../arm-none-eabi/lib/armv7-m\libg_nano.a(lib_a-memset.o)
                0x00001e30                memset
 .text.__utoa   0x00001e40       0x78 c:/program files (x86)/cypress/psoc creator/4.4/psoc creator/import/gnu/arm/5.4.1/bin/../lib/gcc/arm-none-eabi/5.4.1/../../../../arm-none-eabi/lib/armv7-m\libg_nano.a(lib_a-utoa.o)
                0x00001e40                __utoa
 *(.plt)
 *(.gnu.warning)
 *(.glue_7t)
 .glue_7t       0x00001eb8        0x0 linker stubs
 *(.glue_7)
 .glue_7        0x00001eb8        0x0 linker stubs
 *(.vfp11_veneer)
 .vfp11_veneer  0x00001eb8        0x0 linker stubs
 *(.bootloader)
 *(.ARM.extab* .gnu.linkonce.armextab.*)
 *(.gcc_except_table)

.v4_bx          0x00001eb8        0x0
 .v4_bx         0x00001eb8        0x0 linker stubs

.iplt           0x00001eb8        0x0
 .iplt          0x00001eb8        0x0 c:/program files (x86)/cypress/psoc creator/4.4/psoc creator/import/gnu/arm/5.4.1/bin/../lib/gcc/arm-none-eabi/5.4.1/armv7-m/crtbegin.o

.eh_frame_hdr
 *(.eh_frame_hdr)

.eh_frame       0x00001eb8        0x4
 *(.eh_frame)
 .eh_frame      0x00001eb8        0x0 c:/program files (x86)/cypress/psoc creator/4.4/psoc creator/import/gnu/arm/5.4.1/bin/../lib/gcc/arm-none-eabi/5.4.1/armv7-m/crtbegin.o
 .eh_frame      0x00001eb8        0x4 c:/program files (x86)/cypress/psoc creator/4.4/psoc creator/import/gnu/arm/5.4.1/bin/../lib/gcc/arm-none-eabi/5.4.1/armv7-m/crtend.o
                [!provide]                PROVIDE (__exidx_start, .)

.ARM.exidx
 *(.ARM.exidx* .gnu.linkonce.armexidx.*)
                0x00001ebc                __exidx_end = .

.rodata         0x00001ebc      0x3dc
 *(.rodata .rodata.* .gnu.linkonce.r.*)
 .rodata.str1.4
                0x00001ebc       0x17 .\CortexM3\ARM_GCC_541\Debug\swc_engine.o
 *fill*         0x00001ed3        0x1 
 .rodata        0x00001ed4       0x12 .\CortexM3\ARM_GCC_541\Debug\tsk_io.o
                0x00001ed4                RTE_cyclicActivationTable_tsk_io
                0x00001ee4                RTE_cyclicActivation_tsk_io_size
 *fill*         0x00001ee6        0x2 
 .rodata        0x00001ee8       0x12 .\CortexM3\ARM_GCC_541\Debug\tsk_control.o
                0x00001ee8                RTE_eventActivationTable_tsk_control
                0x00001ef8                RTE_eventActivation_tsk_control_size
 *fill*         0x00001efa        0x2 
 .rodata        0x00001efc       0xa8 .\CortexM3\ARM_GCC_541\Debug\sp_common.o
                0x00001f74                so_speed_updTasks
                0x00001fa0                so_joystick_updTasks
 .rodata        0x00001fa4       0x44 .\CortexM3\ARM_GCC_541\Debug\cyfitter_cfg.o
 .rodata        0x00001fe8      0x100 .\CortexM3\ARM_GCC_541\Debug\EGasPedal.a(ErikaOS_1_ee_lookup.o)
                0x00001fe8                EE_rq_lookup
 .rodata        0x000020e8       0xdc .\CortexM3\ARM_GCC_541\Debug\EGasPedal.a(ErikaOS_1_eecfg.o)
                0x000020e8                EE_oo_autostart_task_data
                0x000020f4                EE_oo_action_ROM
                0x00002108                EE_oo_counter_object_ROM
                0x00002114                EE_ALARM_ID
                0x00002118                EE_alarm_ROM
                0x0000211c                EE_counter_ROM
                0x00002128                EE_th_is_extended
                0x0000213c                EE_th_rnact_max
                0x00002150                EE_th_dispatch_prio
                0x00002164                EE_EVENT_ID
                0x00002170                EE_th_ready_prio
                0x00002184                EE_terminate_real_th_body
                0x00002198                EE_hal_thread_body
                0x000021ac                EE_std_thread_tos
 .rodata.str1.4
                0x000021c4       0x78 .\CortexM3\ARM_GCC_541\Debug\EGasPedal.a(ErikaOS_1_eecfg.o)
 .rodata.str1.1
                0x0000223c        0x2 c:/program files (x86)/cypress/psoc creator/4.4/psoc creator/import/gnu/arm/5.4.1/bin/../lib/gcc/arm-none-eabi/5.4.1/../../../../arm-none-eabi/lib/armv7-m\libg_nano.a(lib_a-impure.o)
 .rodata.str1.1
                0x0000223e       0x25 c:/program files (x86)/cypress/psoc creator/4.4/psoc creator/import/gnu/arm/5.4.1/bin/../lib/gcc/arm-none-eabi/5.4.1/../../../../arm-none-eabi/lib/armv7-m\libg_nano.a(lib_a-utoa.o)
                0x00002264                . = ALIGN (0x4)
 *fill*         0x00002263        0x1 
 *(.init)
 .init          0x00002264        0x4 c:/program files (x86)/cypress/psoc creator/4.4/psoc creator/import/gnu/arm/5.4.1/bin/../lib/gcc/arm-none-eabi/5.4.1/armv7-m/crti.o
                0x00002264                _init
 .init          0x00002268        0x8 c:/program files (x86)/cypress/psoc creator/4.4/psoc creator/import/gnu/arm/5.4.1/bin/../lib/gcc/arm-none-eabi/5.4.1/armv7-m/crtn.o
                0x00002270                . = ALIGN (0x4)
                0x00002270                __preinit_array_start = .
 *(.preinit_array)
                0x00002270                __preinit_array_end = .
                0x00002270                . = ALIGN (0x4)
                0x00002270                __init_array_start = .
 *(SORT(.init_array.*))
 *(.init_array)
 .init_array    0x00002270        0x4 c:/program files (x86)/cypress/psoc creator/4.4/psoc creator/import/gnu/arm/5.4.1/bin/../lib/gcc/arm-none-eabi/5.4.1/armv7-m/crtbegin.o
 .init_array    0x00002274        0x4 .\CortexM3\ARM_GCC_541\Debug\Cm3Start.o
                0x00002278                __init_array_end = .
                0x00002278                . = ALIGN (0x4)
 *(.fini)
 .fini          0x00002278        0x4 c:/program files (x86)/cypress/psoc creator/4.4/psoc creator/import/gnu/arm/5.4.1/bin/../lib/gcc/arm-none-eabi/5.4.1/armv7-m/crti.o
                0x00002278                _fini
 .fini          0x0000227c        0x8 c:/program files (x86)/cypress/psoc creator/4.4/psoc creator/import/gnu/arm/5.4.1/bin/../lib/gcc/arm-none-eabi/5.4.1/armv7-m/crtn.o
                0x00002284                . = ALIGN (0x4)
                0x00002284                __fini_array_start = .
 *(.fini_array)
 .fini_array    0x00002284        0x4 c:/program files (x86)/cypress/psoc creator/4.4/psoc creator/import/gnu/arm/5.4.1/bin/../lib/gcc/arm-none-eabi/5.4.1/armv7-m/crtbegin.o
 *(SORT(.fini_array.*))
                0x00002288                __fini_array_end = .
                0x00002288                . = ALIGN (0x4)
 *crtbegin.o(.ctors)
 *(EXCLUDE_FILE(*crtend.o) .ctors)
 *(SORT(.ctors.*))
 *crtend.o(.ctors)
                0x00002288                . = ALIGN (0x4)
 *crtbegin.o(.dtors)
 *(EXCLUDE_FILE(*crtend.o) .dtors)
 *(SORT(.dtors.*))
 *crtend.o(.dtors)
                0x00002288                . = ALIGN (0x4)
                0x00002288                __cy_regions = .
                0x00002288        0x4 LONG 0x2298 __cy_region_init_ram
                0x0000228c        0x4 LONG 0x1fff80c8 __cy_region_start_data
                0x00002290        0x4 LONG 0x1f0 __cy_region_init_size_ram
                0x00002294        0x4 LONG 0xab0 __cy_region_zero_size_ram
                0x00002298                __cy_regions_end = .
                0x00002298                . = ALIGN (0x8)
                0x00002298                _etext = .

.cy_checksum_exclude
                0x00002298        0x0
 *(.cy_checksum_exclude)

.ramvectors     0x1fff8000       0xc0
                0x1fff8000                __cy_region_start_ram = .
 *(.ramvectors)
 .ramvectors    0x1fff8000       0xc0 .\CortexM3\ARM_GCC_541\Debug\Cm3Start.o
                0x1fff8000                CyRamVectors

.noinit         0x1fff80c0        0x1
 *(.noinit)
 .noinit        0x1fff80c0        0x1 .\CortexM3\ARM_GCC_541\Debug\EGasPedal.a(CyLib.o)
                0x1fff80c0                CyResetStatus

.data           0x1fff80c8      0x1f0 load address 0x00002298
                0x1fff80c8                __cy_region_start_data = .
 *(.jcr)
 .jcr           0x1fff80c8        0x0 c:/program files (x86)/cypress/psoc creator/4.4/psoc creator/import/gnu/arm/5.4.1/bin/../lib/gcc/arm-none-eabi/5.4.1/armv7-m/crtbegin.o
 .jcr           0x1fff80c8        0x4 c:/program files (x86)/cypress/psoc creator/4.4/psoc creator/import/gnu/arm/5.4.1/bin/../lib/gcc/arm-none-eabi/5.4.1/armv7-m/crtend.o
 *(.got.plt)
 *(.got)
 *(.shdata)
 *(.data .data.* .gnu.linkonce.d.*)
 .data          0x1fff80cc       0x30 .\CortexM3\ARM_GCC_541\Debug\sp_common.o
                0x1fff80cc                SO_JOYSTICK_signal
                0x1fff80d8                SO_SPEED_signal
                0x1fff80e4                SO_ENGINE_signal
                0x1fff80f0                SO_BRAKE_signal
 .data          0x1fff80fc        0x8 .\CortexM3\ARM_GCC_541\Debug\EGasPedal.a(CyDmac.o)
 .data          0x1fff8104       0x10 .\CortexM3\ARM_GCC_541\Debug\EGasPedal.a(CyLib.o)
                0x1fff8104                cydelay_32k_ms
                0x1fff8108                cydelay_freq_khz
                0x1fff810c                cydelay_freq_mhz
                0x1fff8110                cydelay_freq_hz
 .data          0x1fff8114      0x134 .\CortexM3\ARM_GCC_541\Debug\EGasPedal.a(ErikaOS_1_eecfg.o)
                0x1fff8114                EE_ALARM_NAME
                0x1fff8118                EE_counter_RAM
                0x1fff8120                EE_th_terminate_nextask
                0x1fff8134                EE_rq_pairs_next
                0x1fff8148                EE_rq_link
                0x1fff815c                EE_th_rnact
                0x1fff8170                EE_rq_queues_tail
                0x1fff81b0                EE_rq_queues_head
                0x1fff81f0                EE_stkfirst
                0x1fff81f4                EE_th_next
                0x1fff8208                EE_th_status
                0x1fff821c                EE_EVENT_NAME
                0x1fff8228                EE_TASK_NAME
                0x1fff823c                EE_cortex_mx_IRQ_tos
                0x1fff8240                EE_cortex_mx_system_tos
 .data          0x1fff8248        0x2 .\CortexM3\ARM_GCC_541\Debug\EGasPedal.a(Joystick_ADC.o)
 .data          0x1fff824a        0x1 .\CortexM3\ARM_GCC_541\Debug\EGasPedal.a(Joystick_ADC_TempBuf_dma.o)
                0x1fff824a                Joystick_ADC_TempBuf_DmaHandle
 .data          0x1fff824b        0x1 .\CortexM3\ARM_GCC_541\Debug\EGasPedal.a(Joystick_ADC_FinalBuf_dma.o)
                0x1fff824b                Joystick_ADC_FinalBuf_DmaHandle
 .data          0x1fff824c        0x4 .\CortexM3\ARM_GCC_541\Debug\EGasPedal.a(ErikaOS_1_ee_gnu_irq_stack.o)
 .data.impure_data
                0x1fff8250       0x60 c:/program files (x86)/cypress/psoc creator/4.4/psoc creator/import/gnu/arm/5.4.1/bin/../lib/gcc/arm-none-eabi/5.4.1/../../../../arm-none-eabi/lib/armv7-m\libg_nano.a(lib_a-impure.o)
 .data._impure_ptr
                0x1fff82b0        0x4 c:/program files (x86)/cypress/psoc creator/4.4/psoc creator/import/gnu/arm/5.4.1/bin/../lib/gcc/arm-none-eabi/5.4.1/../../../../arm-none-eabi/lib/armv7-m\libg_nano.a(lib_a-impure.o)
                0x1fff82b0                _impure_ptr
                0x1fff82b8                . = ALIGN (0x8)
 *fill*         0x1fff82b4        0x4 
 *(.ram)
                0x1fff82b8                _edata = .

.igot.plt       0x1fff82b8        0x0 load address 0x00002488
 .igot.plt      0x1fff82b8        0x0 c:/program files (x86)/cypress/psoc creator/4.4/psoc creator/import/gnu/arm/5.4.1/bin/../lib/gcc/arm-none-eabi/5.4.1/armv7-m/crtbegin.o

.bss            0x1fff82b8      0xab0 load address 0x00002488
                0x1fff82b8                PROVIDE (__bss_start__, .)
 *(.shbss)
 *(.bss .bss.* .gnu.linkonce.b.*)
 .bss           0x1fff82b8       0x1c c:/program files (x86)/cypress/psoc creator/4.4/psoc creator/import/gnu/arm/5.4.1/bin/../lib/gcc/arm-none-eabi/5.4.1/armv7-m/crtbegin.o
 .bss           0x1fff82d4        0x4 .\CortexM3\ARM_GCC_541\Debug\tsk_io.o
 .bss           0x1fff82d8       0x4c .\CortexM3\ARM_GCC_541\Debug\EGasPedal.a(ErikaOS_1_eecfg.o)
                0x1fff82d8                EE_th_waswaiting
                0x1fff82ec                EE_th_event_waitmask
                0x1fff8300                EE_th_event_active
                0x1fff8314                EE_rq_free
                0x1fff8318                EE_rq_bitmask
                0x1fff831c                EE_sys_ceiling
                0x1fff8320                EE_cortex_mx_active_tos
 .bss           0x1fff8324        0xc .\CortexM3\ARM_GCC_541\Debug\EGasPedal.a(Joystick_ADC.o)
                0x1fff832c                Joystick_ADC_initVar
 .bss           0x1fff8330        0x1 .\CortexM3\ARM_GCC_541\Debug\EGasPedal.a(Joystick_ADC_SAR.o)
                0x1fff8330                Joystick_ADC_SAR_initVar
 .bss           0x1fff8331        0x1 .\CortexM3\ARM_GCC_541\Debug\EGasPedal.a(RGB_PWM_green.o)
                0x1fff8331                RGB_PWM_green_initVar
 .bss           0x1fff8332        0x2 .\CortexM3\ARM_GCC_541\Debug\EGasPedal.a(UART_LOG.o)
                0x1fff8332                UART_LOG_initVar
 *(COMMON)
 COMMON         0x1fff8334        0x8 .\CortexM3\ARM_GCC_541\Debug\EGasPedal.a(ErikaOS_1_ee_lookup.o)
                0x1fff8334                EE_oo_IRQ_disable_count
                0x1fff8338                EE_oo_IRQ_suspend_status
 COMMON         0x1fff833c        0x4 .\CortexM3\ARM_GCC_541\Debug\EGasPedal.a(ErikaOS_1_ee_startos.o)
                0x1fff833c                EE_oo_started
 COMMON         0x1fff8340        0x8 .\CortexM3\ARM_GCC_541\Debug\EGasPedal.a(ErikaOS_1_common_ee_hal_structs.o)
                0x1fff8340                EE_IRQ_nesting_level
                0x1fff8344                EE_std_endcycle_next_tid
 COMMON         0x1fff8348      0xa0c .\CortexM3\ARM_GCC_541\Debug\EGasPedal.a(ErikaOS_1_eecfg.o)
                0x1fff8348                EE_rq_pairs_tid
                0x1fff835c                EE_terminate_data
                0x1fff8370                EE_oo_counter_object_RAM
                0x1fff8380                EE_cortex_mx_stack_5
                0x1fff8b50                EE_ApplicationMode
                0x1fff8b54                EE_cortex_mx_stack_9
 COMMON         0x1fff8d54        0x4 .\CortexM3\ARM_GCC_541\Debug\EGasPedal.a(Joystick_ADC.o)
                0x1fff8d54                Joystick_ADC_finalArray
 COMMON         0x1fff8d58        0xc .\CortexM3\ARM_GCC_541\Debug\EGasPedal.a(Joystick_ADC_SAR.o)
                0x1fff8d58                Joystick_ADC_SAR_countsPerVolt
                0x1fff8d5a                Joystick_ADC_SAR_shift
                0x1fff8d5c                Joystick_ADC_SAR_offset
                0x1fff8d60                Joystick_ADC_SAR_countsPer10Volt
                0x1fff8d68                . = ALIGN (0x8)
 *fill*         0x1fff8d64        0x4 
 *(.ram.b)
                0x1fff8d68                _end = .
                0x1fff8d68                __end = .
                0x1fff8d68                PROVIDE (end, .)
                0x1fff8d68                PROVIDE (__bss_end__, .)
                0x00002298                __cy_region_init_ram = LOADADDR (.data)
                0x000001f0                __cy_region_init_size_ram = (_edata - ADDR (.data))
                0x00000ab0                __cy_region_zero_size_ram = (_end - _edata)

.heap           0x1fff8d68       0x80 load address 0x00002488
                0x1fff8d68                . = _end
                0x1fff8de8                . = (. + 0x80)
 *fill*         0x1fff8d68       0x80 
                0x1fff8de8                __cy_heap_limit = .

.stack          0x20007800      0x800
                0x20007800                __cy_stack_limit = .
                0x20008000                . = (. + 0x800)
 *fill*         0x20007800      0x800 
                0x00000001                ASSERT ((__cy_stack_limit >= __cy_heap_limit), region RAM overflowed with stack)
                0x00000000                cy_checksum_exclude_size = (CY_APPL_LOADABLE == 0x1)?SIZEOF (.cy_checksum_exclude):0x0
                0x00000001                ASSERT ((cy_checksum_exclude_size <= CY_CHECKSUM_EXCLUDE_SIZE), CY_BOOT: Section .cy_checksum_exclude size exceedes specified limit.)

.cyloadermeta
 *(.cyloadermeta)

.cyloadablemeta
 *(.cyloadablemeta)

.cyconfigecc    0x80000000      0x800
 *(.cyconfigecc)
 .cyconfigecc   0x80000000      0x800 .\CortexM3\ARM_GCC_541\Debug\cymetadata.o
                0x80000000                cy_meta_configecc

.cycustnvl      0x90000000        0x4
 *(.cycustnvl)
 .cycustnvl     0x90000000        0x4 .\CortexM3\ARM_GCC_541\Debug\cymetadata.o
                0x90000000                cy_meta_custnvl

.cywolatch      0x90100000        0x4
 *(.cywolatch)
 .cywolatch     0x90100000        0x4 .\CortexM3\ARM_GCC_541\Debug\cymetadata.o
                0x90100000                cy_meta_wonvl

.cyeeprom       0x90200000        0x0
 *(.cyeeprom)
                0x00000001                ASSERT ((. <= ((0x90200000 + ee_offset) + ee_size)), .cyeeprom data will not fit in EEPROM)

.cyflashprotect
                0x90400000      0x100
 *(.cyflashprotect)
 .cyflashprotect
                0x90400000      0x100 .\CortexM3\ARM_GCC_541\Debug\cymetadata.o
                0x90400000                cy_meta_flashprotect

.cymeta         0x90500000        0xc
 *(.cymeta)
 .cymeta        0x90500000        0xc .\CortexM3\ARM_GCC_541\Debug\cymetadata.o
                0x90500000                cy_metadata

.rel.dyn        0x00002488        0x0 load address 0x9050000c
 .rel.iplt      0x00002488        0x0 c:/program files (x86)/cypress/psoc creator/4.4/psoc creator/import/gnu/arm/5.4.1/bin/../lib/gcc/arm-none-eabi/5.4.1/armv7-m/crtbegin.o

.stab
 *(.stab)

.stabstr
 *(.stabstr)

.debug
 *(.debug)

.line
 *(.line)

.debug_srcinfo
 *(.debug_srcinfo)

.debug_sfnames
 *(.debug_sfnames)

.debug_aranges  0x00000000     0x1010
 *(.debug_aranges)
 .debug_aranges
                0x00000000       0x50 .\CortexM3\ARM_GCC_541\Debug\main.o
 .debug_aranges
                0x00000050       0x20 .\CortexM3\ARM_GCC_541\Debug\swc_brakelight.o
 .debug_aranges
                0x00000070       0x20 .\CortexM3\ARM_GCC_541\Debug\swc_control.o
 .debug_aranges
                0x00000090       0x20 .\CortexM3\ARM_GCC_541\Debug\swc_engine.o
 .debug_aranges
                0x000000b0       0x20 .\CortexM3\ARM_GCC_541\Debug\swc_joystick.o
 .debug_aranges
                0x000000d0       0x20 .\CortexM3\ARM_GCC_541\Debug\tsk_io.o
 .debug_aranges
                0x000000f0       0x20 .\CortexM3\ARM_GCC_541\Debug\tsk_system.o
 .debug_aranges
                0x00000110       0x20 .\CortexM3\ARM_GCC_541\Debug\tsk_control.o
 .debug_aranges
                0x00000130       0x28 .\CortexM3\ARM_GCC_541\Debug\joystick.o
 .debug_aranges
                0x00000158       0x28 .\CortexM3\ARM_GCC_541\Debug\pwm.o
 .debug_aranges
                0x00000180       0x18 .\CortexM3\ARM_GCC_541\Debug\watchdog.o
 .debug_aranges
                0x00000198       0x28 .\CortexM3\ARM_GCC_541\Debug\rte.o
 .debug_aranges
                0x000001c0       0x20 .\CortexM3\ARM_GCC_541\Debug\sc_brakelight_type.o
 .debug_aranges
                0x000001e0       0x20 .\CortexM3\ARM_GCC_541\Debug\sc_engine_type.o
 .debug_aranges
                0x00000200       0x20 .\CortexM3\ARM_GCC_541\Debug\sc_joystick_type.o
 .debug_aranges
                0x00000220       0x28 .\CortexM3\ARM_GCC_541\Debug\sp_common.o
 .debug_aranges
                0x00000248       0x58 .\CortexM3\ARM_GCC_541\Debug\cyfitter_cfg.o
 .debug_aranges
                0x000002a0       0x18 .\CortexM3\ARM_GCC_541\Debug\cymetadata.o
 .debug_aranges
                0x000002b8       0x48 .\CortexM3\ARM_GCC_541\Debug\Cm3Start.o
 .debug_aranges
                0x00000300       0xd8 .\CortexM3\ARM_GCC_541\Debug\EGasPedal.a(CyDmac.o)
 .debug_aranges
                0x000003d8      0x2a0 .\CortexM3\ARM_GCC_541\Debug\EGasPedal.a(CyLib.o)
 .debug_aranges
                0x00000678       0x98 .\CortexM3\ARM_GCC_541\Debug\EGasPedal.a(cyPm.o)
 .debug_aranges
                0x00000710       0x20 .\CortexM3\ARM_GCC_541\Debug\EGasPedal.a(ErikaOS_1_ee_activate.o)
 .debug_aranges
                0x00000730       0x20 .\CortexM3\ARM_GCC_541\Debug\EGasPedal.a(ErikaOS_1_ee_alsetrel.o)
 .debug_aranges
                0x00000750       0x58 .\CortexM3\ARM_GCC_541\Debug\EGasPedal.a(ErikaOS_1_ee_altick.o)
 .debug_aranges
                0x000007a8       0x20 .\CortexM3\ARM_GCC_541\Debug\EGasPedal.a(ErikaOS_1_ee_evclear.o)
 .debug_aranges
                0x000007c8       0x20 .\CortexM3\ARM_GCC_541\Debug\EGasPedal.a(ErikaOS_1_ee_evget.o)
 .debug_aranges
                0x000007e8       0x20 .\CortexM3\ARM_GCC_541\Debug\EGasPedal.a(ErikaOS_1_ee_evset.o)
 .debug_aranges
                0x00000808       0x20 .\CortexM3\ARM_GCC_541\Debug\EGasPedal.a(ErikaOS_1_ee_evwait.o)
 .debug_aranges
                0x00000828       0x30 .\CortexM3\ARM_GCC_541\Debug\EGasPedal.a(ErikaOS_1_ee_irqendin.o)
 .debug_aranges
                0x00000858       0x18 .\CortexM3\ARM_GCC_541\Debug\EGasPedal.a(ErikaOS_1_ee_lookup.o)
 .debug_aranges
                0x00000870       0x20 .\CortexM3\ARM_GCC_541\Debug\EGasPedal.a(ErikaOS_1_ee_rq_exchg.o)
 .debug_aranges
                0x00000890       0x20 .\CortexM3\ARM_GCC_541\Debug\EGasPedal.a(ErikaOS_1_ee_rq_first.o)
 .debug_aranges
                0x000008b0       0x20 .\CortexM3\ARM_GCC_541\Debug\EGasPedal.a(ErikaOS_1_ee_rq_inser.o)
 .debug_aranges
                0x000008d0       0x40 .\CortexM3\ARM_GCC_541\Debug\EGasPedal.a(ErikaOS_1_ee_startos.o)
 .debug_aranges
                0x00000910       0x20 .\CortexM3\ARM_GCC_541\Debug\EGasPedal.a(ErikaOS_1_ee_terminat.o)
 .debug_aranges
                0x00000930       0x20 .\CortexM3\ARM_GCC_541\Debug\EGasPedal.a(ErikaOS_1_cortex_mx_ee_utils.o)
 .debug_aranges
                0x00000950       0x18 .\CortexM3\ARM_GCC_541\Debug\EGasPedal.a(ErikaOS_1_common_ee_hal_structs.o)
 .debug_aranges
                0x00000968       0x18 .\CortexM3\ARM_GCC_541\Debug\EGasPedal.a(ErikaOS_1_eecfg.o)
 .debug_aranges
                0x00000980       0xa0 .\CortexM3\ARM_GCC_541\Debug\EGasPedal.a(Joystick_ADC.o)
 .debug_aranges
                0x00000a20       0x20 .\CortexM3\ARM_GCC_541\Debug\EGasPedal.a(Joystick_ADC_INT.o)
 .debug_aranges
                0x00000a40       0xa8 .\CortexM3\ARM_GCC_541\Debug\EGasPedal.a(Joystick_ADC_SAR.o)
 .debug_aranges
                0x00000ae8       0x28 .\CortexM3\ARM_GCC_541\Debug\EGasPedal.a(Joystick_ADC_TempBuf_dma.o)
 .debug_aranges
                0x00000b10       0x28 .\CortexM3\ARM_GCC_541\Debug\EGasPedal.a(Joystick_ADC_FinalBuf_dma.o)
 .debug_aranges
                0x00000b38       0x80 .\CortexM3\ARM_GCC_541\Debug\EGasPedal.a(Joystick_ADC_IRQ.o)
 .debug_aranges
                0x00000bb8       0x80 .\CortexM3\ARM_GCC_541\Debug\EGasPedal.a(RGB_PWM_green.o)
 .debug_aranges
                0x00000c38       0x38 .\CortexM3\ARM_GCC_541\Debug\EGasPedal.a(LED_red.o)
 .debug_aranges
                0x00000c70       0xf0 .\CortexM3\ARM_GCC_541\Debug\EGasPedal.a(UART_LOG.o)
 .debug_aranges
                0x00000d60       0x70 .\CortexM3\ARM_GCC_541\Debug\EGasPedal.a(UART_LOG_IntClock.o)
 .debug_aranges
                0x00000dd0       0x20 .\CortexM3\ARM_GCC_541\Debug\EGasPedal.a(CyBootAsmGnu.o)
 .debug_aranges
                0x00000df0       0x20 .\CortexM3\ARM_GCC_541\Debug\EGasPedal.a(ErikaOS_1_ee_gnu_change_context_isr.o)
 .debug_aranges
                0x00000e10       0x20 .\CortexM3\ARM_GCC_541\Debug\EGasPedal.a(ErikaOS_1_ee_gnu_irq_stack.o)
 .debug_aranges
                0x00000e30       0x20 .\CortexM3\ARM_GCC_541\Debug\EGasPedal.a(ErikaOS_1_ee_gnu_multi_context.o)
 .debug_aranges
                0x00000e50       0x20 .\CortexM3\ARM_GCC_541\Debug\EGasPedal.a(ErikaOS_1_ee_gnu_oo.o)
 .debug_aranges
                0x00000e70       0x88 .\CortexM3\ARM_GCC_541\Debug\EGasPedal.a(CyFlash.o)
 .debug_aranges
                0x00000ef8       0x80 .\CortexM3\ARM_GCC_541\Debug\EGasPedal.a(CySpc.o)
 .debug_aranges
                0x00000f78       0x20 .\CortexM3\ARM_GCC_541\Debug\EGasPedal.a(ErikaOS_1_ee_tnterm.o)
 .debug_aranges
                0x00000f98       0x20 .\CortexM3\ARM_GCC_541\Debug\EGasPedal.a(ErikaOS_1_ee_tstub.o)
 .debug_aranges
                0x00000fb8       0x28 .\CortexM3\ARM_GCC_541\Debug\EGasPedal.a(ErikaOS_1_cortex_mx_ee_context.o)
 .debug_aranges
                0x00000fe0       0x30 .\CortexM3\ARM_GCC_541\Debug\EGasPedal.a(ErikaOS_1_ee_thendin.o)

.debug_pubnames
 *(.debug_pubnames)

.debug_info     0x00000000    0x13d36
 *(.debug_info .gnu.linkonce.wi.*)
 .debug_info    0x00000000      0x581 .\CortexM3\ARM_GCC_541\Debug\main.o
 .debug_info    0x00000581      0x73a .\CortexM3\ARM_GCC_541\Debug\swc_brakelight.o
 .debug_info    0x00000cbb      0x758 .\CortexM3\ARM_GCC_541\Debug\swc_control.o
 .debug_info    0x00001413      0x88b .\CortexM3\ARM_GCC_541\Debug\swc_engine.o
 .debug_info    0x00001c9e      0x650 .\CortexM3\ARM_GCC_541\Debug\swc_joystick.o
 .debug_info    0x000022ee      0x252 .\CortexM3\ARM_GCC_541\Debug\tsk_io.o
 .debug_info    0x00002540      0x16c .\CortexM3\ARM_GCC_541\Debug\tsk_system.o
 .debug_info    0x000026ac      0x279 .\CortexM3\ARM_GCC_541\Debug\tsk_control.o
 .debug_info    0x00002925      0x2de .\CortexM3\ARM_GCC_541\Debug\joystick.o
 .debug_info    0x00002c03      0x268 .\CortexM3\ARM_GCC_541\Debug\pwm.o
 .debug_info    0x00002e6b      0x11c .\CortexM3\ARM_GCC_541\Debug\watchdog.o
 .debug_info    0x00002f87      0x375 .\CortexM3\ARM_GCC_541\Debug\rte.o
 .debug_info    0x000032fc      0x25b .\CortexM3\ARM_GCC_541\Debug\sc_brakelight_type.o
 .debug_info    0x00003557      0x26f .\CortexM3\ARM_GCC_541\Debug\sc_engine_type.o
 .debug_info    0x000037c6      0x268 .\CortexM3\ARM_GCC_541\Debug\sc_joystick_type.o
 .debug_info    0x00003a2e      0xc09 .\CortexM3\ARM_GCC_541\Debug\sp_common.o
 .debug_info    0x00004637      0x648 .\CortexM3\ARM_GCC_541\Debug\cyfitter_cfg.o
 .debug_info    0x00004c7f      0x139 .\CortexM3\ARM_GCC_541\Debug\cymetadata.o
 .debug_info    0x00004db8      0x3cf .\CortexM3\ARM_GCC_541\Debug\Cm3Start.o
 .debug_info    0x00005187      0x94e .\CortexM3\ARM_GCC_541\Debug\EGasPedal.a(CyDmac.o)
 .debug_info    0x00005ad5     0x1374 .\CortexM3\ARM_GCC_541\Debug\EGasPedal.a(CyLib.o)
 .debug_info    0x00006e49      0xa2a .\CortexM3\ARM_GCC_541\Debug\EGasPedal.a(cyPm.o)
 .debug_info    0x00007873      0x80d .\CortexM3\ARM_GCC_541\Debug\EGasPedal.a(ErikaOS_1_ee_activate.o)
 .debug_info    0x00008080      0x5e5 .\CortexM3\ARM_GCC_541\Debug\EGasPedal.a(ErikaOS_1_ee_alsetrel.o)
 .debug_info    0x00008665      0xc3b .\CortexM3\ARM_GCC_541\Debug\EGasPedal.a(ErikaOS_1_ee_altick.o)
 .debug_info    0x000092a0      0x5a7 .\CortexM3\ARM_GCC_541\Debug\EGasPedal.a(ErikaOS_1_ee_evclear.o)
 .debug_info    0x00009847      0x4ca .\CortexM3\ARM_GCC_541\Debug\EGasPedal.a(ErikaOS_1_ee_evget.o)
 .debug_info    0x00009d11      0x7c3 .\CortexM3\ARM_GCC_541\Debug\EGasPedal.a(ErikaOS_1_ee_evset.o)
 .debug_info    0x0000a4d4      0x84e .\CortexM3\ARM_GCC_541\Debug\EGasPedal.a(ErikaOS_1_ee_evwait.o)
 .debug_info    0x0000ad22      0x5cb .\CortexM3\ARM_GCC_541\Debug\EGasPedal.a(ErikaOS_1_ee_irqendin.o)
 .debug_info    0x0000b2ed      0x3d0 .\CortexM3\ARM_GCC_541\Debug\EGasPedal.a(ErikaOS_1_ee_lookup.o)
 .debug_info    0x0000b6bd      0x46f .\CortexM3\ARM_GCC_541\Debug\EGasPedal.a(ErikaOS_1_ee_rq_exchg.o)
 .debug_info    0x0000bb2c      0x421 .\CortexM3\ARM_GCC_541\Debug\EGasPedal.a(ErikaOS_1_ee_rq_first.o)
 .debug_info    0x0000bf4d      0x475 .\CortexM3\ARM_GCC_541\Debug\EGasPedal.a(ErikaOS_1_ee_rq_inser.o)
 .debug_info    0x0000c3c2     0x2040 .\CortexM3\ARM_GCC_541\Debug\EGasPedal.a(ErikaOS_1_ee_startos.o)
 .debug_info    0x0000e402      0x589 .\CortexM3\ARM_GCC_541\Debug\EGasPedal.a(ErikaOS_1_ee_terminat.o)
 .debug_info    0x0000e98b      0x4cc .\CortexM3\ARM_GCC_541\Debug\EGasPedal.a(ErikaOS_1_cortex_mx_ee_utils.o)
 .debug_info    0x0000ee57      0x3cb .\CortexM3\ARM_GCC_541\Debug\EGasPedal.a(ErikaOS_1_common_ee_hal_structs.o)
 .debug_info    0x0000f222      0x8b7 .\CortexM3\ARM_GCC_541\Debug\EGasPedal.a(ErikaOS_1_eecfg.o)
 .debug_info    0x0000fad9      0x6f2 .\CortexM3\ARM_GCC_541\Debug\EGasPedal.a(Joystick_ADC.o)
 .debug_info    0x000101cb       0xa0 .\CortexM3\ARM_GCC_541\Debug\EGasPedal.a(Joystick_ADC_INT.o)
 .debug_info    0x0001026b      0x544 .\CortexM3\ARM_GCC_541\Debug\EGasPedal.a(Joystick_ADC_SAR.o)
 .debug_info    0x000107af      0x1a8 .\CortexM3\ARM_GCC_541\Debug\EGasPedal.a(Joystick_ADC_TempBuf_dma.o)
 .debug_info    0x00010957      0x1aa .\CortexM3\ARM_GCC_541\Debug\EGasPedal.a(Joystick_ADC_FinalBuf_dma.o)
 .debug_info    0x00010b01      0x2d2 .\CortexM3\ARM_GCC_541\Debug\EGasPedal.a(Joystick_ADC_IRQ.o)
 .debug_info    0x00010dd3      0x279 .\CortexM3\ARM_GCC_541\Debug\EGasPedal.a(RGB_PWM_green.o)
 .debug_info    0x0001104c      0x11f .\CortexM3\ARM_GCC_541\Debug\EGasPedal.a(LED_red.o)
 .debug_info    0x0001116b      0x60c .\CortexM3\ARM_GCC_541\Debug\EGasPedal.a(UART_LOG.o)
 .debug_info    0x00011777      0x283 .\CortexM3\ARM_GCC_541\Debug\EGasPedal.a(UART_LOG_IntClock.o)
 .debug_info    0x000119fa       0x8f .\CortexM3\ARM_GCC_541\Debug\EGasPedal.a(CyBootAsmGnu.o)
 .debug_info    0x00011a89       0x9c .\CortexM3\ARM_GCC_541\Debug\EGasPedal.a(ErikaOS_1_ee_gnu_change_context_isr.o)
 .debug_info    0x00011b25       0x93 .\CortexM3\ARM_GCC_541\Debug\EGasPedal.a(ErikaOS_1_ee_gnu_irq_stack.o)
 .debug_info    0x00011bb8       0x97 .\CortexM3\ARM_GCC_541\Debug\EGasPedal.a(ErikaOS_1_ee_gnu_multi_context.o)
 .debug_info    0x00011c4f       0x8c .\CortexM3\ARM_GCC_541\Debug\EGasPedal.a(ErikaOS_1_ee_gnu_oo.o)
 .debug_info    0x00011cdb      0x64d .\CortexM3\ARM_GCC_541\Debug\EGasPedal.a(CyFlash.o)
 .debug_info    0x00012328      0x550 .\CortexM3\ARM_GCC_541\Debug\EGasPedal.a(CySpc.o)
 .debug_info    0x00012878      0x43d .\CortexM3\ARM_GCC_541\Debug\EGasPedal.a(ErikaOS_1_ee_tnterm.o)
 .debug_info    0x00012cb5      0x487 .\CortexM3\ARM_GCC_541\Debug\EGasPedal.a(ErikaOS_1_ee_tstub.o)
 .debug_info    0x0001313c      0x501 .\CortexM3\ARM_GCC_541\Debug\EGasPedal.a(ErikaOS_1_cortex_mx_ee_context.o)
 .debug_info    0x0001363d      0x6f9 .\CortexM3\ARM_GCC_541\Debug\EGasPedal.a(ErikaOS_1_ee_thendin.o)

.debug_abbrev   0x00000000     0x5448
 *(.debug_abbrev)
 .debug_abbrev  0x00000000      0x1fc .\CortexM3\ARM_GCC_541\Debug\main.o
 .debug_abbrev  0x000001fc      0x1dc .\CortexM3\ARM_GCC_541\Debug\swc_brakelight.o
 .debug_abbrev  0x000003d8      0x1f7 .\CortexM3\ARM_GCC_541\Debug\swc_control.o
 .debug_abbrev  0x000005cf      0x249 .\CortexM3\ARM_GCC_541\Debug\swc_engine.o
 .debug_abbrev  0x00000818      0x21d .\CortexM3\ARM_GCC_541\Debug\swc_joystick.o
 .debug_abbrev  0x00000a35      0x139 .\CortexM3\ARM_GCC_541\Debug\tsk_io.o
 .debug_abbrev  0x00000b6e       0xaf .\CortexM3\ARM_GCC_541\Debug\tsk_system.o
 .debug_abbrev  0x00000c1d      0x158 .\CortexM3\ARM_GCC_541\Debug\tsk_control.o
 .debug_abbrev  0x00000d75      0x11e .\CortexM3\ARM_GCC_541\Debug\joystick.o
 .debug_abbrev  0x00000e93       0xf9 .\CortexM3\ARM_GCC_541\Debug\pwm.o
 .debug_abbrev  0x00000f8c       0x5c .\CortexM3\ARM_GCC_541\Debug\watchdog.o
 .debug_abbrev  0x00000fe8      0x16b .\CortexM3\ARM_GCC_541\Debug\rte.o
 .debug_abbrev  0x00001153       0xf4 .\CortexM3\ARM_GCC_541\Debug\sc_brakelight_type.o
 .debug_abbrev  0x00001247       0xf4 .\CortexM3\ARM_GCC_541\Debug\sc_engine_type.o
 .debug_abbrev  0x0000133b      0x100 .\CortexM3\ARM_GCC_541\Debug\sc_joystick_type.o
 .debug_abbrev  0x0000143b      0x1df .\CortexM3\ARM_GCC_541\Debug\sp_common.o
 .debug_abbrev  0x0000161a      0x20d .\CortexM3\ARM_GCC_541\Debug\cyfitter_cfg.o
 .debug_abbrev  0x00001827       0x77 .\CortexM3\ARM_GCC_541\Debug\cymetadata.o
 .debug_abbrev  0x0000189e      0x1e8 .\CortexM3\ARM_GCC_541\Debug\Cm3Start.o
 .debug_abbrev  0x00001a86      0x1b2 .\CortexM3\ARM_GCC_541\Debug\EGasPedal.a(CyDmac.o)
 .debug_abbrev  0x00001c38      0x254 .\CortexM3\ARM_GCC_541\Debug\EGasPedal.a(CyLib.o)
 .debug_abbrev  0x00001e8c      0x1ab .\CortexM3\ARM_GCC_541\Debug\EGasPedal.a(cyPm.o)
 .debug_abbrev  0x00002037      0x284 .\CortexM3\ARM_GCC_541\Debug\EGasPedal.a(ErikaOS_1_ee_activate.o)
 .debug_abbrev  0x000022bb      0x1f7 .\CortexM3\ARM_GCC_541\Debug\EGasPedal.a(ErikaOS_1_ee_alsetrel.o)
 .debug_abbrev  0x000024b2      0x362 .\CortexM3\ARM_GCC_541\Debug\EGasPedal.a(ErikaOS_1_ee_altick.o)
 .debug_abbrev  0x00002814      0x1e0 .\CortexM3\ARM_GCC_541\Debug\EGasPedal.a(ErikaOS_1_ee_evclear.o)
 .debug_abbrev  0x000029f4      0x150 .\CortexM3\ARM_GCC_541\Debug\EGasPedal.a(ErikaOS_1_ee_evget.o)
 .debug_abbrev  0x00002b44      0x27f .\CortexM3\ARM_GCC_541\Debug\EGasPedal.a(ErikaOS_1_ee_evset.o)
 .debug_abbrev  0x00002dc3      0x25d .\CortexM3\ARM_GCC_541\Debug\EGasPedal.a(ErikaOS_1_ee_evwait.o)
 .debug_abbrev  0x00003020      0x1da .\CortexM3\ARM_GCC_541\Debug\EGasPedal.a(ErikaOS_1_ee_irqendin.o)
 .debug_abbrev  0x000031fa       0xcf .\CortexM3\ARM_GCC_541\Debug\EGasPedal.a(ErikaOS_1_ee_lookup.o)
 .debug_abbrev  0x000032c9       0xfc .\CortexM3\ARM_GCC_541\Debug\EGasPedal.a(ErikaOS_1_ee_rq_exchg.o)
 .debug_abbrev  0x000033c5       0xed .\CortexM3\ARM_GCC_541\Debug\EGasPedal.a(ErikaOS_1_ee_rq_first.o)
 .debug_abbrev  0x000034b2      0x109 .\CortexM3\ARM_GCC_541\Debug\EGasPedal.a(ErikaOS_1_ee_rq_inser.o)
 .debug_abbrev  0x000035bb      0x4a7 .\CortexM3\ARM_GCC_541\Debug\EGasPedal.a(ErikaOS_1_ee_startos.o)
 .debug_abbrev  0x00003a62      0x1de .\CortexM3\ARM_GCC_541\Debug\EGasPedal.a(ErikaOS_1_ee_terminat.o)
 .debug_abbrev  0x00003c40      0x1ad .\CortexM3\ARM_GCC_541\Debug\EGasPedal.a(ErikaOS_1_cortex_mx_ee_utils.o)
 .debug_abbrev  0x00003ded       0xcf .\CortexM3\ARM_GCC_541\Debug\EGasPedal.a(ErikaOS_1_common_ee_hal_structs.o)
 .debug_abbrev  0x00003ebc      0x130 .\CortexM3\ARM_GCC_541\Debug\EGasPedal.a(ErikaOS_1_eecfg.o)
 .debug_abbrev  0x00003fec      0x13e .\CortexM3\ARM_GCC_541\Debug\EGasPedal.a(Joystick_ADC.o)
 .debug_abbrev  0x0000412a       0x42 .\CortexM3\ARM_GCC_541\Debug\EGasPedal.a(Joystick_ADC_INT.o)
 .debug_abbrev  0x0000416c      0x1ac .\CortexM3\ARM_GCC_541\Debug\EGasPedal.a(Joystick_ADC_SAR.o)
 .debug_abbrev  0x00004318       0xcd .\CortexM3\ARM_GCC_541\Debug\EGasPedal.a(Joystick_ADC_TempBuf_dma.o)
 .debug_abbrev  0x000043e5       0xcd .\CortexM3\ARM_GCC_541\Debug\EGasPedal.a(Joystick_ADC_FinalBuf_dma.o)
 .debug_abbrev  0x000044b2      0x173 .\CortexM3\ARM_GCC_541\Debug\EGasPedal.a(Joystick_ADC_IRQ.o)
 .debug_abbrev  0x00004625      0x12d .\CortexM3\ARM_GCC_541\Debug\EGasPedal.a(RGB_PWM_green.o)
 .debug_abbrev  0x00004752       0x90 .\CortexM3\ARM_GCC_541\Debug\EGasPedal.a(LED_red.o)
 .debug_abbrev  0x000047e2      0x175 .\CortexM3\ARM_GCC_541\Debug\EGasPedal.a(UART_LOG.o)
 .debug_abbrev  0x00004957      0x139 .\CortexM3\ARM_GCC_541\Debug\EGasPedal.a(UART_LOG_IntClock.o)
 .debug_abbrev  0x00004a90       0x14 .\CortexM3\ARM_GCC_541\Debug\EGasPedal.a(CyBootAsmGnu.o)
 .debug_abbrev  0x00004aa4       0x14 .\CortexM3\ARM_GCC_541\Debug\EGasPedal.a(ErikaOS_1_ee_gnu_change_context_isr.o)
 .debug_abbrev  0x00004ab8       0x14 .\CortexM3\ARM_GCC_541\Debug\EGasPedal.a(ErikaOS_1_ee_gnu_irq_stack.o)
 .debug_abbrev  0x00004acc       0x14 .\CortexM3\ARM_GCC_541\Debug\EGasPedal.a(ErikaOS_1_ee_gnu_multi_context.o)
 .debug_abbrev  0x00004ae0       0x14 .\CortexM3\ARM_GCC_541\Debug\EGasPedal.a(ErikaOS_1_ee_gnu_oo.o)
 .debug_abbrev  0x00004af4      0x1a7 .\CortexM3\ARM_GCC_541\Debug\EGasPedal.a(CyFlash.o)
 .debug_abbrev  0x00004c9b      0x194 .\CortexM3\ARM_GCC_541\Debug\EGasPedal.a(CySpc.o)
 .debug_abbrev  0x00004e2f      0x157 .\CortexM3\ARM_GCC_541\Debug\EGasPedal.a(ErikaOS_1_ee_tnterm.o)
 .debug_abbrev  0x00004f86      0x143 .\CortexM3\ARM_GCC_541\Debug\EGasPedal.a(ErikaOS_1_ee_tstub.o)
 .debug_abbrev  0x000050c9      0x156 .\CortexM3\ARM_GCC_541\Debug\EGasPedal.a(ErikaOS_1_cortex_mx_ee_context.o)
 .debug_abbrev  0x0000521f      0x229 .\CortexM3\ARM_GCC_541\Debug\EGasPedal.a(ErikaOS_1_ee_thendin.o)

.debug_line     0x00000000     0x7ac9
 *(.debug_line)
 .debug_line    0x00000000      0x42b .\CortexM3\ARM_GCC_541\Debug\main.o
 .debug_line    0x0000042b      0x388 .\CortexM3\ARM_GCC_541\Debug\swc_brakelight.o
 .debug_line    0x000007b3      0x39e .\CortexM3\ARM_GCC_541\Debug\swc_control.o
 .debug_line    0x00000b51      0x424 .\CortexM3\ARM_GCC_541\Debug\swc_engine.o
 .debug_line    0x00000f75      0x37b .\CortexM3\ARM_GCC_541\Debug\swc_joystick.o
 .debug_line    0x000012f0      0x282 .\CortexM3\ARM_GCC_541\Debug\tsk_io.o
 .debug_line    0x00001572      0x255 .\CortexM3\ARM_GCC_541\Debug\tsk_system.o
 .debug_line    0x000017c7      0x291 .\CortexM3\ARM_GCC_541\Debug\tsk_control.o
 .debug_line    0x00001a58      0x24c .\CortexM3\ARM_GCC_541\Debug\joystick.o
 .debug_line    0x00001ca4      0x244 .\CortexM3\ARM_GCC_541\Debug\pwm.o
 .debug_line    0x00001ee8      0x1ed .\CortexM3\ARM_GCC_541\Debug\watchdog.o
 .debug_line    0x000020d5      0x293 .\CortexM3\ARM_GCC_541\Debug\rte.o
 .debug_line    0x00002368        0x0 .\CortexM3\ARM_GCC_541\Debug\sc_brakelight.o
 .debug_line    0x00002368      0x25f .\CortexM3\ARM_GCC_541\Debug\sc_brakelight_type.o
 .debug_line    0x000025c7        0x0 .\CortexM3\ARM_GCC_541\Debug\sc_engine.o
 .debug_line    0x000025c7      0x254 .\CortexM3\ARM_GCC_541\Debug\sc_engine_type.o
 .debug_line    0x0000281b        0x0 .\CortexM3\ARM_GCC_541\Debug\sc_joystick.o
 .debug_line    0x0000281b      0x25c .\CortexM3\ARM_GCC_541\Debug\sc_joystick_type.o
 .debug_line    0x00002a77        0x0 .\CortexM3\ARM_GCC_541\Debug\sc_speed.o
 .debug_line    0x00002a77      0x3b7 .\CortexM3\ARM_GCC_541\Debug\sp_common.o
 .debug_line    0x00002e2e      0x207 .\CortexM3\ARM_GCC_541\Debug\cyfitter_cfg.o
 .debug_line    0x00003035      0x141 .\CortexM3\ARM_GCC_541\Debug\cymetadata.o
 .debug_line    0x00003176      0x241 .\CortexM3\ARM_GCC_541\Debug\Cm3Start.o
 .debug_line    0x000033b7      0x2e4 .\CortexM3\ARM_GCC_541\Debug\EGasPedal.a(CyDmac.o)
 .debug_line    0x0000369b      0x816 .\CortexM3\ARM_GCC_541\Debug\EGasPedal.a(CyLib.o)
 .debug_line    0x00003eb1      0x367 .\CortexM3\ARM_GCC_541\Debug\EGasPedal.a(cyPm.o)
 .debug_line    0x00004218      0x1fa .\CortexM3\ARM_GCC_541\Debug\EGasPedal.a(ErikaOS_1_ee_activate.o)
 .debug_line    0x00004412      0x1d1 .\CortexM3\ARM_GCC_541\Debug\EGasPedal.a(ErikaOS_1_ee_alsetrel.o)
 .debug_line    0x000045e3      0x305 .\CortexM3\ARM_GCC_541\Debug\EGasPedal.a(ErikaOS_1_ee_altick.o)
 .debug_line    0x000048e8      0x1d5 .\CortexM3\ARM_GCC_541\Debug\EGasPedal.a(ErikaOS_1_ee_evclear.o)
 .debug_line    0x00004abd      0x15b .\CortexM3\ARM_GCC_541\Debug\EGasPedal.a(ErikaOS_1_ee_evget.o)
 .debug_line    0x00004c18      0x1f7 .\CortexM3\ARM_GCC_541\Debug\EGasPedal.a(ErikaOS_1_ee_evset.o)
 .debug_line    0x00004e0f      0x203 .\CortexM3\ARM_GCC_541\Debug\EGasPedal.a(ErikaOS_1_ee_evwait.o)
 .debug_line    0x00005012      0x1a0 .\CortexM3\ARM_GCC_541\Debug\EGasPedal.a(ErikaOS_1_ee_irqendin.o)
 .debug_line    0x000051b2      0x119 .\CortexM3\ARM_GCC_541\Debug\EGasPedal.a(ErikaOS_1_ee_lookup.o)
 .debug_line    0x000052cb      0x15b .\CortexM3\ARM_GCC_541\Debug\EGasPedal.a(ErikaOS_1_ee_rq_exchg.o)
 .debug_line    0x00005426      0x152 .\CortexM3\ARM_GCC_541\Debug\EGasPedal.a(ErikaOS_1_ee_rq_first.o)
 .debug_line    0x00005578      0x156 .\CortexM3\ARM_GCC_541\Debug\EGasPedal.a(ErikaOS_1_ee_rq_inser.o)
 .debug_line    0x000056ce      0x3fa .\CortexM3\ARM_GCC_541\Debug\EGasPedal.a(ErikaOS_1_ee_startos.o)
 .debug_line    0x00005ac8      0x1c0 .\CortexM3\ARM_GCC_541\Debug\EGasPedal.a(ErikaOS_1_ee_terminat.o)
 .debug_line    0x00005c88      0x166 .\CortexM3\ARM_GCC_541\Debug\EGasPedal.a(ErikaOS_1_cortex_mx_ee_utils.o)
 .debug_line    0x00005dee       0xf9 .\CortexM3\ARM_GCC_541\Debug\EGasPedal.a(ErikaOS_1_common_ee_hal_structs.o)
 .debug_line    0x00005ee7      0x13c .\CortexM3\ARM_GCC_541\Debug\EGasPedal.a(ErikaOS_1_eecfg.o)
 .debug_line    0x00006023      0x22f .\CortexM3\ARM_GCC_541\Debug\EGasPedal.a(Joystick_ADC.o)
 .debug_line    0x00006252       0x59 .\CortexM3\ARM_GCC_541\Debug\EGasPedal.a(Joystick_ADC_INT.o)
 .debug_line    0x000062ab      0x20c .\CortexM3\ARM_GCC_541\Debug\EGasPedal.a(Joystick_ADC_SAR.o)
 .debug_line    0x000064b7       0x91 .\CortexM3\ARM_GCC_541\Debug\EGasPedal.a(Joystick_ADC_TempBuf_dma.o)
 .debug_line    0x00006548       0x92 .\CortexM3\ARM_GCC_541\Debug\EGasPedal.a(Joystick_ADC_FinalBuf_dma.o)
 .debug_line    0x000065da      0x13d .\CortexM3\ARM_GCC_541\Debug\EGasPedal.a(Joystick_ADC_IRQ.o)
 .debug_line    0x00006717      0x142 .\CortexM3\ARM_GCC_541\Debug\EGasPedal.a(RGB_PWM_green.o)
 .debug_line    0x00006859       0x94 .\CortexM3\ARM_GCC_541\Debug\EGasPedal.a(LED_red.o)
 .debug_line    0x000068ed      0x2c4 .\CortexM3\ARM_GCC_541\Debug\EGasPedal.a(UART_LOG.o)
 .debug_line    0x00006bb1      0x180 .\CortexM3\ARM_GCC_541\Debug\EGasPedal.a(UART_LOG_IntClock.o)
 .debug_line    0x00006d31       0x66 .\CortexM3\ARM_GCC_541\Debug\EGasPedal.a(CyBootAsmGnu.o)
 .debug_line    0x00006d97       0xae .\CortexM3\ARM_GCC_541\Debug\EGasPedal.a(ErikaOS_1_ee_gnu_change_context_isr.o)
 .debug_line    0x00006e45       0x74 .\CortexM3\ARM_GCC_541\Debug\EGasPedal.a(ErikaOS_1_ee_gnu_irq_stack.o)
 .debug_line    0x00006eb9       0x9d .\CortexM3\ARM_GCC_541\Debug\EGasPedal.a(ErikaOS_1_ee_gnu_multi_context.o)
 .debug_line    0x00006f56       0x99 .\CortexM3\ARM_GCC_541\Debug\EGasPedal.a(ErikaOS_1_ee_gnu_oo.o)
 .debug_line    0x00006fef      0x21a .\CortexM3\ARM_GCC_541\Debug\EGasPedal.a(CyFlash.o)
 .debug_line    0x00007209      0x260 .\CortexM3\ARM_GCC_541\Debug\EGasPedal.a(CySpc.o)
 .debug_line    0x00007469      0x17b .\CortexM3\ARM_GCC_541\Debug\EGasPedal.a(ErikaOS_1_ee_tnterm.o)
 .debug_line    0x000075e4      0x172 .\CortexM3\ARM_GCC_541\Debug\EGasPedal.a(ErikaOS_1_ee_tstub.o)
 .debug_line    0x00007756      0x1ac .\CortexM3\ARM_GCC_541\Debug\EGasPedal.a(ErikaOS_1_cortex_mx_ee_context.o)
 .debug_line    0x00007902      0x1c7 .\CortexM3\ARM_GCC_541\Debug\EGasPedal.a(ErikaOS_1_ee_thendin.o)

.debug_frame    0x00000000     0x2434
 *(.debug_frame)
 .debug_frame   0x00000000       0xd0 .\CortexM3\ARM_GCC_541\Debug\main.o
 .debug_frame   0x000000d0       0x30 .\CortexM3\ARM_GCC_541\Debug\swc_brakelight.o
 .debug_frame   0x00000100       0x3c .\CortexM3\ARM_GCC_541\Debug\swc_control.o
 .debug_frame   0x0000013c       0x34 .\CortexM3\ARM_GCC_541\Debug\swc_engine.o
 .debug_frame   0x00000170       0x3c .\CortexM3\ARM_GCC_541\Debug\swc_joystick.o
 .debug_frame   0x000001ac       0x2c .\CortexM3\ARM_GCC_541\Debug\tsk_io.o
 .debug_frame   0x000001d8       0x2c .\CortexM3\ARM_GCC_541\Debug\tsk_system.o
 .debug_frame   0x00000204       0x2c .\CortexM3\ARM_GCC_541\Debug\tsk_control.o
 .debug_frame   0x00000230       0x4c .\CortexM3\ARM_GCC_541\Debug\joystick.o
 .debug_frame   0x0000027c       0x48 .\CortexM3\ARM_GCC_541\Debug\pwm.o
 .debug_frame   0x000002c4       0x60 .\CortexM3\ARM_GCC_541\Debug\rte.o
 .debug_frame   0x00000324       0x2c .\CortexM3\ARM_GCC_541\Debug\sc_brakelight_type.o
 .debug_frame   0x00000350       0x2c .\CortexM3\ARM_GCC_541\Debug\sc_engine_type.o
 .debug_frame   0x0000037c       0x2c .\CortexM3\ARM_GCC_541\Debug\sc_joystick_type.o
 .debug_frame   0x000003a8       0x30 .\CortexM3\ARM_GCC_541\Debug\sp_common.o
 .debug_frame   0x000003d8       0xfc .\CortexM3\ARM_GCC_541\Debug\cyfitter_cfg.o
 .debug_frame   0x000004d4       0xb8 .\CortexM3\ARM_GCC_541\Debug\Cm3Start.o
 .debug_frame   0x0000058c      0x1f8 .\CortexM3\ARM_GCC_541\Debug\EGasPedal.a(CyDmac.o)
 .debug_frame   0x00000784      0x738 .\CortexM3\ARM_GCC_541\Debug\EGasPedal.a(CyLib.o)
 .debug_frame   0x00000ebc      0x1f8 .\CortexM3\ARM_GCC_541\Debug\EGasPedal.a(cyPm.o)
 .debug_frame   0x000010b4       0x30 .\CortexM3\ARM_GCC_541\Debug\EGasPedal.a(ErikaOS_1_ee_activate.o)
 .debug_frame   0x000010e4       0x38 .\CortexM3\ARM_GCC_541\Debug\EGasPedal.a(ErikaOS_1_ee_alsetrel.o)
 .debug_frame   0x0000111c      0x10c .\CortexM3\ARM_GCC_541\Debug\EGasPedal.a(ErikaOS_1_ee_altick.o)
 .debug_frame   0x00001228       0x38 .\CortexM3\ARM_GCC_541\Debug\EGasPedal.a(ErikaOS_1_ee_evclear.o)
 .debug_frame   0x00001260       0x20 .\CortexM3\ARM_GCC_541\Debug\EGasPedal.a(ErikaOS_1_ee_evget.o)
 .debug_frame   0x00001280       0x30 .\CortexM3\ARM_GCC_541\Debug\EGasPedal.a(ErikaOS_1_ee_evset.o)
 .debug_frame   0x000012b0       0x30 .\CortexM3\ARM_GCC_541\Debug\EGasPedal.a(ErikaOS_1_ee_evwait.o)
 .debug_frame   0x000012e0       0x58 .\CortexM3\ARM_GCC_541\Debug\EGasPedal.a(ErikaOS_1_ee_irqendin.o)
 .debug_frame   0x00001338       0x3c .\CortexM3\ARM_GCC_541\Debug\EGasPedal.a(ErikaOS_1_ee_rq_exchg.o)
 .debug_frame   0x00001374       0x20 .\CortexM3\ARM_GCC_541\Debug\EGasPedal.a(ErikaOS_1_ee_rq_first.o)
 .debug_frame   0x00001394       0x30 .\CortexM3\ARM_GCC_541\Debug\EGasPedal.a(ErikaOS_1_ee_rq_inser.o)
 .debug_frame   0x000013c4       0x90 .\CortexM3\ARM_GCC_541\Debug\EGasPedal.a(ErikaOS_1_ee_startos.o)
 .debug_frame   0x00001454       0x2c .\CortexM3\ARM_GCC_541\Debug\EGasPedal.a(ErikaOS_1_ee_terminat.o)
 .debug_frame   0x00001480       0x2c .\CortexM3\ARM_GCC_541\Debug\EGasPedal.a(ErikaOS_1_cortex_mx_ee_utils.o)
 .debug_frame   0x000014ac      0x1dc .\CortexM3\ARM_GCC_541\Debug\EGasPedal.a(Joystick_ADC.o)
 .debug_frame   0x00001688       0x20 .\CortexM3\ARM_GCC_541\Debug\EGasPedal.a(Joystick_ADC_INT.o)
 .debug_frame   0x000016a8      0x1b0 .\CortexM3\ARM_GCC_541\Debug\EGasPedal.a(Joystick_ADC_SAR.o)
 .debug_frame   0x00001858       0x54 .\CortexM3\ARM_GCC_541\Debug\EGasPedal.a(Joystick_ADC_TempBuf_dma.o)
 .debug_frame   0x000018ac       0x54 .\CortexM3\ARM_GCC_541\Debug\EGasPedal.a(Joystick_ADC_FinalBuf_dma.o)
 .debug_frame   0x00001900      0x104 .\CortexM3\ARM_GCC_541\Debug\EGasPedal.a(Joystick_ADC_IRQ.o)
 .debug_frame   0x00001a04       0xf8 .\CortexM3\ARM_GCC_541\Debug\EGasPedal.a(RGB_PWM_green.o)
 .debug_frame   0x00001afc       0x50 .\CortexM3\ARM_GCC_541\Debug\EGasPedal.a(LED_red.o)
 .debug_frame   0x00001b4c      0x250 .\CortexM3\ARM_GCC_541\Debug\EGasPedal.a(UART_LOG.o)
 .debug_frame   0x00001d9c       0xe0 .\CortexM3\ARM_GCC_541\Debug\EGasPedal.a(UART_LOG_IntClock.o)
 .debug_frame   0x00001e7c      0x194 .\CortexM3\ARM_GCC_541\Debug\EGasPedal.a(CyFlash.o)
 .debug_frame   0x00002010      0x180 .\CortexM3\ARM_GCC_541\Debug\EGasPedal.a(CySpc.o)
 .debug_frame   0x00002190       0x2c .\CortexM3\ARM_GCC_541\Debug\EGasPedal.a(ErikaOS_1_ee_tnterm.o)
 .debug_frame   0x000021bc       0x2c .\CortexM3\ARM_GCC_541\Debug\EGasPedal.a(ErikaOS_1_ee_tstub.o)
 .debug_frame   0x000021e8       0x3c .\CortexM3\ARM_GCC_541\Debug\EGasPedal.a(ErikaOS_1_cortex_mx_ee_context.o)
 .debug_frame   0x00002224       0x5c .\CortexM3\ARM_GCC_541\Debug\EGasPedal.a(ErikaOS_1_ee_thendin.o)
 .debug_frame   0x00002280       0x44 c:/program files (x86)/cypress/psoc creator/4.4/psoc creator/import/gnu/arm/5.4.1/bin/../lib/gcc/arm-none-eabi/5.4.1/armv7-m\libgcc.a(_aeabi_ldivmod.o)
 .debug_frame   0x000022c4       0x38 c:/program files (x86)/cypress/psoc creator/4.4/psoc creator/import/gnu/arm/5.4.1/bin/../lib/gcc/arm-none-eabi/5.4.1/armv7-m\libgcc.a(_udivmoddi4.o)
 .debug_frame   0x000022fc       0x20 c:/program files (x86)/cypress/psoc creator/4.4/psoc creator/import/gnu/arm/5.4.1/bin/../lib/gcc/arm-none-eabi/5.4.1/../../../../arm-none-eabi/lib/armv7-m\libg_nano.a(lib_a-errno.o)
 .debug_frame   0x0000231c       0x28 c:/program files (x86)/cypress/psoc creator/4.4/psoc creator/import/gnu/arm/5.4.1/bin/../lib/gcc/arm-none-eabi/5.4.1/../../../../arm-none-eabi/lib/armv7-m\libg_nano.a(lib_a-exit.o)
 .debug_frame   0x00002344       0x2c c:/program files (x86)/cypress/psoc creator/4.4/psoc creator/import/gnu/arm/5.4.1/bin/../lib/gcc/arm-none-eabi/5.4.1/../../../../arm-none-eabi/lib/armv7-m\libg_nano.a(lib_a-init.o)
 .debug_frame   0x00002370       0x38 c:/program files (x86)/cypress/psoc creator/4.4/psoc creator/import/gnu/arm/5.4.1/bin/../lib/gcc/arm-none-eabi/5.4.1/../../../../arm-none-eabi/lib/armv7-m\libg_nano.a(lib_a-itoa.o)
 .debug_frame   0x000023a8       0x28 c:/program files (x86)/cypress/psoc creator/4.4/psoc creator/import/gnu/arm/5.4.1/bin/../lib/gcc/arm-none-eabi/5.4.1/../../../../arm-none-eabi/lib/armv7-m\libg_nano.a(lib_a-memcpy-stub.o)
 .debug_frame   0x000023d0       0x20 c:/program files (x86)/cypress/psoc creator/4.4/psoc creator/import/gnu/arm/5.4.1/bin/../lib/gcc/arm-none-eabi/5.4.1/../../../../arm-none-eabi/lib/armv7-m\libg_nano.a(lib_a-memset.o)
 .debug_frame   0x000023f0       0x44 c:/program files (x86)/cypress/psoc creator/4.4/psoc creator/import/gnu/arm/5.4.1/bin/../lib/gcc/arm-none-eabi/5.4.1/../../../../arm-none-eabi/lib/armv7-m\libg_nano.a(lib_a-utoa.o)

.debug_str      0x00000000     0x4bf6
 *(.debug_str)
 .debug_str     0x00000000      0x4d5 .\CortexM3\ARM_GCC_541\Debug\main.o
                                0x539 (size before relaxing)
 .debug_str     0x000004d5      0x4f8 .\CortexM3\ARM_GCC_541\Debug\swc_brakelight.o
                                0x766 (size before relaxing)
 .debug_str     0x000009cd      0x140 .\CortexM3\ARM_GCC_541\Debug\swc_control.o
                                0x777 (size before relaxing)
 .debug_str     0x00000b0d      0x135 .\CortexM3\ARM_GCC_541\Debug\swc_engine.o
                                0x77d (size before relaxing)
 .debug_str     0x00000c42       0x7b .\CortexM3\ARM_GCC_541\Debug\swc_joystick.o
                                0x6c2 (size before relaxing)
 .debug_str     0x00000cbd       0xb6 .\CortexM3\ARM_GCC_541\Debug\tsk_io.o
                                0x334 (size before relaxing)
 .debug_str     0x00000d73       0x44 .\CortexM3\ARM_GCC_541\Debug\tsk_system.o
                                0x28d (size before relaxing)
 .debug_str     0x00000db7       0xca .\CortexM3\ARM_GCC_541\Debug\tsk_control.o
                                0x33f (size before relaxing)
 .debug_str     0x00000e81       0x99 .\CortexM3\ARM_GCC_541\Debug\joystick.o
                                0x4c6 (size before relaxing)
 .debug_str     0x00000f1a       0x56 .\CortexM3\ARM_GCC_541\Debug\pwm.o
                                0x474 (size before relaxing)
 .debug_str     0x00000f70       0x16 .\CortexM3\ARM_GCC_541\Debug\watchdog.o
                                0x24b (size before relaxing)
 .debug_str     0x00000f86       0x1b .\CortexM3\ARM_GCC_541\Debug\rte.o
                                0x4c1 (size before relaxing)
 .debug_str     0x00000fa1       0x1b .\CortexM3\ARM_GCC_541\Debug\sc_brakelight.o
                                 0xea (size before relaxing)
 .debug_str     0x00000fbc       0x46 .\CortexM3\ARM_GCC_541\Debug\sc_brakelight_type.o
                                0x480 (size before relaxing)
 .debug_str     0x00001002       0x17 .\CortexM3\ARM_GCC_541\Debug\sc_engine.o
                                 0xe6 (size before relaxing)
 .debug_str     0x00001019       0x30 .\CortexM3\ARM_GCC_541\Debug\sc_engine_type.o
                                0x477 (size before relaxing)
 .debug_str     0x00001049       0x19 .\CortexM3\ARM_GCC_541\Debug\sc_joystick.o
                                 0xe8 (size before relaxing)
 .debug_str     0x00001062       0x33 .\CortexM3\ARM_GCC_541\Debug\sc_joystick_type.o
                                0x478 (size before relaxing)
 .debug_str     0x00001095       0x16 .\CortexM3\ARM_GCC_541\Debug\sc_speed.o
                                 0xe5 (size before relaxing)
 .debug_str     0x000010ab      0x13e .\CortexM3\ARM_GCC_541\Debug\sp_common.o
                                0x946 (size before relaxing)
 .debug_str     0x000011e9      0x1ac .\CortexM3\ARM_GCC_541\Debug\cyfitter_cfg.o
                                0x34d (size before relaxing)
 .debug_str     0x00001395       0x75 .\CortexM3\ARM_GCC_541\Debug\cymetadata.o
                                0x1e3 (size before relaxing)
 .debug_str     0x0000140a      0x14f .\CortexM3\ARM_GCC_541\Debug\Cm3Start.o
                                0x319 (size before relaxing)
 .debug_str     0x00001559      0x36f .\CortexM3\ARM_GCC_541\Debug\EGasPedal.a(CyDmac.o)
                                0x549 (size before relaxing)
 .debug_str     0x000018c8      0x7ea .\CortexM3\ARM_GCC_541\Debug\EGasPedal.a(CyLib.o)
                                0xa46 (size before relaxing)
 .debug_str     0x000020b2      0x365 .\CortexM3\ARM_GCC_541\Debug\EGasPedal.a(cyPm.o)
                                0x732 (size before relaxing)
 .debug_str     0x00002417      0x5b7 .\CortexM3\ARM_GCC_541\Debug\EGasPedal.a(ErikaOS_1_ee_activate.o)
                                0x806 (size before relaxing)
 .debug_str     0x000029ce       0x99 .\CortexM3\ARM_GCC_541\Debug\EGasPedal.a(ErikaOS_1_ee_alsetrel.o)
                                0x5fe (size before relaxing)
 .debug_str     0x00002a67      0x232 .\CortexM3\ARM_GCC_541\Debug\EGasPedal.a(ErikaOS_1_ee_altick.o)
                                0xa61 (size before relaxing)
 .debug_str     0x00002c99       0x2e .\CortexM3\ARM_GCC_541\Debug\EGasPedal.a(ErikaOS_1_ee_evclear.o)
                                0x5de (size before relaxing)
 .debug_str     0x00002cc7       0x5d .\CortexM3\ARM_GCC_541\Debug\EGasPedal.a(ErikaOS_1_ee_evget.o)
                                0x54e (size before relaxing)
 .debug_str     0x00002d24       0x2c .\CortexM3\ARM_GCC_541\Debug\EGasPedal.a(ErikaOS_1_ee_evset.o)
                                0x7de (size before relaxing)
 .debug_str     0x00002d50       0x8f .\CortexM3\ARM_GCC_541\Debug\EGasPedal.a(ErikaOS_1_ee_evwait.o)
                                0x822 (size before relaxing)
 .debug_str     0x00002ddf       0xca .\CortexM3\ARM_GCC_541\Debug\EGasPedal.a(ErikaOS_1_ee_irqendin.o)
                                0x6bb (size before relaxing)
 .debug_str     0x00002ea9       0x2d .\CortexM3\ARM_GCC_541\Debug\EGasPedal.a(ErikaOS_1_ee_lookup.o)
                                0x48a (size before relaxing)
 .debug_str     0x00002ed6       0x8c .\CortexM3\ARM_GCC_541\Debug\EGasPedal.a(ErikaOS_1_ee_rq_exchg.o)
                                0x4fc (size before relaxing)
 .debug_str     0x00002f62       0x2f .\CortexM3\ARM_GCC_541\Debug\EGasPedal.a(ErikaOS_1_ee_rq_first.o)
                                0x4c7 (size before relaxing)
 .debug_str     0x00002f91       0x3a .\CortexM3\ARM_GCC_541\Debug\EGasPedal.a(ErikaOS_1_ee_rq_inser.o)
                                0x501 (size before relaxing)
 .debug_str     0x00002fcb      0x8a2 .\CortexM3\ARM_GCC_541\Debug\EGasPedal.a(ErikaOS_1_ee_startos.o)
                               0x172d (size before relaxing)
 .debug_str     0x0000386d       0x5d .\CortexM3\ARM_GCC_541\Debug\EGasPedal.a(ErikaOS_1_ee_terminat.o)
                                0x5eb (size before relaxing)
 .debug_str     0x000038ca       0x73 .\CortexM3\ARM_GCC_541\Debug\EGasPedal.a(ErikaOS_1_cortex_mx_ee_utils.o)
                                0x52c (size before relaxing)
 .debug_str     0x0000393d       0x39 .\CortexM3\ARM_GCC_541\Debug\EGasPedal.a(ErikaOS_1_common_ee_hal_structs.o)
                                0x496 (size before relaxing)
 .debug_str     0x00003976      0x18a .\CortexM3\ARM_GCC_541\Debug\EGasPedal.a(ErikaOS_1_eecfg.o)
                                0x7cf (size before relaxing)
 .debug_str     0x00003b00      0x42a .\CortexM3\ARM_GCC_541\Debug\EGasPedal.a(Joystick_ADC.o)
                                0x6f9 (size before relaxing)
 .debug_str     0x00003f2a       0x3b .\CortexM3\ARM_GCC_541\Debug\EGasPedal.a(Joystick_ADC_INT.o)
                                0x1b5 (size before relaxing)
 .debug_str     0x00003f65      0x15a .\CortexM3\ARM_GCC_541\Debug\EGasPedal.a(Joystick_ADC_SAR.o)
                                0x515 (size before relaxing)
 .debug_str     0x000040bf       0xac .\CortexM3\ARM_GCC_541\Debug\EGasPedal.a(Joystick_ADC_TempBuf_dma.o)
                                0x2a7 (size before relaxing)
 .debug_str     0x0000416b       0x74 .\CortexM3\ARM_GCC_541\Debug\EGasPedal.a(Joystick_ADC_FinalBuf_dma.o)
                                0x2ab (size before relaxing)
 .debug_str     0x000041df      0x148 .\CortexM3\ARM_GCC_541\Debug\EGasPedal.a(Joystick_ADC_IRQ.o)
                                0x33f (size before relaxing)
 .debug_str     0x00004327      0x16e .\CortexM3\ARM_GCC_541\Debug\EGasPedal.a(RGB_PWM_green.o)
                                0x338 (size before relaxing)
 .debug_str     0x00004495       0x62 .\CortexM3\ARM_GCC_541\Debug\EGasPedal.a(LED_red.o)
                                0x1eb (size before relaxing)
 .debug_str     0x000044f7      0x2e0 .\CortexM3\ARM_GCC_541\Debug\EGasPedal.a(UART_LOG.o)
                                0x4f0 (size before relaxing)
 .debug_str     0x000047d7      0x1ab .\CortexM3\ARM_GCC_541\Debug\EGasPedal.a(UART_LOG_IntClock.o)
                                0x365 (size before relaxing)
 .debug_str     0x00004982       0x6c .\CortexM3\ARM_GCC_541\Debug\EGasPedal.a(CyFlash.o)
                                0x3bf (size before relaxing)
 .debug_str     0x000049ee       0x64 .\CortexM3\ARM_GCC_541\Debug\EGasPedal.a(CySpc.o)
                                0x337 (size before relaxing)
 .debug_str     0x00004a52       0x58 .\CortexM3\ARM_GCC_541\Debug\EGasPedal.a(ErikaOS_1_ee_tnterm.o)
                                0x4fd (size before relaxing)
 .debug_str     0x00004aaa       0x57 .\CortexM3\ARM_GCC_541\Debug\EGasPedal.a(ErikaOS_1_ee_tstub.o)
                                0x5d4 (size before relaxing)
 .debug_str     0x00004b01       0x8c .\CortexM3\ARM_GCC_541\Debug\EGasPedal.a(ErikaOS_1_cortex_mx_ee_context.o)
                                0x58b (size before relaxing)
 .debug_str     0x00004b8d       0x69 .\CortexM3\ARM_GCC_541\Debug\EGasPedal.a(ErikaOS_1_ee_thendin.o)
                                0x751 (size before relaxing)

.debug_loc      0x00000000     0x476f
 *(.debug_loc)
 .debug_loc     0x00000000       0xa8 .\CortexM3\ARM_GCC_541\Debug\main.o
 .debug_loc     0x000000a8       0xc4 .\CortexM3\ARM_GCC_541\Debug\swc_brakelight.o
 .debug_loc     0x0000016c      0x128 .\CortexM3\ARM_GCC_541\Debug\swc_control.o
 .debug_loc     0x00000294       0xc1 .\CortexM3\ARM_GCC_541\Debug\swc_engine.o
 .debug_loc     0x00000355      0x164 .\CortexM3\ARM_GCC_541\Debug\swc_joystick.o
 .debug_loc     0x000004b9       0x62 .\CortexM3\ARM_GCC_541\Debug\joystick.o
 .debug_loc     0x0000051b       0x21 .\CortexM3\ARM_GCC_541\Debug\pwm.o
 .debug_loc     0x0000053c      0x10e .\CortexM3\ARM_GCC_541\Debug\rte.o
 .debug_loc     0x0000064a       0x21 .\CortexM3\ARM_GCC_541\Debug\sc_brakelight_type.o
 .debug_loc     0x0000066b       0x1e .\CortexM3\ARM_GCC_541\Debug\sc_engine_type.o
 .debug_loc     0x00000689       0x21 .\CortexM3\ARM_GCC_541\Debug\sc_joystick_type.o
 .debug_loc     0x000006aa      0x13b .\CortexM3\ARM_GCC_541\Debug\sp_common.o
 .debug_loc     0x000007e5      0x2ae .\CortexM3\ARM_GCC_541\Debug\cyfitter_cfg.o
 .debug_loc     0x00000a93      0x144 .\CortexM3\ARM_GCC_541\Debug\Cm3Start.o
 .debug_loc     0x00000bd7      0xb8e .\CortexM3\ARM_GCC_541\Debug\EGasPedal.a(CyDmac.o)
 .debug_loc     0x00001765      0xa11 .\CortexM3\ARM_GCC_541\Debug\EGasPedal.a(CyLib.o)
 .debug_loc     0x00002176      0x1e4 .\CortexM3\ARM_GCC_541\Debug\EGasPedal.a(cyPm.o)
 .debug_loc     0x0000235a      0x12d .\CortexM3\ARM_GCC_541\Debug\EGasPedal.a(ErikaOS_1_ee_activate.o)
 .debug_loc     0x00002487      0x1ed .\CortexM3\ARM_GCC_541\Debug\EGasPedal.a(ErikaOS_1_ee_alsetrel.o)
 .debug_loc     0x00002674      0x46c .\CortexM3\ARM_GCC_541\Debug\EGasPedal.a(ErikaOS_1_ee_altick.o)
 .debug_loc     0x00002ae0       0xbc .\CortexM3\ARM_GCC_541\Debug\EGasPedal.a(ErikaOS_1_ee_evclear.o)
 .debug_loc     0x00002b9c       0xa4 .\CortexM3\ARM_GCC_541\Debug\EGasPedal.a(ErikaOS_1_ee_evget.o)
 .debug_loc     0x00002c40      0x16b .\CortexM3\ARM_GCC_541\Debug\EGasPedal.a(ErikaOS_1_ee_evset.o)
 .debug_loc     0x00002dab      0x13f .\CortexM3\ARM_GCC_541\Debug\EGasPedal.a(ErikaOS_1_ee_evwait.o)
 .debug_loc     0x00002eea       0x62 .\CortexM3\ARM_GCC_541\Debug\EGasPedal.a(ErikaOS_1_ee_irqendin.o)
 .debug_loc     0x00002f4c       0x4a .\CortexM3\ARM_GCC_541\Debug\EGasPedal.a(ErikaOS_1_ee_rq_exchg.o)
 .debug_loc     0x00002f96       0x36 .\CortexM3\ARM_GCC_541\Debug\EGasPedal.a(ErikaOS_1_ee_rq_first.o)
 .debug_loc     0x00002fcc       0x1e .\CortexM3\ARM_GCC_541\Debug\EGasPedal.a(ErikaOS_1_ee_rq_inser.o)
 .debug_loc     0x00002fea      0x1d8 .\CortexM3\ARM_GCC_541\Debug\EGasPedal.a(ErikaOS_1_ee_startos.o)
 .debug_loc     0x000031c2       0x50 .\CortexM3\ARM_GCC_541\Debug\EGasPedal.a(ErikaOS_1_ee_terminat.o)
 .debug_loc     0x00003212      0x13c .\CortexM3\ARM_GCC_541\Debug\EGasPedal.a(Joystick_ADC.o)
 .debug_loc     0x0000334e      0x295 .\CortexM3\ARM_GCC_541\Debug\EGasPedal.a(Joystick_ADC_SAR.o)
 .debug_loc     0x000035e3       0x84 .\CortexM3\ARM_GCC_541\Debug\EGasPedal.a(Joystick_ADC_TempBuf_dma.o)
 .debug_loc     0x00003667       0x84 .\CortexM3\ARM_GCC_541\Debug\EGasPedal.a(Joystick_ADC_FinalBuf_dma.o)
 .debug_loc     0x000036eb       0x56 .\CortexM3\ARM_GCC_541\Debug\EGasPedal.a(Joystick_ADC_IRQ.o)
 .debug_loc     0x00003741       0x13 .\CortexM3\ARM_GCC_541\Debug\EGasPedal.a(RGB_PWM_green.o)
 .debug_loc     0x00003754       0x42 .\CortexM3\ARM_GCC_541\Debug\EGasPedal.a(LED_red.o)
 .debug_loc     0x00003796      0x258 .\CortexM3\ARM_GCC_541\Debug\EGasPedal.a(UART_LOG.o)
 .debug_loc     0x000039ee      0x128 .\CortexM3\ARM_GCC_541\Debug\EGasPedal.a(UART_LOG_IntClock.o)
 .debug_loc     0x00003b16      0x3b2 .\CortexM3\ARM_GCC_541\Debug\EGasPedal.a(CyFlash.o)
 .debug_loc     0x00003ec8      0x705 .\CortexM3\ARM_GCC_541\Debug\EGasPedal.a(CySpc.o)
 .debug_loc     0x000045cd       0xc5 .\CortexM3\ARM_GCC_541\Debug\EGasPedal.a(ErikaOS_1_cortex_mx_ee_context.o)
 .debug_loc     0x00004692       0xdd .\CortexM3\ARM_GCC_541\Debug\EGasPedal.a(ErikaOS_1_ee_thendin.o)

.debug_macinfo
 *(.debug_macinfo)

.debug_ranges   0x00000000      0xc98
 *(.debug_ranges)
 .debug_ranges  0x00000000       0x40 .\CortexM3\ARM_GCC_541\Debug\main.o
 .debug_ranges  0x00000040       0x10 .\CortexM3\ARM_GCC_541\Debug\swc_brakelight.o
 .debug_ranges  0x00000050       0x10 .\CortexM3\ARM_GCC_541\Debug\swc_control.o
 .debug_ranges  0x00000060       0x10 .\CortexM3\ARM_GCC_541\Debug\swc_engine.o
 .debug_ranges  0x00000070       0x28 .\CortexM3\ARM_GCC_541\Debug\swc_joystick.o
 .debug_ranges  0x00000098       0x10 .\CortexM3\ARM_GCC_541\Debug\tsk_io.o
 .debug_ranges  0x000000a8       0x10 .\CortexM3\ARM_GCC_541\Debug\tsk_system.o
 .debug_ranges  0x000000b8       0x10 .\CortexM3\ARM_GCC_541\Debug\tsk_control.o
 .debug_ranges  0x000000c8       0x18 .\CortexM3\ARM_GCC_541\Debug\joystick.o
 .debug_ranges  0x000000e0       0x18 .\CortexM3\ARM_GCC_541\Debug\pwm.o
 .debug_ranges  0x000000f8       0x18 .\CortexM3\ARM_GCC_541\Debug\rte.o
 .debug_ranges  0x00000110       0x10 .\CortexM3\ARM_GCC_541\Debug\sc_brakelight_type.o
 .debug_ranges  0x00000120       0x10 .\CortexM3\ARM_GCC_541\Debug\sc_engine_type.o
 .debug_ranges  0x00000130       0x10 .\CortexM3\ARM_GCC_541\Debug\sc_joystick_type.o
 .debug_ranges  0x00000140       0x18 .\CortexM3\ARM_GCC_541\Debug\sp_common.o
 .debug_ranges  0x00000158       0x48 .\CortexM3\ARM_GCC_541\Debug\cyfitter_cfg.o
 .debug_ranges  0x000001a0       0x38 .\CortexM3\ARM_GCC_541\Debug\Cm3Start.o
 .debug_ranges  0x000001d8       0xc8 .\CortexM3\ARM_GCC_541\Debug\EGasPedal.a(CyDmac.o)
 .debug_ranges  0x000002a0      0x290 .\CortexM3\ARM_GCC_541\Debug\EGasPedal.a(CyLib.o)
 .debug_ranges  0x00000530       0x88 .\CortexM3\ARM_GCC_541\Debug\EGasPedal.a(cyPm.o)
 .debug_ranges  0x000005b8       0x40 .\CortexM3\ARM_GCC_541\Debug\EGasPedal.a(ErikaOS_1_ee_activate.o)
 .debug_ranges  0x000005f8       0x10 .\CortexM3\ARM_GCC_541\Debug\EGasPedal.a(ErikaOS_1_ee_alsetrel.o)
 .debug_ranges  0x00000608       0x78 .\CortexM3\ARM_GCC_541\Debug\EGasPedal.a(ErikaOS_1_ee_altick.o)
 .debug_ranges  0x00000680       0x28 .\CortexM3\ARM_GCC_541\Debug\EGasPedal.a(ErikaOS_1_ee_evclear.o)
 .debug_ranges  0x000006a8       0x10 .\CortexM3\ARM_GCC_541\Debug\EGasPedal.a(ErikaOS_1_ee_evget.o)
 .debug_ranges  0x000006b8       0x40 .\CortexM3\ARM_GCC_541\Debug\EGasPedal.a(ErikaOS_1_ee_evset.o)
 .debug_ranges  0x000006f8       0x10 .\CortexM3\ARM_GCC_541\Debug\EGasPedal.a(ErikaOS_1_ee_evwait.o)
 .debug_ranges  0x00000708       0x20 .\CortexM3\ARM_GCC_541\Debug\EGasPedal.a(ErikaOS_1_ee_irqendin.o)
 .debug_ranges  0x00000728       0x10 .\CortexM3\ARM_GCC_541\Debug\EGasPedal.a(ErikaOS_1_ee_rq_exchg.o)
 .debug_ranges  0x00000738       0x10 .\CortexM3\ARM_GCC_541\Debug\EGasPedal.a(ErikaOS_1_ee_rq_first.o)
 .debug_ranges  0x00000748       0x10 .\CortexM3\ARM_GCC_541\Debug\EGasPedal.a(ErikaOS_1_ee_rq_inser.o)
 .debug_ranges  0x00000758       0x30 .\CortexM3\ARM_GCC_541\Debug\EGasPedal.a(ErikaOS_1_ee_startos.o)
 .debug_ranges  0x00000788       0x10 .\CortexM3\ARM_GCC_541\Debug\EGasPedal.a(ErikaOS_1_ee_terminat.o)
 .debug_ranges  0x00000798       0x10 .\CortexM3\ARM_GCC_541\Debug\EGasPedal.a(ErikaOS_1_cortex_mx_ee_utils.o)
 .debug_ranges  0x000007a8       0x90 .\CortexM3\ARM_GCC_541\Debug\EGasPedal.a(Joystick_ADC.o)
 .debug_ranges  0x00000838       0x10 .\CortexM3\ARM_GCC_541\Debug\EGasPedal.a(Joystick_ADC_INT.o)
 .debug_ranges  0x00000848       0x98 .\CortexM3\ARM_GCC_541\Debug\EGasPedal.a(Joystick_ADC_SAR.o)
 .debug_ranges  0x000008e0       0x18 .\CortexM3\ARM_GCC_541\Debug\EGasPedal.a(Joystick_ADC_TempBuf_dma.o)
 .debug_ranges  0x000008f8       0x18 .\CortexM3\ARM_GCC_541\Debug\EGasPedal.a(Joystick_ADC_FinalBuf_dma.o)
 .debug_ranges  0x00000910       0x70 .\CortexM3\ARM_GCC_541\Debug\EGasPedal.a(Joystick_ADC_IRQ.o)
 .debug_ranges  0x00000980       0x70 .\CortexM3\ARM_GCC_541\Debug\EGasPedal.a(RGB_PWM_green.o)
 .debug_ranges  0x000009f0       0x28 .\CortexM3\ARM_GCC_541\Debug\EGasPedal.a(LED_red.o)
 .debug_ranges  0x00000a18       0xe0 .\CortexM3\ARM_GCC_541\Debug\EGasPedal.a(UART_LOG.o)
 .debug_ranges  0x00000af8       0x60 .\CortexM3\ARM_GCC_541\Debug\EGasPedal.a(UART_LOG_IntClock.o)
 .debug_ranges  0x00000b58       0x78 .\CortexM3\ARM_GCC_541\Debug\EGasPedal.a(CyFlash.o)
 .debug_ranges  0x00000bd0       0x70 .\CortexM3\ARM_GCC_541\Debug\EGasPedal.a(CySpc.o)
 .debug_ranges  0x00000c40       0x10 .\CortexM3\ARM_GCC_541\Debug\EGasPedal.a(ErikaOS_1_ee_tnterm.o)
 .debug_ranges  0x00000c50       0x10 .\CortexM3\ARM_GCC_541\Debug\EGasPedal.a(ErikaOS_1_ee_tstub.o)
 .debug_ranges  0x00000c60       0x18 .\CortexM3\ARM_GCC_541\Debug\EGasPedal.a(ErikaOS_1_cortex_mx_ee_context.o)
 .debug_ranges  0x00000c78       0x20 .\CortexM3\ARM_GCC_541\Debug\EGasPedal.a(ErikaOS_1_ee_thendin.o)

.comment        0x00000000       0x6e
 .comment       0x00000000       0x6e .\CortexM3\ARM_GCC_541\Debug\main.o